<?xml version="1.0" encoding="ISO-8859-1" ?>
<link_info>
   <banner>MSP430 Linker PC v21.6.1.LTS</banner>
   <copyright>Copyright (c) 2003-2018 Texas Instruments Incorporated</copyright>
   <link_time>0x64ff82e9</link_time>
   <link_errors>0x0</link_errors>
   <output_file>Final_SPI_Attempt.out</output_file>
   <entry_point>
      <name>_c_int00_noargs_mpu</name>
      <address>0x44e6</address>
   </entry_point>
   <input_file_list>
      <input_file id="fl-2">
         <path>.\</path>
         <kind>object</kind>
         <file>FR5969_CC1125.obj</file>
         <name>FR5969_CC1125.obj</name>
      </input_file>
      <input_file id="fl-3">
         <path>.\</path>
         <kind>object</kind>
         <file>HDC2021.obj</file>
         <name>HDC2021.obj</name>
      </input_file>
      <input_file id="fl-4">
         <path>.\</path>
         <kind>object</kind>
         <file>MSP430_I2C.obj</file>
         <name>MSP430_I2C.obj</name>
      </input_file>
      <input_file id="fl-5">
         <path>.\</path>
         <kind>object</kind>
         <file>Uart.obj</file>
         <name>Uart.obj</name>
      </input_file>
      <input_file id="fl-6">
         <path>.\</path>
         <kind>object</kind>
         <file>cc112x_spi.obj</file>
         <name>cc112x_spi.obj</name>
      </input_file>
      <input_file id="fl-7">
         <path>.\</path>
         <kind>object</kind>
         <file>cs.obj</file>
         <name>cs.obj</name>
      </input_file>
      <input_file id="fl-8">
         <path>.\</path>
         <kind>object</kind>
         <file>eusci_a_uart.obj</file>
         <name>eusci_a_uart.obj</name>
      </input_file>
      <input_file id="fl-9">
         <path>.\</path>
         <kind>object</kind>
         <file>gpio.obj</file>
         <name>gpio.obj</name>
      </input_file>
      <input_file id="fl-a">
         <path>.\</path>
         <kind>object</kind>
         <file>hal_spi_rf_trxeb.obj</file>
         <name>hal_spi_rf_trxeb.obj</name>
      </input_file>
      <input_file id="fl-b">
         <path>.\</path>
         <kind>object</kind>
         <file>main_tester.obj</file>
         <name>main_tester.obj</name>
      </input_file>
      <input_file id="fl-12">
         <kind>object</kind>
         <file>&lt;internal&gt;</file>
         <name>&lt;internal&gt;</name>
      </input_file>
      <input_file id="fl-32">
         <path>C:\ti\ccs1240\ccs\tools\compiler\ti-cgt-msp430_21.6.1.LTS\lib\</path>
         <kind>archive</kind>
         <file>rts430x_lc_rd_eabi.lib</file>
         <name>copy_decompress_lzss.c.obj</name>
      </input_file>
      <input_file id="fl-33">
         <path>C:\ti\ccs1240\ccs\tools\compiler\ti-cgt-msp430_21.6.1.LTS\lib\</path>
         <kind>archive</kind>
         <file>rts430x_lc_rd_eabi.lib</file>
         <name>copy_decompress_none.c.obj</name>
      </input_file>
      <input_file id="fl-34">
         <path>C:\ti\ccs1240\ccs\tools\compiler\ti-cgt-msp430_21.6.1.LTS\lib\</path>
         <kind>archive</kind>
         <file>rts430x_lc_rd_eabi.lib</file>
         <name>int30.asm.obj</name>
      </input_file>
      <input_file id="fl-35">
         <path>C:\ti\ccs1240\ccs\tools\compiler\ti-cgt-msp430_21.6.1.LTS\lib\</path>
         <kind>archive</kind>
         <file>rts430x_lc_rd_eabi.lib</file>
         <name>isr_trap.asm.obj</name>
      </input_file>
      <input_file id="fl-36">
         <path>C:\ti\ccs1240\ccs\tools\compiler\ti-cgt-msp430_21.6.1.LTS\lib\</path>
         <kind>archive</kind>
         <file>rts430x_lc_rd_eabi.lib</file>
         <name>int31.asm.obj</name>
      </input_file>
      <input_file id="fl-37">
         <path>C:\ti\ccs1240\ccs\tools\compiler\ti-cgt-msp430_21.6.1.LTS\lib\</path>
         <kind>archive</kind>
         <file>rts430x_lc_rd_eabi.lib</file>
         <name>int32.asm.obj</name>
      </input_file>
      <input_file id="fl-38">
         <path>C:\ti\ccs1240\ccs\tools\compiler\ti-cgt-msp430_21.6.1.LTS\lib\</path>
         <kind>archive</kind>
         <file>rts430x_lc_rd_eabi.lib</file>
         <name>int33.asm.obj</name>
      </input_file>
      <input_file id="fl-39">
         <path>C:\ti\ccs1240\ccs\tools\compiler\ti-cgt-msp430_21.6.1.LTS\lib\</path>
         <kind>archive</kind>
         <file>rts430x_lc_rd_eabi.lib</file>
         <name>int34.asm.obj</name>
      </input_file>
      <input_file id="fl-3a">
         <path>C:\ti\ccs1240\ccs\tools\compiler\ti-cgt-msp430_21.6.1.LTS\lib\</path>
         <kind>archive</kind>
         <file>rts430x_lc_rd_eabi.lib</file>
         <name>int35.asm.obj</name>
      </input_file>
      <input_file id="fl-3b">
         <path>C:\ti\ccs1240\ccs\tools\compiler\ti-cgt-msp430_21.6.1.LTS\lib\</path>
         <kind>archive</kind>
         <file>rts430x_lc_rd_eabi.lib</file>
         <name>int36.asm.obj</name>
      </input_file>
      <input_file id="fl-3c">
         <path>C:\ti\ccs1240\ccs\tools\compiler\ti-cgt-msp430_21.6.1.LTS\lib\</path>
         <kind>archive</kind>
         <file>rts430x_lc_rd_eabi.lib</file>
         <name>int37.asm.obj</name>
      </input_file>
      <input_file id="fl-3d">
         <path>C:\ti\ccs1240\ccs\tools\compiler\ti-cgt-msp430_21.6.1.LTS\lib\</path>
         <kind>archive</kind>
         <file>rts430x_lc_rd_eabi.lib</file>
         <name>int38.asm.obj</name>
      </input_file>
      <input_file id="fl-3e">
         <path>C:\ti\ccs1240\ccs\tools\compiler\ti-cgt-msp430_21.6.1.LTS\lib\</path>
         <kind>archive</kind>
         <file>rts430x_lc_rd_eabi.lib</file>
         <name>int39.asm.obj</name>
      </input_file>
      <input_file id="fl-3f">
         <path>C:\ti\ccs1240\ccs\tools\compiler\ti-cgt-msp430_21.6.1.LTS\lib\</path>
         <kind>archive</kind>
         <file>rts430x_lc_rd_eabi.lib</file>
         <name>int40.asm.obj</name>
      </input_file>
      <input_file id="fl-40">
         <path>C:\ti\ccs1240\ccs\tools\compiler\ti-cgt-msp430_21.6.1.LTS\lib\</path>
         <kind>archive</kind>
         <file>rts430x_lc_rd_eabi.lib</file>
         <name>int41.asm.obj</name>
      </input_file>
      <input_file id="fl-41">
         <path>C:\ti\ccs1240\ccs\tools\compiler\ti-cgt-msp430_21.6.1.LTS\lib\</path>
         <kind>archive</kind>
         <file>rts430x_lc_rd_eabi.lib</file>
         <name>int42.asm.obj</name>
      </input_file>
      <input_file id="fl-42">
         <path>C:\ti\ccs1240\ccs\tools\compiler\ti-cgt-msp430_21.6.1.LTS\lib\</path>
         <kind>archive</kind>
         <file>rts430x_lc_rd_eabi.lib</file>
         <name>int43.asm.obj</name>
      </input_file>
      <input_file id="fl-43">
         <path>C:\ti\ccs1240\ccs\tools\compiler\ti-cgt-msp430_21.6.1.LTS\lib\</path>
         <kind>archive</kind>
         <file>rts430x_lc_rd_eabi.lib</file>
         <name>int44.asm.obj</name>
      </input_file>
      <input_file id="fl-44">
         <path>C:\ti\ccs1240\ccs\tools\compiler\ti-cgt-msp430_21.6.1.LTS\lib\</path>
         <kind>archive</kind>
         <file>rts430x_lc_rd_eabi.lib</file>
         <name>int46.asm.obj</name>
      </input_file>
      <input_file id="fl-45">
         <path>C:\ti\ccs1240\ccs\tools\compiler\ti-cgt-msp430_21.6.1.LTS\lib\</path>
         <kind>archive</kind>
         <file>rts430x_lc_rd_eabi.lib</file>
         <name>int48.asm.obj</name>
      </input_file>
      <input_file id="fl-46">
         <path>C:\ti\ccs1240\ccs\tools\compiler\ti-cgt-msp430_21.6.1.LTS\lib\</path>
         <kind>archive</kind>
         <file>rts430x_lc_rd_eabi.lib</file>
         <name>int49.asm.obj</name>
      </input_file>
      <input_file id="fl-47">
         <path>C:\ti\ccs1240\ccs\tools\compiler\ti-cgt-msp430_21.6.1.LTS\lib\</path>
         <kind>archive</kind>
         <file>rts430x_lc_rd_eabi.lib</file>
         <name>int50.asm.obj</name>
      </input_file>
      <input_file id="fl-48">
         <path>C:\ti\ccs1240\ccs\tools\compiler\ti-cgt-msp430_21.6.1.LTS\lib\</path>
         <kind>archive</kind>
         <file>rts430x_lc_rd_eabi.lib</file>
         <name>int51.asm.obj</name>
      </input_file>
      <input_file id="fl-49">
         <path>C:\ti\ccs1240\ccs\tools\compiler\ti-cgt-msp430_21.6.1.LTS\lib\</path>
         <kind>archive</kind>
         <file>rts430x_lc_rd_eabi.lib</file>
         <name>int52.asm.obj</name>
      </input_file>
      <input_file id="fl-4a">
         <path>C:\ti\ccs1240\ccs\tools\compiler\ti-cgt-msp430_21.6.1.LTS\lib\</path>
         <kind>archive</kind>
         <file>rts430x_lc_rd_eabi.lib</file>
         <name>int53.asm.obj</name>
      </input_file>
      <input_file id="fl-4b">
         <path>C:\ti\ccs1240\ccs\tools\compiler\ti-cgt-msp430_21.6.1.LTS\lib\</path>
         <kind>archive</kind>
         <file>rts430x_lc_rd_eabi.lib</file>
         <name>int54.asm.obj</name>
      </input_file>
      <input_file id="fl-4c">
         <path>C:\ti\ccs1240\ccs\tools\compiler\ti-cgt-msp430_21.6.1.LTS\lib\</path>
         <kind>archive</kind>
         <file>rts430x_lc_rd_eabi.lib</file>
         <name>copy_zero_init.c.obj</name>
      </input_file>
      <input_file id="fl-4d">
         <path>C:\ti\ccs1240\ccs\tools\compiler\ti-cgt-msp430_21.6.1.LTS\lib\</path>
         <kind>archive</kind>
         <file>rts430x_lc_rd_eabi.lib</file>
         <name>div16s.asm.obj</name>
      </input_file>
      <input_file id="fl-4e">
         <path>C:\ti\ccs1240\ccs\tools\compiler\ti-cgt-msp430_21.6.1.LTS\lib\</path>
         <kind>archive</kind>
         <file>rts430x_lc_rd_eabi.lib</file>
         <name>div32s.asm.obj</name>
      </input_file>
      <input_file id="fl-4f">
         <path>C:\ti\ccs1240\ccs\tools\compiler\ti-cgt-msp430_21.6.1.LTS\lib\</path>
         <kind>archive</kind>
         <file>rts430x_lc_rd_eabi.lib</file>
         <name>div16u.asm.obj</name>
      </input_file>
      <input_file id="fl-50">
         <path>C:\ti\ccs1240\ccs\tools\compiler\ti-cgt-msp430_21.6.1.LTS\lib\</path>
         <kind>archive</kind>
         <file>rts430x_lc_rd_eabi.lib</file>
         <name>div32u.asm.obj</name>
      </input_file>
      <input_file id="fl-51">
         <path>C:\ti\ccs1240\ccs\tools\compiler\ti-cgt-msp430_21.6.1.LTS\lib\</path>
         <kind>archive</kind>
         <file>rts430x_lc_rd_eabi.lib</file>
         <name>fs_utof.asm.obj</name>
      </input_file>
      <input_file id="fl-52">
         <path>C:\ti\ccs1240\ccs\tools\compiler\ti-cgt-msp430_21.6.1.LTS\lib\</path>
         <kind>archive</kind>
         <file>rts430x_lc_rd_eabi.lib</file>
         <name>fs_mpy.asm.obj</name>
      </input_file>
      <input_file id="fl-53">
         <path>C:\ti\ccs1240\ccs\tools\compiler\ti-cgt-msp430_21.6.1.LTS\lib\</path>
         <kind>archive</kind>
         <file>rts430x_lc_rd_eabi.lib</file>
         <name>mult16_f5hw.asm.obj</name>
      </input_file>
      <input_file id="fl-54">
         <path>C:\ti\ccs1240\ccs\tools\compiler\ti-cgt-msp430_21.6.1.LTS\lib\</path>
         <kind>archive</kind>
         <file>rts430x_lc_rd_eabi.lib</file>
         <name>mult32_f5hw.asm.obj</name>
      </input_file>
      <input_file id="fl-55">
         <path>C:\ti\ccs1240\ccs\tools\compiler\ti-cgt-msp430_21.6.1.LTS\lib\</path>
         <kind>archive</kind>
         <file>rts430x_lc_rd_eabi.lib</file>
         <name>mult64_f5hw.asm.obj</name>
      </input_file>
      <input_file id="fl-56">
         <path>C:\ti\ccs1240\ccs\tools\compiler\ti-cgt-msp430_21.6.1.LTS\lib\</path>
         <kind>archive</kind>
         <file>rts430x_lc_rd_eabi.lib</file>
         <name>mult1632_f5hw.asm.obj</name>
      </input_file>
      <input_file id="fl-57">
         <path>C:\ti\ccs1240\ccs\tools\compiler\ti-cgt-msp430_21.6.1.LTS\lib\</path>
         <kind>archive</kind>
         <file>rts430x_lc_rd_eabi.lib</file>
         <name>mult3264_f5hw.asm.obj</name>
      </input_file>
      <input_file id="fl-58">
         <path>C:\ti\ccs1240\ccs\tools\compiler\ti-cgt-msp430_21.6.1.LTS\lib\</path>
         <kind>archive</kind>
         <file>rts430x_lc_rd_eabi.lib</file>
         <name>lsl32.asm.obj</name>
      </input_file>
      <input_file id="fl-59">
         <path>C:\ti\ccs1240\ccs\tools\compiler\ti-cgt-msp430_21.6.1.LTS\lib\</path>
         <kind>archive</kind>
         <file>rts430x_lc_rd_eabi.lib</file>
         <name>fs_add.asm.obj</name>
      </input_file>
      <input_file id="fl-5a">
         <path>C:\ti\ccs1240\ccs\tools\compiler\ti-cgt-msp430_21.6.1.LTS\lib\</path>
         <kind>archive</kind>
         <file>rts430x_lc_rd_eabi.lib</file>
         <name>boot.c.obj</name>
      </input_file>
      <input_file id="fl-5b">
         <path>C:\ti\ccs1240\ccs\ccs_base\msp430\lib\FR59xx\</path>
         <kind>archive</kind>
         <file>MSPMPU_INIT_LIB_CCS_msp430_large_code_restricted_data.lib</file>
         <name>mpu_init.o</name>
      </input_file>
      <input_file id="fl-5c">
         <path>C:\ti\ccs1240\ccs\tools\compiler\ti-cgt-msp430_21.6.1.LTS\lib\</path>
         <kind>archive</kind>
         <file>rts430x_lc_rd_eabi.lib</file>
         <name>args_main.c.obj</name>
      </input_file>
      <input_file id="fl-5d">
         <path>C:\ti\ccs1240\ccs\tools\compiler\ti-cgt-msp430_21.6.1.LTS\lib\</path>
         <kind>archive</kind>
         <file>rts430x_lc_rd_eabi.lib</file>
         <name>autoinit.c.obj</name>
      </input_file>
      <input_file id="fl-5e">
         <path>C:\ti\ccs1240\ccs\tools\compiler\ti-cgt-msp430_21.6.1.LTS\lib\</path>
         <kind>archive</kind>
         <file>rts430x_lc_rd_eabi.lib</file>
         <name>startup.c.obj</name>
      </input_file>
      <input_file id="fl-5f">
         <path>C:\ti\ccs1240\ccs\tools\compiler\ti-cgt-msp430_21.6.1.LTS\lib\</path>
         <kind>archive</kind>
         <file>rts430x_lc_rd_eabi.lib</file>
         <name>pre_init.c.obj</name>
      </input_file>
      <input_file id="fl-60">
         <path>C:\ti\ccs1240\ccs\tools\compiler\ti-cgt-msp430_21.6.1.LTS\lib\</path>
         <kind>archive</kind>
         <file>rts430x_lc_rd_eabi.lib</file>
         <name>cpy_tbl.c.obj</name>
      </input_file>
      <input_file id="fl-61">
         <path>C:\ti\ccs1240\ccs\tools\compiler\ti-cgt-msp430_21.6.1.LTS\lib\</path>
         <kind>archive</kind>
         <file>rts430x_lc_rd_eabi.lib</file>
         <name>mult16.asm.obj</name>
      </input_file>
      <input_file id="fl-62">
         <path>C:\ti\ccs1240\ccs\tools\compiler\ti-cgt-msp430_21.6.1.LTS\lib\</path>
         <kind>archive</kind>
         <file>rts430x_lc_rd_eabi.lib</file>
         <name>exit.c.obj</name>
      </input_file>
      <input_file id="fl-63">
         <path>C:\ti\ccs1240\ccs\tools\compiler\ti-cgt-msp430_21.6.1.LTS\lib\</path>
         <kind>archive</kind>
         <file>rts430x_lc_rd_eabi.lib</file>
         <name>exit_gvars.c.obj</name>
      </input_file>
      <input_file id="fl-64">
         <path>C:\ti\ccs1240\ccs\tools\compiler\ti-cgt-msp430_21.6.1.LTS\lib\</path>
         <kind>archive</kind>
         <file>rts430x_lc_rd_eabi.lib</file>
         <name>_lock.c.obj</name>
      </input_file>
      <input_file id="fl-65">
         <path>C:\ti\ccs1240\ccs\tools\compiler\ti-cgt-msp430_21.6.1.LTS\lib\</path>
         <kind>archive</kind>
         <file>rts430x_lc_rd_eabi.lib</file>
         <name>memcpy.c.obj</name>
      </input_file>
      <input_file id="fl-66">
         <path>C:\ti\ccs1240\ccs\tools\compiler\ti-cgt-msp430_21.6.1.LTS\lib\</path>
         <kind>archive</kind>
         <file>rts430x_lc_rd_eabi.lib</file>
         <name>memset.c.obj</name>
      </input_file>
      <input_file id="fl-67">
         <path>C:\ti\ccs1240\ccs\tools\compiler\ti-cgt-msp430_21.6.1.LTS\lib\</path>
         <kind>archive</kind>
         <file>rts430x_lc_rd_eabi.lib</file>
         <name>sprintf.c.obj</name>
      </input_file>
      <input_file id="fl-68">
         <path>C:\ti\ccs1240\ccs\tools\compiler\ti-cgt-msp430_21.6.1.LTS\lib\</path>
         <kind>archive</kind>
         <file>rts430x_lc_rd_eabi.lib</file>
         <name>_printfi.c.obj</name>
      </input_file>
      <input_file id="fl-69">
         <path>C:\ti\ccs1240\ccs\tools\compiler\ti-cgt-msp430_21.6.1.LTS\lib\</path>
         <kind>archive</kind>
         <file>rts430x_lc_rd_eabi.lib</file>
         <name>_ltoa.c.obj</name>
      </input_file>
      <input_file id="fl-6a">
         <path>C:\ti\ccs1240\ccs\tools\compiler\ti-cgt-msp430_21.6.1.LTS\lib\</path>
         <kind>archive</kind>
         <file>rts430x_lc_rd_eabi.lib</file>
         <name>cmpd.c.obj</name>
      </input_file>
      <input_file id="fl-6b">
         <path>C:\ti\ccs1240\ccs\tools\compiler\ti-cgt-msp430_21.6.1.LTS\lib\</path>
         <kind>archive</kind>
         <file>rts430x_lc_rd_eabi.lib</file>
         <name>divd.c.obj</name>
      </input_file>
      <input_file id="fl-6c">
         <path>C:\ti\ccs1240\ccs\tools\compiler\ti-cgt-msp430_21.6.1.LTS\lib\</path>
         <kind>archive</kind>
         <file>rts430x_lc_rd_eabi.lib</file>
         <name>frcdivd.c.obj</name>
      </input_file>
      <input_file id="fl-6d">
         <path>C:\ti\ccs1240\ccs\tools\compiler\ti-cgt-msp430_21.6.1.LTS\lib\</path>
         <kind>archive</kind>
         <file>rts430x_lc_rd_eabi.lib</file>
         <name>div64u.c.obj</name>
      </input_file>
      <input_file id="fl-6e">
         <path>C:\ti\ccs1240\ccs\tools\compiler\ti-cgt-msp430_21.6.1.LTS\lib\</path>
         <kind>archive</kind>
         <file>rts430x_lc_rd_eabi.lib</file>
         <name>fixdi.c.obj</name>
      </input_file>
      <input_file id="fl-6f">
         <path>C:\ti\ccs1240\ccs\tools\compiler\ti-cgt-msp430_21.6.1.LTS\lib\</path>
         <kind>archive</kind>
         <file>rts430x_lc_rd_eabi.lib</file>
         <name>fixdli.c.obj</name>
      </input_file>
      <input_file id="fl-70">
         <path>C:\ti\ccs1240\ccs\tools\compiler\ti-cgt-msp430_21.6.1.LTS\lib\</path>
         <kind>archive</kind>
         <file>rts430x_lc_rd_eabi.lib</file>
         <name>fltid.c.obj</name>
      </input_file>
      <input_file id="fl-71">
         <path>C:\ti\ccs1240\ccs\tools\compiler\ti-cgt-msp430_21.6.1.LTS\lib\</path>
         <kind>archive</kind>
         <file>rts430x_lc_rd_eabi.lib</file>
         <name>fltlid.c.obj</name>
      </input_file>
      <input_file id="fl-72">
         <path>C:\ti\ccs1240\ccs\tools\compiler\ti-cgt-msp430_21.6.1.LTS\lib\</path>
         <kind>archive</kind>
         <file>rts430x_lc_rd_eabi.lib</file>
         <name>mpyd.c.obj</name>
      </input_file>
      <input_file id="fl-73">
         <path>C:\ti\ccs1240\ccs\tools\compiler\ti-cgt-msp430_21.6.1.LTS\lib\</path>
         <kind>archive</kind>
         <file>rts430x_lc_rd_eabi.lib</file>
         <name>frcmpyd.c.obj</name>
      </input_file>
      <input_file id="fl-74">
         <path>C:\ti\ccs1240\ccs\tools\compiler\ti-cgt-msp430_21.6.1.LTS\lib\</path>
         <kind>archive</kind>
         <file>rts430x_lc_rd_eabi.lib</file>
         <name>mult32.asm.obj</name>
      </input_file>
      <input_file id="fl-75">
         <path>C:\ti\ccs1240\ccs\tools\compiler\ti-cgt-msp430_21.6.1.LTS\lib\</path>
         <kind>archive</kind>
         <file>rts430x_lc_rd_eabi.lib</file>
         <name>mult64.asm.obj</name>
      </input_file>
      <input_file id="fl-76">
         <path>C:\ti\ccs1240\ccs\tools\compiler\ti-cgt-msp430_21.6.1.LTS\lib\</path>
         <kind>archive</kind>
         <file>rts430x_lc_rd_eabi.lib</file>
         <name>mult1632.asm.obj</name>
      </input_file>
      <input_file id="fl-77">
         <path>C:\ti\ccs1240\ccs\tools\compiler\ti-cgt-msp430_21.6.1.LTS\lib\</path>
         <kind>archive</kind>
         <file>rts430x_lc_rd_eabi.lib</file>
         <name>mult3264.asm.obj</name>
      </input_file>
      <input_file id="fl-78">
         <path>C:\ti\ccs1240\ccs\tools\compiler\ti-cgt-msp430_21.6.1.LTS\lib\</path>
         <kind>archive</kind>
         <file>rts430x_lc_rd_eabi.lib</file>
         <name>negd.c.obj</name>
      </input_file>
      <input_file id="fl-79">
         <path>C:\ti\ccs1240\ccs\tools\compiler\ti-cgt-msp430_21.6.1.LTS\lib\</path>
         <kind>archive</kind>
         <file>rts430x_lc_rd_eabi.lib</file>
         <name>lsl64.c.obj</name>
      </input_file>
      <input_file id="fl-7a">
         <path>C:\ti\ccs1240\ccs\tools\compiler\ti-cgt-msp430_21.6.1.LTS\lib\</path>
         <kind>archive</kind>
         <file>rts430x_lc_rd_eabi.lib</file>
         <name>asr32.asm.obj</name>
      </input_file>
      <input_file id="fl-7b">
         <path>C:\ti\ccs1240\ccs\tools\compiler\ti-cgt-msp430_21.6.1.LTS\lib\</path>
         <kind>archive</kind>
         <file>rts430x_lc_rd_eabi.lib</file>
         <name>lsr32.asm.obj</name>
      </input_file>
      <input_file id="fl-7c">
         <path>C:\ti\ccs1240\ccs\tools\compiler\ti-cgt-msp430_21.6.1.LTS\lib\</path>
         <kind>archive</kind>
         <file>rts430x_lc_rd_eabi.lib</file>
         <name>lsr64.c.obj</name>
      </input_file>
      <input_file id="fl-7d">
         <path>C:\ti\ccs1240\ccs\tools\compiler\ti-cgt-msp430_21.6.1.LTS\lib\</path>
         <kind>archive</kind>
         <file>rts430x_lc_rd_eabi.lib</file>
         <name>subd.c.obj</name>
      </input_file>
      <input_file id="fl-7e">
         <path>C:\ti\ccs1240\ccs\tools\compiler\ti-cgt-msp430_21.6.1.LTS\lib\</path>
         <kind>archive</kind>
         <file>rts430x_lc_rd_eabi.lib</file>
         <name>addd.c.obj</name>
      </input_file>
      <input_file id="fl-7f">
         <path>C:\ti\ccs1240\ccs\tools\compiler\ti-cgt-msp430_21.6.1.LTS\lib\</path>
         <kind>archive</kind>
         <file>rts430x_lc_rd_eabi.lib</file>
         <name>asr64.c.obj</name>
      </input_file>
      <input_file id="fl-80">
         <path>C:\ti\ccs1240\ccs\tools\compiler\ti-cgt-msp430_21.6.1.LTS\lib\</path>
         <kind>archive</kind>
         <file>rts430x_lc_rd_eabi.lib</file>
         <name>abs.c.obj</name>
      </input_file>
      <input_file id="fl-81">
         <path>C:\ti\ccs1240\ccs\tools\compiler\ti-cgt-msp430_21.6.1.LTS\lib\</path>
         <kind>archive</kind>
         <file>rts430x_lc_rd_eabi.lib</file>
         <name>atoi.c.obj</name>
      </input_file>
      <input_file id="fl-82">
         <path>C:\ti\ccs1240\ccs\tools\compiler\ti-cgt-msp430_21.6.1.LTS\lib\</path>
         <kind>archive</kind>
         <file>rts430x_lc_rd_eabi.lib</file>
         <name>ctype.c.obj</name>
      </input_file>
      <input_file id="fl-83">
         <path>C:\ti\ccs1240\ccs\tools\compiler\ti-cgt-msp430_21.6.1.LTS\lib\</path>
         <kind>archive</kind>
         <file>rts430x_lc_rd_eabi.lib</file>
         <name>errno.c.obj</name>
      </input_file>
      <input_file id="fl-84">
         <path>C:\ti\ccs1240\ccs\tools\compiler\ti-cgt-msp430_21.6.1.LTS\lib\</path>
         <kind>archive</kind>
         <file>rts430x_lc_rd_eabi.lib</file>
         <name>s_frexp.c.obj</name>
      </input_file>
      <input_file id="fl-85">
         <path>C:\ti\ccs1240\ccs\tools\compiler\ti-cgt-msp430_21.6.1.LTS\lib\</path>
         <kind>archive</kind>
         <file>rts430x_lc_rd_eabi.lib</file>
         <name>s_scalbn.c.obj</name>
      </input_file>
      <input_file id="fl-86">
         <path>C:\ti\ccs1240\ccs\tools\compiler\ti-cgt-msp430_21.6.1.LTS\lib\</path>
         <kind>archive</kind>
         <file>rts430x_lc_rd_eabi.lib</file>
         <name>s_copysign.c.obj</name>
      </input_file>
      <input_file id="fl-87">
         <path>C:\ti\ccs1240\ccs\tools\compiler\ti-cgt-msp430_21.6.1.LTS\lib\</path>
         <kind>archive</kind>
         <file>rts430x_lc_rd_eabi.lib</file>
         <name>memccpy.c.obj</name>
      </input_file>
      <input_file id="fl-88">
         <path>C:\ti\ccs1240\ccs\tools\compiler\ti-cgt-msp430_21.6.1.LTS\lib\</path>
         <kind>archive</kind>
         <file>rts430x_lc_rd_eabi.lib</file>
         <name>strchr.c.obj</name>
      </input_file>
      <input_file id="fl-89">
         <path>C:\ti\ccs1240\ccs\tools\compiler\ti-cgt-msp430_21.6.1.LTS\lib\</path>
         <kind>archive</kind>
         <file>rts430x_lc_rd_eabi.lib</file>
         <name>strlen.c.obj</name>
      </input_file>
      <input_file id="fl-8a">
         <path>C:\ti\ccs1240\ccs\tools\compiler\ti-cgt-msp430_21.6.1.LTS\lib\</path>
         <kind>archive</kind>
         <file>rts430x_lc_rd_eabi.lib</file>
         <name>toupper.c.obj</name>
      </input_file>
      <input_file id="fl-8b">
         <path>C:\ti\ccs1240\ccs\tools\compiler\ti-cgt-msp430_21.6.1.LTS\lib\</path>
         <kind>archive</kind>
         <file>rts430x_lc_rd_eabi.lib</file>
         <name>wcslen.c.obj</name>
      </input_file>
   </input_file_list>
   <object_component_list>
      <object_component id="oc-98b">
         <name>.cinit..data.load</name>
         <load_address>0x5c46</load_address>
         <run_address>0x5c46</run_address>
         <size>0x9</size>
      </object_component>
      <object_component id="oc-989">
         <name>__TI_handler_table</name>
         <load_address>0x5c50</load_address>
         <run_address>0x5c50</run_address>
         <size>0x8</size>
      </object_component>
      <object_component id="oc-98a">
         <name>__TI_cinit_table</name>
         <load_address>0x5c58</load_address>
         <run_address>0x5c58</run_address>
         <size>0x8</size>
      </object_component>
      <object_component id="oc-918">
         <name>.binit</name>
         <load_address>0x4400</load_address>
         <run_address>0x4400</run_address>
         <size>0x0</size>
      </object_component>
      <object_component id="oc-58b">
         <name>.const:.string</name>
         <load_address>0x55d6</load_address>
         <run_address>0x55d6</run_address>
         <size>0x2c8</size>
         <input_file_ref idref="fl-2"/>
      </object_component>
      <object_component id="oc-789">
         <name>.const:.string:_ctypes_</name>
         <load_address>0x589e</load_address>
         <run_address>0x589e</run_address>
         <size>0x101</size>
         <input_file_ref idref="fl-82"/>
      </object_component>
      <object_component id="oc-5b3">
         <name>.const:ETSI_CAT1_869_S1_Rx</name>
         <load_address>0x59a0</load_address>
         <run_address>0x59a0</run_address>
         <size>0xdc</size>
         <input_file_ref idref="fl-2"/>
      </object_component>
      <object_component id="oc-5b0">
         <name>.const:ETSI_CAT1_869_S1_Tx</name>
         <load_address>0x5a7c</load_address>
         <run_address>0x5a7c</run_address>
         <size>0xcc</size>
         <input_file_ref idref="fl-2"/>
      </object_component>
      <object_component id="oc-5a1">
         <name>.const:ETSI_CAT1_869_S1_PacketTxRx</name>
         <load_address>0x5b48</load_address>
         <run_address>0x5b48</run_address>
         <size>0xbc</size>
         <input_file_ref idref="fl-2"/>
      </object_component>
      <object_component id="oc-738">
         <name>.const:.string</name>
         <load_address>0x5c04</load_address>
         <run_address>0x5c04</run_address>
         <size>0x26</size>
         <input_file_ref idref="fl-68"/>
      </object_component>
      <object_component id="oc-629">
         <name>.const:GPIO_PORT_TO_BASE</name>
         <load_address>0x5c2a</load_address>
         <run_address>0x5c2a</run_address>
         <size>0x1c</size>
         <input_file_ref idref="fl-9"/>
      </object_component>
      <object_component id="oc-3d8">
         <name>.text:_isr:USCI_B0_ISR</name>
         <load_address>0x4400</load_address>
         <run_address>0x4400</run_address>
         <size>0xe6</size>
         <input_file_ref idref="fl-4"/>
      </object_component>
      <object_component id="oc-408">
         <name>.text:_isr:_c_int00_noargs_mpu</name>
         <load_address>0x44e6</load_address>
         <run_address>0x44e6</run_address>
         <size>0x20</size>
         <input_file_ref idref="fl-5a"/>
      </object_component>
      <object_component id="oc-3d2">
         <name>.text:_isr:Timer_A</name>
         <load_address>0x4506</load_address>
         <run_address>0x4506</run_address>
         <size>0x8</size>
         <input_file_ref idref="fl-b"/>
      </object_component>
      <object_component id="oc-3cd">
         <name>.text:_isr:__TI_ISR_TRAP</name>
         <load_address>0x450e</load_address>
         <run_address>0x450e</run_address>
         <size>0x8</size>
         <input_file_ref idref="fl-35"/>
      </object_component>
      <object_component id="oc-80e">
         <name>.text:_ecpy</name>
         <load_address>0x4516</load_address>
         <run_address>0x4516</run_address>
         <size>0x90</size>
         <input_file_ref idref="fl-68"/>
      </object_component>
      <object_component id="oc-814">
         <name>.text:_mcpy</name>
         <load_address>0x45a6</load_address>
         <run_address>0x45a6</run_address>
         <size>0x90</size>
         <input_file_ref idref="fl-68"/>
      </object_component>
      <object_component id="oc-866">
         <name>.text:__TI_ltoa</name>
         <load_address>0x4636</load_address>
         <run_address>0x4636</run_address>
         <size>0x80</size>
         <input_file_ref idref="fl-69"/>
      </object_component>
      <object_component id="oc-676">
         <name>.text:trxReadWriteBurstSingle</name>
         <load_address>0x46b6</load_address>
         <run_address>0x46b6</run_address>
         <size>0x80</size>
         <input_file_ref idref="fl-a"/>
      </object_component>
      <object_component id="oc-7c3">
         <name>.text:_pconv_f</name>
         <load_address>0x4736</load_address>
         <run_address>0x4736</run_address>
         <size>0x78</size>
         <input_file_ref idref="fl-68"/>
      </object_component>
      <object_component id="oc-4d0">
         <name>.text:Sensor_SetHumidityResolution</name>
         <load_address>0x47ae</load_address>
         <run_address>0x47ae</run_address>
         <size>0x76</size>
         <input_file_ref idref="fl-3"/>
      </object_component>
      <object_component id="oc-4ca">
         <name>.text:Sensor_SetTempResolution</name>
         <load_address>0x4824</load_address>
         <run_address>0x4824</run_address>
         <size>0x76</size>
         <input_file_ref idref="fl-3"/>
      </object_component>
      <object_component id="oc-76">
         <name>.text:decompress:lzss:__TI_decompress_lzss</name>
         <load_address>0x489a</load_address>
         <run_address>0x489a</run_address>
         <size>0x76</size>
         <input_file_ref idref="fl-32"/>
      </object_component>
      <object_component id="oc-547">
         <name>.text:GPIO_setAsPeripheralModuleFunctionInputPin</name>
         <load_address>0x4910</load_address>
         <run_address>0x4910</run_address>
         <size>0x72</size>
         <input_file_ref idref="fl-9"/>
      </object_component>
      <object_component id="oc-4be">
         <name>.text:Sensor_SetMeasurementMode</name>
         <load_address>0x4982</load_address>
         <run_address>0x4982</run_address>
         <size>0x72</size>
         <input_file_ref idref="fl-3"/>
      </object_component>
      <object_component id="oc-559">
         <name>.text:CS_initClockSignal</name>
         <load_address>0x49f4</load_address>
         <run_address>0x49f4</run_address>
         <size>0x6a</size>
         <input_file_ref idref="fl-7"/>
      </object_component>
      <object_component id="oc-860">
         <name>.text:__mspabi_fixdli</name>
         <load_address>0x4a5e</load_address>
         <run_address>0x4a5e</run_address>
         <size>0x66</size>
         <input_file_ref idref="fl-6f"/>
      </object_component>
      <object_component id="oc-753">
         <name>.text:atoi</name>
         <load_address>0x4ac4</load_address>
         <run_address>0x4ac4</run_address>
         <size>0x62</size>
         <input_file_ref idref="fl-81"/>
      </object_component>
      <object_component id="oc-8cf">
         <name>.text:__mpyll</name>
         <load_address>0x4b26</load_address>
         <run_address>0x4b26</run_address>
         <size>0x5c</size>
         <input_file_ref idref="fl-55"/>
      </object_component>
      <object_component id="oc-4e2">
         <name>.text:Sensor_ReadRawHumidity</name>
         <load_address>0x4b82</load_address>
         <run_address>0x4b82</run_address>
         <size>0x58</size>
         <input_file_ref idref="fl-3"/>
      </object_component>
      <object_component id="oc-7f0">
         <name>.text</name>
         <load_address>0x4bda</load_address>
         <run_address>0x4bda</run_address>
         <size>0x58</size>
         <input_file_ref idref="fl-50"/>
      </object_component>
      <object_component id="oc-4dc">
         <name>.text:Sensor_ReadRawTemp</name>
         <load_address>0x4c32</load_address>
         <run_address>0x4c32</run_address>
         <size>0x56</size>
         <input_file_ref idref="fl-3"/>
      </object_component>
      <object_component id="oc-522">
         <name>.text:__TI_auto_init_nobinit_nopinit_hold_wdt:__TI_auto_init_nobinit_nopinit_hold_wdt</name>
         <load_address>0x4c88</load_address>
         <run_address>0x4c88</run_address>
         <size>0x54</size>
         <input_file_ref idref="fl-5d"/>
      </object_component>
      <object_component id="oc-65c">
         <name>.text:trx16BitRegAccess</name>
         <load_address>0x4cdc</load_address>
         <run_address>0x4cdc</run_address>
         <size>0x52</size>
         <input_file_ref idref="fl-a"/>
      </object_component>
      <object_component id="oc-5c9">
         <name>.text:I2C_Controller_WriteReg</name>
         <load_address>0x4d2e</load_address>
         <run_address>0x4d2e</run_address>
         <size>0x50</size>
         <input_file_ref idref="fl-4"/>
      </object_component>
      <object_component id="oc-821">
         <name>.text:_fcpy</name>
         <load_address>0x4d7e</load_address>
         <run_address>0x4d7e</run_address>
         <size>0x4e</size>
         <input_file_ref idref="fl-68"/>
      </object_component>
      <object_component id="oc-5a4">
         <name>.text:cc112xSpiReadReg</name>
         <load_address>0x4dcc</load_address>
         <run_address>0x4dcc</run_address>
         <size>0x4c</size>
         <input_file_ref idref="fl-6"/>
      </object_component>
      <object_component id="oc-5aa">
         <name>.text:cc112xSpiWriteReg</name>
         <load_address>0x4e18</load_address>
         <run_address>0x4e18</run_address>
         <size>0x4c</size>
         <input_file_ref idref="fl-6"/>
      </object_component>
      <object_component id="oc-4a0">
         <name>.text:trxRfSpiInterfaceInit</name>
         <load_address>0x4e64</load_address>
         <run_address>0x4e64</run_address>
         <size>0x48</size>
         <input_file_ref idref="fl-a"/>
      </object_component>
      <object_component id="oc-595">
         <name>.text:sprintf</name>
         <load_address>0x4eac</load_address>
         <run_address>0x4eac</run_address>
         <size>0x44</size>
         <input_file_ref idref="fl-67"/>
      </object_component>
      <object_component id="oc-5bd">
         <name>.text:I2C_Controller_ReadReg</name>
         <load_address>0x4ef0</load_address>
         <run_address>0x4ef0</run_address>
         <size>0x40</size>
         <input_file_ref idref="fl-4"/>
      </object_component>
      <object_component id="oc-902">
         <name>.text:__mspabi_srall</name>
         <load_address>0x4f30</load_address>
         <run_address>0x4f30</run_address>
         <size>0x40</size>
         <input_file_ref idref="fl-7f"/>
      </object_component>
      <object_component id="oc-8b8">
         <name>.text</name>
         <load_address>0x4f70</load_address>
         <run_address>0x4f70</run_address>
         <size>0x40</size>
         <input_file_ref idref="fl-4e"/>
      </object_component>
      <object_component id="oc-5e1">
         <name>.text:trx8BitRegAccess</name>
         <load_address>0x4fb0</load_address>
         <run_address>0x4fb0</run_address>
         <size>0x40</size>
         <input_file_ref idref="fl-a"/>
      </object_component>
      <object_component id="oc-8e1">
         <name>.text:l_asr_const</name>
         <load_address>0x4ff0</load_address>
         <run_address>0x4ff0</run_address>
         <size>0x3e</size>
         <input_file_ref idref="fl-7a"/>
      </object_component>
      <object_component id="oc-5db">
         <name>.text:l_lsl_const</name>
         <load_address>0x502e</load_address>
         <run_address>0x502e</run_address>
         <size>0x3e</size>
         <input_file_ref idref="fl-58"/>
      </object_component>
      <object_component id="oc-8bf">
         <name>.text:l_lsr_const</name>
         <load_address>0x506c</load_address>
         <run_address>0x506c</run_address>
         <size>0x3e</size>
         <input_file_ref idref="fl-7b"/>
      </object_component>
      <object_component id="oc-4b8">
         <name>.text:Sensor_Reset</name>
         <load_address>0x50aa</load_address>
         <run_address>0x50aa</run_address>
         <size>0x3c</size>
         <input_file_ref idref="fl-3"/>
      </object_component>
      <object_component id="oc-55f">
         <name>.text:CS_turnOnLFXT</name>
         <load_address>0x50e6</load_address>
         <run_address>0x50e6</run_address>
         <size>0x3a</size>
         <input_file_ref idref="fl-7"/>
      </object_component>
      <object_component id="oc-4d6">
         <name>.text:Sensor_TriggerMeasurement</name>
         <load_address>0x5120</load_address>
         <run_address>0x5120</run_address>
         <size>0x3a</size>
         <input_file_ref idref="fl-3"/>
      </object_component>
      <object_component id="oc-84f">
         <name>.text:__mspabi_sllll</name>
         <load_address>0x515a</load_address>
         <run_address>0x515a</run_address>
         <size>0x3a</size>
         <input_file_ref idref="fl-79"/>
      </object_component>
      <object_component id="oc-7f5">
         <name>.text:__mspabi_srlll</name>
         <load_address>0x5194</load_address>
         <run_address>0x5194</run_address>
         <size>0x3a</size>
         <input_file_ref idref="fl-7c"/>
      </object_component>
      <object_component id="oc-872">
         <name>.text:__mspabi_subd</name>
         <load_address>0x51ce</load_address>
         <run_address>0x51ce</run_address>
         <size>0x32</size>
         <input_file_ref idref="fl-7d"/>
      </object_component>
      <object_component id="oc-4eb">
         <name>.text:createPacket</name>
         <load_address>0x5200</load_address>
         <run_address>0x5200</run_address>
         <size>0x32</size>
         <input_file_ref idref="fl-2"/>
      </object_component>
      <object_component id="oc-7b7">
         <name>.text:__mspabi_negd</name>
         <load_address>0x5232</load_address>
         <run_address>0x5232</run_address>
         <size>0x2e</size>
         <input_file_ref idref="fl-78"/>
      </object_component>
      <object_component id="oc-8f1">
         <name>.text:copysign</name>
         <load_address>0x5260</load_address>
         <run_address>0x5260</run_address>
         <size>0x2e</size>
         <input_file_ref idref="fl-86"/>
      </object_component>
      <object_component id="oc-8d4">
         <name>.text:__mpyull</name>
         <load_address>0x528e</load_address>
         <run_address>0x528e</run_address>
         <size>0x2c</size>
         <input_file_ref idref="fl-57"/>
      </object_component>
      <object_component id="oc-58c">
         <name>.text:putstring</name>
         <load_address>0x52ba</load_address>
         <run_address>0x52ba</run_address>
         <size>0x2c</size>
         <input_file_ref idref="fl-5"/>
      </object_component>
      <object_component id="oc-4f7">
         <name>.text:trxSpiCmdStrobe</name>
         <load_address>0x52e6</load_address>
         <run_address>0x52e6</run_address>
         <size>0x2c</size>
         <input_file_ref idref="fl-a"/>
      </object_component>
      <object_component id="oc-878">
         <name>.text:__mspabi_fixdi</name>
         <load_address>0x5312</load_address>
         <run_address>0x5312</run_address>
         <size>0x28</size>
         <input_file_ref idref="fl-6e"/>
      </object_component>
      <object_component id="oc-49a">
         <name>.text:initI2C</name>
         <load_address>0x533a</load_address>
         <run_address>0x533a</run_address>
         <size>0x28</size>
         <input_file_ref idref="fl-4"/>
      </object_component>
      <object_component id="oc-73f">
         <name>.text:memccpy</name>
         <load_address>0x5362</load_address>
         <run_address>0x5362</run_address>
         <size>0x26</size>
         <input_file_ref idref="fl-87"/>
      </object_component>
      <object_component id="oc-8dc">
         <name>.text</name>
         <load_address>0x5388</load_address>
         <run_address>0x5388</run_address>
         <size>0x24</size>
         <input_file_ref idref="fl-54"/>
      </object_component>
      <object_component id="oc-577">
         <name>.text:EUSCI_A_UART_enableInterrupt</name>
         <load_address>0x53ac</load_address>
         <run_address>0x53ac</run_address>
         <size>0x22</size>
         <input_file_ref idref="fl-8"/>
      </object_component>
      <object_component id="oc-6b6">
         <name>.text:EUSCI_A_UART_transmitData</name>
         <load_address>0x53ce</load_address>
         <run_address>0x53ce</run_address>
         <size>0x22</size>
         <input_file_ref idref="fl-8"/>
      </object_component>
      <object_component id="oc-488">
         <name>.text:initClockTo16MHz</name>
         <load_address>0x53f0</load_address>
         <run_address>0x53f0</run_address>
         <size>0x22</size>
         <input_file_ref idref="fl-4"/>
      </object_component>
      <object_component id="oc-649">
         <name>.text:_outs</name>
         <load_address>0x5412</load_address>
         <run_address>0x5412</run_address>
         <size>0x20</size>
         <input_file_ref idref="fl-67"/>
      </object_component>
      <object_component id="oc-4a6">
         <name>.text:initTimer</name>
         <load_address>0x5432</load_address>
         <run_address>0x5432</run_address>
         <size>0x1c</size>
         <input_file_ref idref="fl-b"/>
      </object_component>
      <object_component id="oc-8a6">
         <name>.text:strchr</name>
         <load_address>0x544e</load_address>
         <run_address>0x544e</run_address>
         <size>0x1c</size>
         <input_file_ref idref="fl-88"/>
      </object_component>
      <object_component id="oc-5c3">
         <name>.text:CopyRxArray</name>
         <load_address>0x546a</load_address>
         <run_address>0x546a</run_address>
         <size>0x18</size>
         <input_file_ref idref="fl-4"/>
      </object_component>
      <object_component id="oc-48e">
         <name>.text:initGPIO</name>
         <load_address>0x5482</load_address>
         <run_address>0x5482</run_address>
         <size>0x18</size>
         <input_file_ref idref="fl-4"/>
      </object_component>
      <object_component id="oc-6a1">
         <name>.text</name>
         <load_address>0x549a</load_address>
         <run_address>0x549a</run_address>
         <size>0x18</size>
         <input_file_ref idref="fl-53"/>
      </object_component>
      <object_component id="oc-66a">
         <name>.text:CopyTxArray</name>
         <load_address>0x54b2</load_address>
         <run_address>0x54b2</run_address>
         <size>0x16</size>
         <input_file_ref idref="fl-4"/>
      </object_component>
      <object_component id="oc-59b">
         <name>.text:memset</name>
         <load_address>0x54c8</load_address>
         <run_address>0x54c8</run_address>
         <size>0x16</size>
         <input_file_ref idref="fl-66"/>
      </object_component>
      <object_component id="oc-77c">
         <name>.text</name>
         <load_address>0x54de</load_address>
         <run_address>0x54de</run_address>
         <size>0x16</size>
         <input_file_ref idref="fl-4f"/>
      </object_component>
      <object_component id="oc-762">
         <name>.text:wcslen</name>
         <load_address>0x54f4</load_address>
         <run_address>0x54f4</run_address>
         <size>0x16</size>
         <input_file_ref idref="fl-8b"/>
      </object_component>
      <object_component id="oc-64f">
         <name>.text:_outc</name>
         <load_address>0x550a</load_address>
         <run_address>0x550a</run_address>
         <size>0x14</size>
         <input_file_ref idref="fl-67"/>
      </object_component>
      <object_component id="oc-3c0">
         <name>.text:memcpy</name>
         <load_address>0x551e</load_address>
         <run_address>0x551e</run_address>
         <size>0x14</size>
         <input_file_ref idref="fl-65"/>
      </object_component>
      <object_component id="oc-553">
         <name>.text:CS_setExternalClockSource</name>
         <load_address>0x5532</load_address>
         <run_address>0x5532</run_address>
         <size>0x12</size>
         <input_file_ref idref="fl-7"/>
      </object_component>
      <object_component id="oc-7c">
         <name>.text:decompress:none:__TI_decompress_none</name>
         <load_address>0x5544</load_address>
         <run_address>0x5544</run_address>
         <size>0x12</size>
         <input_file_ref idref="fl-33"/>
      </object_component>
      <object_component id="oc-7b1">
         <name>.text:toupper</name>
         <load_address>0x5556</load_address>
         <run_address>0x5556</run_address>
         <size>0x12</size>
         <input_file_ref idref="fl-8a"/>
      </object_component>
      <object_component id="oc-4f1">
         <name>.text:cc112xSpiWriteTxFifo</name>
         <load_address>0x5568</load_address>
         <run_address>0x5568</run_address>
         <size>0x10</size>
         <input_file_ref idref="fl-6"/>
      </object_component>
      <object_component id="oc-855">
         <name>.text:l_lsr</name>
         <load_address>0x5578</load_address>
         <run_address>0x5578</run_address>
         <size>0x10</size>
         <input_file_ref idref="fl-7b"/>
      </object_component>
      <object_component id="oc-639">
         <name>.text:strlen</name>
         <load_address>0x5588</load_address>
         <run_address>0x5588</run_address>
         <size>0xe</size>
         <input_file_ref idref="fl-89"/>
      </object_component>
      <object_component id="oc-571">
         <name>.text:EUSCI_A_UART_clearInterrupt</name>
         <load_address>0x5596</load_address>
         <run_address>0x5596</run_address>
         <size>0xc</size>
         <input_file_ref idref="fl-8"/>
      </object_component>
      <object_component id="oc-8ac">
         <name>.text:__mspabi_fltid</name>
         <load_address>0x55a2</load_address>
         <run_address>0x55a2</run_address>
         <size>0xc</size>
         <input_file_ref idref="fl-70"/>
      </object_component>
      <object_component id="oc-63f">
         <name>.text:putcha</name>
         <load_address>0x55ae</load_address>
         <run_address>0x55ae</run_address>
         <size>0xc</size>
         <input_file_ref idref="fl-5"/>
      </object_component>
      <object_component id="oc-87f">
         <name>.text:abs</name>
         <load_address>0x55ba</load_address>
         <run_address>0x55ba</run_address>
         <size>0xa</size>
         <input_file_ref idref="fl-80"/>
      </object_component>
      <object_component id="oc-56b">
         <name>.text:EUSCI_A_UART_enable</name>
         <load_address>0x55c4</load_address>
         <run_address>0x55c4</run_address>
         <size>0x6</size>
         <input_file_ref idref="fl-8"/>
      </object_component>
      <object_component id="oc-4fe">
         <name>.text:abort</name>
         <load_address>0x55ca</load_address>
         <run_address>0x55ca</run_address>
         <size>0x6</size>
         <input_file_ref idref="fl-62"/>
      </object_component>
      <object_component id="oc-444">
         <name>.text:_system_pre_init</name>
         <load_address>0x55d0</load_address>
         <run_address>0x55d0</run_address>
         <size>0x4</size>
         <input_file_ref idref="fl-5f"/>
      </object_component>
      <object_component id="oc-5fc">
         <name>.text:_system_post_cinit</name>
         <load_address>0x55d4</load_address>
         <run_address>0x55d4</run_address>
         <size>0x2</size>
         <input_file_ref idref="fl-5e"/>
      </object_component>
      <object_component id="oc-4ac">
         <name>.text:ConfigRegisters</name>
         <load_address>0x10000</load_address>
         <run_address>0x10000</run_address>
         <size>0x9cc</size>
         <input_file_ref idref="fl-2"/>
      </object_component>
      <object_component id="oc-8c6">
         <name>.text:__mspabi_addd</name>
         <load_address>0x109cc</load_address>
         <run_address>0x109cc</run_address>
         <size>0x72a</size>
         <input_file_ref idref="fl-7e"/>
      </object_component>
      <object_component id="oc-891">
         <name>.text:__TI_frcdivd</name>
         <load_address>0x110f6</load_address>
         <run_address>0x110f6</run_address>
         <size>0x468</size>
         <input_file_ref idref="fl-6c"/>
      </object_component>
      <object_component id="oc-7ea">
         <name>.text:__mspabi_divull</name>
         <load_address>0x1155e</load_address>
         <run_address>0x1155e</run_address>
         <size>0x34e</size>
         <input_file_ref idref="fl-6d"/>
      </object_component>
      <object_component id="oc-6cd">
         <name>.text:__TI_printfi:__TI_printfi</name>
         <load_address>0x118ac</load_address>
         <run_address>0x118ac</run_address>
         <size>0x2a6</size>
         <input_file_ref idref="fl-68"/>
      </object_component>
      <object_component id="oc-828">
         <name>.text:__mspabi_mpyd</name>
         <load_address>0x11b52</load_address>
         <run_address>0x11b52</run_address>
         <size>0x292</size>
         <input_file_ref idref="fl-72"/>
      </object_component>
      <object_component id="oc-725">
         <name>.text:__TI_printfi:_setfield___TI_printfi</name>
         <load_address>0x11de4</load_address>
         <run_address>0x11de4</run_address>
         <size>0x27a</size>
         <input_file_ref idref="fl-68"/>
      </object_component>
      <object_component id="oc-773">
         <name>.text:_pproc_fgea</name>
         <load_address>0x1205e</load_address>
         <run_address>0x1205e</run_address>
         <size>0x268</size>
         <input_file_ref idref="fl-68"/>
      </object_component>
      <object_component id="oc-83b">
         <name>.text:acvt</name>
         <load_address>0x122c6</load_address>
         <run_address>0x122c6</run_address>
         <size>0x224</size>
         <input_file_ref idref="fl-68"/>
      </object_component>
      <object_component id="oc-82e">
         <name>.text:__mspabi_divd</name>
         <load_address>0x124ea</load_address>
         <run_address>0x124ea</run_address>
         <size>0x21c</size>
         <input_file_ref idref="fl-6b"/>
      </object_component>
      <object_component id="oc-7a4">
         <name>.text:__TI_printfi:_getarg_diouxp___TI_printfi</name>
         <load_address>0x12706</load_address>
         <run_address>0x12706</run_address>
         <size>0x206</size>
         <input_file_ref idref="fl-68"/>
      </object_component>
      <object_component id="oc-808">
         <name>.text:ecvt</name>
         <load_address>0x1290c</load_address>
         <run_address>0x1290c</run_address>
         <size>0x1e6</size>
         <input_file_ref idref="fl-68"/>
      </object_component>
      <object_component id="oc-81b">
         <name>.text:fcvt</name>
         <load_address>0x12af2</load_address>
         <run_address>0x12af2</run_address>
         <size>0x1c8</size>
         <input_file_ref idref="fl-68"/>
      </object_component>
      <object_component id="oc-7c9">
         <name>.text:_pconv_e</name>
         <load_address>0x12cba</load_address>
         <run_address>0x12cba</run_address>
         <size>0x1a2</size>
         <input_file_ref idref="fl-68"/>
      </object_component>
      <object_component id="oc-4b2">
         <name>.text:manualCalibration</name>
         <load_address>0x12e5c</load_address>
         <run_address>0x12e5c</run_address>
         <size>0x196</size>
         <input_file_ref idref="fl-2"/>
      </object_component>
      <object_component id="oc-7cf">
         <name>.text:_pconv_a</name>
         <load_address>0x12ff2</load_address>
         <run_address>0x12ff2</run_address>
         <size>0x170</size>
         <input_file_ref idref="fl-68"/>
      </object_component>
      <object_component id="oc-889">
         <name>.text:__TI_frcmpyd</name>
         <load_address>0x13162</load_address>
         <run_address>0x13162</run_address>
         <size>0x164</size>
         <input_file_ref idref="fl-73"/>
      </object_component>
      <object_component id="oc-8a0">
         <name>.text:scalbn</name>
         <load_address>0x132c6</load_address>
         <run_address>0x132c6</run_address>
         <size>0x15a</size>
         <input_file_ref idref="fl-85"/>
      </object_component>
      <object_component id="oc-76d">
         <name>.text:__TI_printfi:_pproc_diouxp___TI_printfi</name>
         <load_address>0x13420</load_address>
         <run_address>0x13420</run_address>
         <size>0x148</size>
         <input_file_ref idref="fl-68"/>
      </object_component>
      <object_component id="oc-54d">
         <name>.text:CS_setDCOFreq</name>
         <load_address>0x13568</load_address>
         <run_address>0x13568</run_address>
         <size>0x140</size>
         <input_file_ref idref="fl-7"/>
      </object_component>
      <object_component id="oc-7aa">
         <name>.text:__TI_printfi:_ltostr___TI_printfi</name>
         <load_address>0x136a8</load_address>
         <run_address>0x136a8</run_address>
         <size>0x128</size>
         <input_file_ref idref="fl-68"/>
      </object_component>
      <object_component id="oc-7bd">
         <name>.text:_pconv_g</name>
         <load_address>0x137d0</load_address>
         <run_address>0x137d0</run_address>
         <size>0xfc</size>
         <input_file_ref idref="fl-68"/>
      </object_component>
      <object_component id="oc-71f">
         <name>.text:__TI_printfi:_pproc_fwp___TI_printfi</name>
         <load_address>0x138cc</load_address>
         <run_address>0x138cc</run_address>
         <size>0xea</size>
         <input_file_ref idref="fl-68"/>
      </object_component>
      <object_component id="oc-7d5">
         <name>.text:__mspabi_cmpd</name>
         <load_address>0x139b6</load_address>
         <run_address>0x139b6</run_address>
         <size>0xd8</size>
         <input_file_ref idref="fl-6a"/>
      </object_component>
      <object_component id="oc-731">
         <name>.text:__TI_printfi:_pproc_wstr___TI_printfi</name>
         <load_address>0x13a8e</load_address>
         <run_address>0x13a8e</run_address>
         <size>0xc8</size>
         <input_file_ref idref="fl-68"/>
      </object_component>
      <object_component id="oc-494">
         <name>.text:InitUart</name>
         <load_address>0x13b56</load_address>
         <run_address>0x13b56</run_address>
         <size>0xc2</size>
         <input_file_ref idref="fl-5"/>
      </object_component>
      <object_component id="oc-72b">
         <name>.text:__TI_printfi:_pproc_str___TI_printfi</name>
         <load_address>0x13c18</load_address>
         <run_address>0x13c18</run_address>
         <size>0xa6</size>
         <input_file_ref idref="fl-68"/>
      </object_component>
      <object_component id="oc-835">
         <name>.text:frexp</name>
         <load_address>0x13cbe</load_address>
         <run_address>0x13cbe</run_address>
         <size>0xa6</size>
         <input_file_ref idref="fl-84"/>
      </object_component>
      <object_component id="oc-4c4">
         <name>.text:Sensor_SetMeasurementRate</name>
         <load_address>0x13d64</load_address>
         <run_address>0x13d64</run_address>
         <size>0x9e</size>
         <input_file_ref idref="fl-3"/>
      </object_component>
      <object_component id="oc-86c">
         <name>.text:__mspabi_fltlid</name>
         <load_address>0x13e02</load_address>
         <run_address>0x13e02</run_address>
         <size>0x9e</size>
         <input_file_ref idref="fl-71"/>
      </object_component>
      <object_component id="oc-565">
         <name>.text:EUSCI_A_UART_init</name>
         <load_address>0x13ea0</load_address>
         <run_address>0x13ea0</run_address>
         <size>0x9a</size>
         <input_file_ref idref="fl-8"/>
      </object_component>
      <object_component id="oc-44a">
         <name>.text:main</name>
         <load_address>0x13f3a</load_address>
         <run_address>0x13f3a</run_address>
         <size>0x92</size>
         <input_file_ref idref="fl-b"/>
      </object_component>
      <object_component id="oc-45c">
         <name>.text:__mpu_init</name>
         <load_address>0x13fcc</load_address>
         <run_address>0x13fcc</run_address>
         <size>0x2c</size>
         <input_file_ref idref="fl-5b"/>
      </object_component>
      <object_component id="oc-592">
         <name>.data:Msg</name>
         <load_address>0x1c00</load_address>
         <run_address>0x1c00</run_address>
         <size>0x100</size>
         <input_file_ref idref="fl-2"/>
      </object_component>
      <object_component id="oc-42d">
         <name>.data</name>
         <load_address>0x1d30</load_address>
         <run_address>0x1d30</run_address>
         <size>0x7</size>
         <input_file_ref idref="fl-4"/>
      </object_component>
      <object_component id="oc-433">
         <name>.data:ReceiveBuffer</name>
         <load_address>0x1d00</load_address>
         <run_address>0x1d00</run_address>
         <size>0x14</size>
         <input_file_ref idref="fl-4"/>
      </object_component>
      <object_component id="oc-430">
         <name>.data:TransmitBuffer</name>
         <load_address>0x1d14</load_address>
         <run_address>0x1d14</run_address>
         <size>0x14</size>
         <input_file_ref idref="fl-4"/>
      </object_component>
      <object_component id="oc-62e">
         <name>.data</name>
         <load_address>0x1d28</load_address>
         <run_address>0x1d28</run_address>
         <size>0x8</size>
         <input_file_ref idref="fl-7"/>
      </object_component>
      <object_component id="oc-4e8">
         <name>.data:Msgg</name>
         <load_address>0x1d38</load_address>
         <run_address>0x1d38</run_address>
         <size>0x4</size>
         <input_file_ref idref="fl-b"/>
      </object_component>
      <object_component id="oc-768">
         <name>.data</name>
         <load_address>0x1d3c</load_address>
         <run_address>0x1d3c</run_address>
         <size>0x2</size>
         <input_file_ref idref="fl-83"/>
      </object_component>
      <object_component id="oc-3b1">
         <name>.stack</name>
         <uninitialized>true</uninitialized>
         <run_address>0x2360</run_address>
         <size>0x4</size>
         <input_file_ref idref="fl-5a"/>
      </object_component>
      <object_component id="oc-98c">
         <name>.stack</name>
         <uninitialized>true</uninitialized>
         <run_address>0x2360</run_address>
         <size>0x0</size>
      </object_component>
      <object_component id="oc-82">
         <name>.int30</name>
         <load_address>0xffcc</load_address>
         <run_address>0xffcc</run_address>
         <size>0x2</size>
         <input_file_ref idref="fl-34"/>
      </object_component>
      <object_component id="oc-83">
         <name>.int31</name>
         <load_address>0xffce</load_address>
         <run_address>0xffce</run_address>
         <size>0x2</size>
         <input_file_ref idref="fl-36"/>
      </object_component>
      <object_component id="oc-84">
         <name>.int32</name>
         <load_address>0xffd0</load_address>
         <run_address>0xffd0</run_address>
         <size>0x2</size>
         <input_file_ref idref="fl-37"/>
      </object_component>
      <object_component id="oc-85">
         <name>.int33</name>
         <load_address>0xffd2</load_address>
         <run_address>0xffd2</run_address>
         <size>0x2</size>
         <input_file_ref idref="fl-38"/>
      </object_component>
      <object_component id="oc-86">
         <name>.int34</name>
         <load_address>0xffd4</load_address>
         <run_address>0xffd4</run_address>
         <size>0x2</size>
         <input_file_ref idref="fl-39"/>
      </object_component>
      <object_component id="oc-87">
         <name>.int35</name>
         <load_address>0xffd6</load_address>
         <run_address>0xffd6</run_address>
         <size>0x2</size>
         <input_file_ref idref="fl-3a"/>
      </object_component>
      <object_component id="oc-88">
         <name>.int36</name>
         <load_address>0xffd8</load_address>
         <run_address>0xffd8</run_address>
         <size>0x2</size>
         <input_file_ref idref="fl-3b"/>
      </object_component>
      <object_component id="oc-89">
         <name>.int37</name>
         <load_address>0xffda</load_address>
         <run_address>0xffda</run_address>
         <size>0x2</size>
         <input_file_ref idref="fl-3c"/>
      </object_component>
      <object_component id="oc-8a">
         <name>.int38</name>
         <load_address>0xffdc</load_address>
         <run_address>0xffdc</run_address>
         <size>0x2</size>
         <input_file_ref idref="fl-3d"/>
      </object_component>
      <object_component id="oc-8b">
         <name>.int39</name>
         <load_address>0xffde</load_address>
         <run_address>0xffde</run_address>
         <size>0x2</size>
         <input_file_ref idref="fl-3e"/>
      </object_component>
      <object_component id="oc-8c">
         <name>.int40</name>
         <load_address>0xffe0</load_address>
         <run_address>0xffe0</run_address>
         <size>0x2</size>
         <input_file_ref idref="fl-3f"/>
      </object_component>
      <object_component id="oc-8d">
         <name>.int41</name>
         <load_address>0xffe2</load_address>
         <run_address>0xffe2</run_address>
         <size>0x2</size>
         <input_file_ref idref="fl-40"/>
      </object_component>
      <object_component id="oc-8e">
         <name>.int42</name>
         <load_address>0xffe4</load_address>
         <run_address>0xffe4</run_address>
         <size>0x2</size>
         <input_file_ref idref="fl-41"/>
      </object_component>
      <object_component id="oc-8f">
         <name>.int43</name>
         <load_address>0xffe6</load_address>
         <run_address>0xffe6</run_address>
         <size>0x2</size>
         <input_file_ref idref="fl-42"/>
      </object_component>
      <object_component id="oc-90">
         <name>.int44</name>
         <load_address>0xffe8</load_address>
         <run_address>0xffe8</run_address>
         <size>0x2</size>
         <input_file_ref idref="fl-43"/>
      </object_component>
      <object_component id="oc-91">
         <name>.int45</name>
         <load_address>0xffea</load_address>
         <run_address>0xffea</run_address>
         <size>0x2</size>
         <input_file_ref idref="fl-b"/>
      </object_component>
      <object_component id="oc-92">
         <name>.int46</name>
         <load_address>0xffec</load_address>
         <run_address>0xffec</run_address>
         <size>0x2</size>
         <input_file_ref idref="fl-44"/>
      </object_component>
      <object_component id="oc-93">
         <name>.int47</name>
         <load_address>0xffee</load_address>
         <run_address>0xffee</run_address>
         <size>0x2</size>
         <input_file_ref idref="fl-4"/>
      </object_component>
      <object_component id="oc-94">
         <name>.int48</name>
         <load_address>0xfff0</load_address>
         <run_address>0xfff0</run_address>
         <size>0x2</size>
         <input_file_ref idref="fl-45"/>
      </object_component>
      <object_component id="oc-95">
         <name>.int49</name>
         <load_address>0xfff2</load_address>
         <run_address>0xfff2</run_address>
         <size>0x2</size>
         <input_file_ref idref="fl-46"/>
      </object_component>
      <object_component id="oc-96">
         <name>.int50</name>
         <load_address>0xfff4</load_address>
         <run_address>0xfff4</run_address>
         <size>0x2</size>
         <input_file_ref idref="fl-47"/>
      </object_component>
      <object_component id="oc-97">
         <name>.int51</name>
         <load_address>0xfff6</load_address>
         <run_address>0xfff6</run_address>
         <size>0x2</size>
         <input_file_ref idref="fl-48"/>
      </object_component>
      <object_component id="oc-98">
         <name>.int52</name>
         <load_address>0xfff8</load_address>
         <run_address>0xfff8</run_address>
         <size>0x2</size>
         <input_file_ref idref="fl-49"/>
      </object_component>
      <object_component id="oc-99">
         <name>.int53</name>
         <load_address>0xfffa</load_address>
         <run_address>0xfffa</run_address>
         <size>0x2</size>
         <input_file_ref idref="fl-4a"/>
      </object_component>
      <object_component id="oc-9a">
         <name>.int54</name>
         <load_address>0xfffc</load_address>
         <run_address>0xfffc</run_address>
         <size>0x2</size>
         <input_file_ref idref="fl-4b"/>
      </object_component>
      <object_component id="oc-3b4">
         <name>.reset</name>
         <load_address>0xfffe</load_address>
         <run_address>0xfffe</run_address>
         <size>0x2</size>
         <input_file_ref idref="fl-5a"/>
      </object_component>
      <object_component id="oc-544">
         <name>.debug_info</name>
         <load_address>0x0</load_address>
         <run_address>0x0</run_address>
         <size>0x33a</size>
         <input_file_ref idref="fl-2"/>
      </object_component>
      <object_component id="oc-5b4">
         <name>.debug_info</name>
         <load_address>0x33a</load_address>
         <run_address>0x33a</run_address>
         <size>0x108</size>
         <input_file_ref idref="fl-2"/>
      </object_component>
      <object_component id="oc-5b1">
         <name>.debug_info</name>
         <load_address>0x442</load_address>
         <run_address>0x442</run_address>
         <size>0x108</size>
         <input_file_ref idref="fl-2"/>
      </object_component>
      <object_component id="oc-5a2">
         <name>.debug_info</name>
         <load_address>0x54a</load_address>
         <run_address>0x54a</run_address>
         <size>0x118</size>
         <input_file_ref idref="fl-2"/>
      </object_component>
      <object_component id="oc-593">
         <name>.debug_info</name>
         <load_address>0x662</load_address>
         <run_address>0x662</run_address>
         <size>0xe9</size>
         <input_file_ref idref="fl-2"/>
      </object_component>
      <object_component id="oc-4b3">
         <name>.debug_info</name>
         <load_address>0x74b</load_address>
         <run_address>0x74b</run_address>
         <size>0x41f</size>
         <input_file_ref idref="fl-2"/>
      </object_component>
      <object_component id="oc-4ec">
         <name>.debug_info</name>
         <load_address>0xb6a</load_address>
         <run_address>0xb6a</run_address>
         <size>0x218</size>
         <input_file_ref idref="fl-2"/>
      </object_component>
      <object_component id="oc-4ad">
         <name>.debug_info</name>
         <load_address>0xd82</load_address>
         <run_address>0xd82</run_address>
         <size>0xc84</size>
         <input_file_ref idref="fl-2"/>
      </object_component>
      <object_component id="oc-5b7">
         <name>.debug_info</name>
         <load_address>0x1a06</load_address>
         <run_address>0x1a06</run_address>
         <size>0x6b</size>
         <input_file_ref idref="fl-2"/>
      </object_component>
      <object_component id="oc-53f">
         <name>.debug_info</name>
         <load_address>0x1a71</load_address>
         <run_address>0x1a71</run_address>
         <size>0x26b</size>
         <input_file_ref idref="fl-2"/>
      </object_component>
      <object_component id="oc-57e">
         <name>.debug_info</name>
         <load_address>0x1cdc</load_address>
         <run_address>0x1cdc</run_address>
         <size>0xee</size>
         <input_file_ref idref="fl-2"/>
      </object_component>
      <object_component id="oc-3bb">
         <name>.debug_info</name>
         <load_address>0x1dca</load_address>
         <run_address>0x1dca</run_address>
         <size>0x84</size>
         <input_file_ref idref="fl-2"/>
      </object_component>
      <object_component id="oc-585">
         <name>.debug_info</name>
         <load_address>0x1e4e</load_address>
         <run_address>0x1e4e</run_address>
         <size>0x94</size>
         <input_file_ref idref="fl-2"/>
      </object_component>
      <object_component id="oc-480">
         <name>.debug_info</name>
         <load_address>0x1ee2</load_address>
         <run_address>0x1ee2</run_address>
         <size>0x282</size>
         <input_file_ref idref="fl-2"/>
      </object_component>
      <object_component id="oc-437">
         <name>.debug_info</name>
         <load_address>0x2164</load_address>
         <run_address>0x2164</run_address>
         <size>0xbb</size>
         <input_file_ref idref="fl-2"/>
      </object_component>
      <object_component id="oc-624">
         <name>.debug_info</name>
         <load_address>0x221f</load_address>
         <run_address>0x221f</run_address>
         <size>0xd9</size>
         <input_file_ref idref="fl-2"/>
      </object_component>
      <object_component id="oc-6d5">
         <name>.debug_info</name>
         <load_address>0x22f8</load_address>
         <run_address>0x22f8</run_address>
         <size>0x2c</size>
         <input_file_ref idref="fl-2"/>
      </object_component>
      <object_component id="oc-61f">
         <name>.debug_info</name>
         <load_address>0x2324</load_address>
         <run_address>0x2324</run_address>
         <size>0x35</size>
         <input_file_ref idref="fl-2"/>
      </object_component>
      <object_component id="oc-5d0">
         <name>.debug_info</name>
         <load_address>0x2359</load_address>
         <run_address>0x2359</run_address>
         <size>0x27e</size>
         <input_file_ref idref="fl-3"/>
      </object_component>
      <object_component id="oc-4d7">
         <name>.debug_info</name>
         <load_address>0x25d7</load_address>
         <run_address>0x25d7</run_address>
         <size>0x1bf</size>
         <input_file_ref idref="fl-3"/>
      </object_component>
      <object_component id="oc-4cb">
         <name>.debug_info</name>
         <load_address>0x2796</load_address>
         <run_address>0x2796</run_address>
         <size>0x1f7</size>
         <input_file_ref idref="fl-3"/>
      </object_component>
      <object_component id="oc-4c5">
         <name>.debug_info</name>
         <load_address>0x298d</load_address>
         <run_address>0x298d</run_address>
         <size>0x1e1</size>
         <input_file_ref idref="fl-3"/>
      </object_component>
      <object_component id="oc-4bf">
         <name>.debug_info</name>
         <load_address>0x2b6e</load_address>
         <run_address>0x2b6e</run_address>
         <size>0x1e1</size>
         <input_file_ref idref="fl-3"/>
      </object_component>
      <object_component id="oc-4d1">
         <name>.debug_info</name>
         <load_address>0x2d4f</load_address>
         <run_address>0x2d4f</run_address>
         <size>0x1ff</size>
         <input_file_ref idref="fl-3"/>
      </object_component>
      <object_component id="oc-4b9">
         <name>.debug_info</name>
         <load_address>0x2f4e</load_address>
         <run_address>0x2f4e</run_address>
         <size>0x1a5</size>
         <input_file_ref idref="fl-3"/>
      </object_component>
      <object_component id="oc-4dd">
         <name>.debug_info</name>
         <load_address>0x30f3</load_address>
         <run_address>0x30f3</run_address>
         <size>0x1e6</size>
         <input_file_ref idref="fl-3"/>
      </object_component>
      <object_component id="oc-4e3">
         <name>.debug_info</name>
         <load_address>0x32d9</load_address>
         <run_address>0x32d9</run_address>
         <size>0x1f6</size>
         <input_file_ref idref="fl-3"/>
      </object_component>
      <object_component id="oc-476">
         <name>.debug_info</name>
         <load_address>0x34cf</load_address>
         <run_address>0x34cf</run_address>
         <size>0x8b</size>
         <input_file_ref idref="fl-3"/>
      </object_component>
      <object_component id="oc-47d">
         <name>.debug_info</name>
         <load_address>0x355a</load_address>
         <run_address>0x355a</run_address>
         <size>0x422</size>
         <input_file_ref idref="fl-4"/>
      </object_component>
      <object_component id="oc-42e">
         <name>.debug_info</name>
         <load_address>0x397c</load_address>
         <run_address>0x397c</run_address>
         <size>0x1c5</size>
         <input_file_ref idref="fl-4"/>
      </object_component>
      <object_component id="oc-434">
         <name>.debug_info</name>
         <load_address>0x3b41</load_address>
         <run_address>0x3b41</run_address>
         <size>0xfa</size>
         <input_file_ref idref="fl-4"/>
      </object_component>
      <object_component id="oc-431">
         <name>.debug_info</name>
         <load_address>0x3c3b</load_address>
         <run_address>0x3c3b</run_address>
         <size>0xfc</size>
         <input_file_ref idref="fl-4"/>
      </object_component>
      <object_component id="oc-49d">
         <name>.debug_info</name>
         <load_address>0x3d37</load_address>
         <run_address>0x3d37</run_address>
         <size>0x152</size>
         <input_file_ref idref="fl-4"/>
      </object_component>
      <object_component id="oc-491">
         <name>.debug_info</name>
         <load_address>0x3e89</load_address>
         <run_address>0x3e89</run_address>
         <size>0x126</size>
         <input_file_ref idref="fl-4"/>
      </object_component>
      <object_component id="oc-489">
         <name>.debug_info</name>
         <load_address>0x3faf</load_address>
         <run_address>0x3faf</run_address>
         <size>0x136</size>
         <input_file_ref idref="fl-4"/>
      </object_component>
      <object_component id="oc-3db">
         <name>.debug_info</name>
         <load_address>0x40e5</load_address>
         <run_address>0x40e5</run_address>
         <size>0x142</size>
         <input_file_ref idref="fl-4"/>
      </object_component>
      <object_component id="oc-66b">
         <name>.debug_info</name>
         <load_address>0x4227</load_address>
         <run_address>0x4227</run_address>
         <size>0x197</size>
         <input_file_ref idref="fl-4"/>
      </object_component>
      <object_component id="oc-5ca">
         <name>.debug_info</name>
         <load_address>0x43be</load_address>
         <run_address>0x43be</run_address>
         <size>0x216</size>
         <input_file_ref idref="fl-4"/>
      </object_component>
      <object_component id="oc-5bf">
         <name>.debug_info</name>
         <load_address>0x45d4</load_address>
         <run_address>0x45d4</run_address>
         <size>0x1d0</size>
         <input_file_ref idref="fl-4"/>
      </object_component>
      <object_component id="oc-5c6">
         <name>.debug_info</name>
         <load_address>0x47a4</load_address>
         <run_address>0x47a4</run_address>
         <size>0x18f</size>
         <input_file_ref idref="fl-4"/>
      </object_component>
      <object_component id="oc-646">
         <name>.debug_info</name>
         <load_address>0x4933</load_address>
         <run_address>0x4933</run_address>
         <size>0x47f</size>
         <input_file_ref idref="fl-5"/>
      </object_component>
      <object_component id="oc-641">
         <name>.debug_info</name>
         <load_address>0x4db2</load_address>
         <run_address>0x4db2</run_address>
         <size>0x146</size>
         <input_file_ref idref="fl-5"/>
      </object_component>
      <object_component id="oc-58e">
         <name>.debug_info</name>
         <load_address>0x4ef8</load_address>
         <run_address>0x4ef8</run_address>
         <size>0x166</size>
         <input_file_ref idref="fl-5"/>
      </object_component>
      <object_component id="oc-497">
         <name>.debug_info</name>
         <load_address>0x505e</load_address>
         <run_address>0x505e</run_address>
         <size>0x298</size>
         <input_file_ref idref="fl-5"/>
      </object_component>
      <object_component id="oc-46f">
         <name>.debug_info</name>
         <load_address>0x52f6</load_address>
         <run_address>0x52f6</run_address>
         <size>0x8b</size>
         <input_file_ref idref="fl-5"/>
      </object_component>
      <object_component id="oc-424">
         <name>.debug_info</name>
         <load_address>0x5381</load_address>
         <run_address>0x5381</run_address>
         <size>0x2c</size>
         <input_file_ref idref="fl-5"/>
      </object_component>
      <object_component id="oc-5e8">
         <name>.debug_info</name>
         <load_address>0x53ad</load_address>
         <run_address>0x53ad</run_address>
         <size>0x21c</size>
         <input_file_ref idref="fl-6"/>
      </object_component>
      <object_component id="oc-4f4">
         <name>.debug_info</name>
         <load_address>0x55c9</load_address>
         <run_address>0x55c9</run_address>
         <size>0x19d</size>
         <input_file_ref idref="fl-6"/>
      </object_component>
      <object_component id="oc-5ad">
         <name>.debug_info</name>
         <load_address>0x5766</load_address>
         <run_address>0x5766</run_address>
         <size>0x201</size>
         <input_file_ref idref="fl-6"/>
      </object_component>
      <object_component id="oc-5a7">
         <name>.debug_info</name>
         <load_address>0x5967</load_address>
         <run_address>0x5967</run_address>
         <size>0x1ff</size>
         <input_file_ref idref="fl-6"/>
      </object_component>
      <object_component id="oc-62f">
         <name>.debug_info</name>
         <load_address>0x5b66</load_address>
         <run_address>0x5b66</run_address>
         <size>0x14b</size>
         <input_file_ref idref="fl-7"/>
      </object_component>
      <object_component id="oc-560">
         <name>.debug_info</name>
         <load_address>0x5cb1</load_address>
         <run_address>0x5cb1</run_address>
         <size>0x136</size>
         <input_file_ref idref="fl-7"/>
      </object_component>
      <object_component id="oc-555">
         <name>.debug_info</name>
         <load_address>0x5de7</load_address>
         <run_address>0x5de7</run_address>
         <size>0x1f0</size>
         <input_file_ref idref="fl-7"/>
      </object_component>
      <object_component id="oc-54e">
         <name>.debug_info</name>
         <load_address>0x5fd7</load_address>
         <run_address>0x5fd7</run_address>
         <size>0x194</size>
         <input_file_ref idref="fl-7"/>
      </object_component>
      <object_component id="oc-55b">
         <name>.debug_info</name>
         <load_address>0x616b</load_address>
         <run_address>0x616b</run_address>
         <size>0x22a</size>
         <input_file_ref idref="fl-7"/>
      </object_component>
      <object_component id="oc-635">
         <name>.debug_info</name>
         <load_address>0x6395</load_address>
         <run_address>0x6395</run_address>
         <size>0x163</size>
[...]
         <object_component_ref idref="oc-82"/>
      </symbol>
      <symbol id="sm-66a">
         <name>__TI_ISR_TRAP</name>
         <value>0x450e</value>
         <object_component_ref idref="oc-3cd"/>
      </symbol>
      <symbol id="sm-66d">
         <name>__TI_int31</name>
         <value>0xffce</value>
         <object_component_ref idref="oc-83"/>
      </symbol>
      <symbol id="sm-670">
         <name>__TI_int32</name>
         <value>0xffd0</value>
         <object_component_ref idref="oc-84"/>
      </symbol>
      <symbol id="sm-673">
         <name>__TI_int33</name>
         <value>0xffd2</value>
         <object_component_ref idref="oc-85"/>
      </symbol>
      <symbol id="sm-676">
         <name>__TI_int34</name>
         <value>0xffd4</value>
         <object_component_ref idref="oc-86"/>
      </symbol>
      <symbol id="sm-679">
         <name>__TI_int35</name>
         <value>0xffd6</value>
         <object_component_ref idref="oc-87"/>
      </symbol>
      <symbol id="sm-67c">
         <name>__TI_int36</name>
         <value>0xffd8</value>
         <object_component_ref idref="oc-88"/>
      </symbol>
      <symbol id="sm-67f">
         <name>__TI_int37</name>
         <value>0xffda</value>
         <object_component_ref idref="oc-89"/>
      </symbol>
      <symbol id="sm-682">
         <name>__TI_int38</name>
         <value>0xffdc</value>
         <object_component_ref idref="oc-8a"/>
      </symbol>
      <symbol id="sm-685">
         <name>__TI_int39</name>
         <value>0xffde</value>
         <object_component_ref idref="oc-8b"/>
      </symbol>
      <symbol id="sm-688">
         <name>__TI_int40</name>
         <value>0xffe0</value>
         <object_component_ref idref="oc-8c"/>
      </symbol>
      <symbol id="sm-68b">
         <name>__TI_int41</name>
         <value>0xffe2</value>
         <object_component_ref idref="oc-8d"/>
      </symbol>
      <symbol id="sm-68e">
         <name>__TI_int42</name>
         <value>0xffe4</value>
         <object_component_ref idref="oc-8e"/>
      </symbol>
      <symbol id="sm-691">
         <name>__TI_int43</name>
         <value>0xffe6</value>
         <object_component_ref idref="oc-8f"/>
      </symbol>
      <symbol id="sm-694">
         <name>__TI_int44</name>
         <value>0xffe8</value>
         <object_component_ref idref="oc-90"/>
      </symbol>
      <symbol id="sm-697">
         <name>__TI_int46</name>
         <value>0xffec</value>
         <object_component_ref idref="oc-92"/>
      </symbol>
      <symbol id="sm-69a">
         <name>__TI_int48</name>
         <value>0xfff0</value>
         <object_component_ref idref="oc-94"/>
      </symbol>
      <symbol id="sm-69d">
         <name>__TI_int49</name>
         <value>0xfff2</value>
         <object_component_ref idref="oc-95"/>
      </symbol>
      <symbol id="sm-6a0">
         <name>__TI_int50</name>
         <value>0xfff4</value>
         <object_component_ref idref="oc-96"/>
      </symbol>
      <symbol id="sm-6a3">
         <name>__TI_int51</name>
         <value>0xfff6</value>
         <object_component_ref idref="oc-97"/>
      </symbol>
      <symbol id="sm-6a6">
         <name>__TI_int52</name>
         <value>0xfff8</value>
         <object_component_ref idref="oc-98"/>
      </symbol>
      <symbol id="sm-6a9">
         <name>__TI_int53</name>
         <value>0xfffa</value>
         <object_component_ref idref="oc-99"/>
      </symbol>
      <symbol id="sm-6ac">
         <name>__TI_int54</name>
         <value>0xfffc</value>
         <object_component_ref idref="oc-9a"/>
      </symbol>
      <symbol id="sm-6ba">
         <name>__mspabi_remli</name>
         <value>0x4f70</value>
         <object_component_ref idref="oc-8b8"/>
      </symbol>
      <symbol id="sm-6bb">
         <name>__mspabi_divli</name>
         <value>0x4f70</value>
         <object_component_ref idref="oc-8b8"/>
      </symbol>
      <symbol id="sm-6c5">
         <name>__mspabi_remu</name>
         <value>0x54de</value>
         <object_component_ref idref="oc-77c"/>
      </symbol>
      <symbol id="sm-6c6">
         <name>__mspabi_divu</name>
         <value>0x54de</value>
         <object_component_ref idref="oc-77c"/>
      </symbol>
      <symbol id="sm-6d4">
         <name>__mspabi_remul</name>
         <value>0x4bda</value>
         <object_component_ref idref="oc-7f0"/>
      </symbol>
      <symbol id="sm-6d5">
         <name>__mspabi_divul</name>
         <value>0x4bda</value>
         <object_component_ref idref="oc-7f0"/>
      </symbol>
      <symbol id="sm-6df">
         <name>__mspabi_mpyi_f5hw</name>
         <value>0x549a</value>
         <object_component_ref idref="oc-6a1"/>
      </symbol>
      <symbol id="sm-6e7">
         <name>__mspabi_mpyl_f5hw</name>
         <value>0x5388</value>
         <object_component_ref idref="oc-8dc"/>
      </symbol>
      <symbol id="sm-6ef">
         <name>__mspabi_mpyll_f5hw</name>
         <value>0x4b26</value>
         <object_component_ref idref="oc-8cf"/>
      </symbol>
      <symbol id="sm-6f8">
         <name>__mspabi_mpyull_f5hw</name>
         <value>0x528e</value>
         <object_component_ref idref="oc-8d4"/>
      </symbol>
      <symbol id="sm-700">
         <name>__mspabi_slll_9</name>
         <value>0x5046</value>
         <object_component_ref idref="oc-5db"/>
      </symbol>
      <symbol id="sm-701">
         <name>__mspabi_slll_8</name>
         <value>0x504a</value>
         <object_component_ref idref="oc-5db"/>
      </symbol>
      <symbol id="sm-702">
         <name>__mspabi_slll_7</name>
         <value>0x504e</value>
         <object_component_ref idref="oc-5db"/>
      </symbol>
      <symbol id="sm-703">
         <name>__mspabi_slll_6</name>
         <value>0x5052</value>
         <object_component_ref idref="oc-5db"/>
      </symbol>
      <symbol id="sm-704">
         <name>__mspabi_slll_5</name>
         <value>0x5056</value>
         <object_component_ref idref="oc-5db"/>
      </symbol>
      <symbol id="sm-705">
         <name>__mspabi_slll_4</name>
         <value>0x505a</value>
         <object_component_ref idref="oc-5db"/>
      </symbol>
      <symbol id="sm-706">
         <name>__mspabi_slll_3</name>
         <value>0x505e</value>
         <object_component_ref idref="oc-5db"/>
      </symbol>
      <symbol id="sm-707">
         <name>__mspabi_slll_2</name>
         <value>0x5062</value>
         <object_component_ref idref="oc-5db"/>
      </symbol>
      <symbol id="sm-708">
         <name>__mspabi_slll_1</name>
         <value>0x5066</value>
         <object_component_ref idref="oc-5db"/>
      </symbol>
      <symbol id="sm-709">
         <name>__mspabi_slll_15</name>
         <value>0x502e</value>
         <object_component_ref idref="oc-5db"/>
      </symbol>
      <symbol id="sm-70a">
         <name>__mspabi_slll_14</name>
         <value>0x5032</value>
         <object_component_ref idref="oc-5db"/>
      </symbol>
      <symbol id="sm-70b">
         <name>__mspabi_slll_13</name>
         <value>0x5036</value>
         <object_component_ref idref="oc-5db"/>
      </symbol>
      <symbol id="sm-70c">
         <name>__mspabi_slll_12</name>
         <value>0x503a</value>
         <object_component_ref idref="oc-5db"/>
      </symbol>
      <symbol id="sm-70d">
         <name>__mspabi_slll_11</name>
         <value>0x503e</value>
         <object_component_ref idref="oc-5db"/>
      </symbol>
      <symbol id="sm-70e">
         <name>__mspabi_slll_10</name>
         <value>0x5042</value>
         <object_component_ref idref="oc-5db"/>
      </symbol>
      <symbol id="sm-71f">
         <name>_c_int00_noargs_mpu</name>
         <value>0x44e6</value>
         <object_component_ref idref="oc-408"/>
      </symbol>
      <symbol id="sm-720">
         <name>_stack</name>
         <value>0x2360</value>
         <object_component_ref idref="oc-3b1"/>
      </symbol>
      <symbol id="sm-721">
         <name>_reset_vector</name>
         <value>0xfffe</value>
         <object_component_ref idref="oc-3b4"/>
      </symbol>
      <symbol id="sm-72a">
         <name>__mpu_init</name>
         <value>0x13fcc</value>
         <object_component_ref idref="oc-45c"/>
      </symbol>
      <symbol id="sm-74e">
         <name>__TI_auto_init_nobinit_nopinit_hold_wdt</name>
         <value>0x4c88</value>
         <object_component_ref idref="oc-522"/>
      </symbol>
      <symbol id="sm-757">
         <name>_system_post_cinit</name>
         <value>0x55d4</value>
         <object_component_ref idref="oc-5fc"/>
      </symbol>
      <symbol id="sm-760">
         <name>_system_pre_init</name>
         <value>0x55d0</value>
         <object_component_ref idref="oc-444"/>
      </symbol>
      <symbol id="sm-76c">
         <name>C$$EXIT</name>
         <value>0x55ca</value>
         <object_component_ref idref="oc-4fe"/>
      </symbol>
      <symbol id="sm-76d">
         <name>abort</name>
         <value>0x55ca</value>
         <object_component_ref idref="oc-4fe"/>
      </symbol>
      <symbol id="sm-77d">
         <name>memcpy</name>
         <value>0x551e</value>
         <object_component_ref idref="oc-3c0"/>
      </symbol>
      <symbol id="sm-78b">
         <name>memset</name>
         <value>0x54c8</value>
         <object_component_ref idref="oc-59b"/>
      </symbol>
      <symbol id="sm-7ac">
         <name>sprintf</name>
         <value>0x4eac</value>
         <object_component_ref idref="oc-595"/>
      </symbol>
      <symbol id="sm-97b">
         <name>__TI_printfi</name>
         <value>0x118ac</value>
         <object_component_ref idref="oc-6cd"/>
      </symbol>
      <symbol id="sm-98a">
         <name>__TI_ltoa</name>
         <value>0x4636</value>
         <object_component_ref idref="oc-866"/>
      </symbol>
      <symbol id="sm-9a9">
         <name>__mspabi_cmpd</name>
         <value>0x139b6</value>
         <object_component_ref idref="oc-7d5"/>
      </symbol>
      <symbol id="sm-9ca">
         <name>__mspabi_divd</name>
         <value>0x124ea</value>
         <object_component_ref idref="oc-82e"/>
      </symbol>
      <symbol id="sm-9e5">
         <name>__TI_frcdivd</name>
         <value>0x110f6</value>
         <object_component_ref idref="oc-891"/>
      </symbol>
      <symbol id="sm-a18">
         <name>__mspabi_divull</name>
         <value>0x1155e</value>
         <object_component_ref idref="oc-7ea"/>
      </symbol>
      <symbol id="sm-a25">
         <name>__mspabi_fixdi</name>
         <value>0x5312</value>
         <object_component_ref idref="oc-878"/>
      </symbol>
      <symbol id="sm-a34">
         <name>__mspabi_fixdli</name>
         <value>0x4a5e</value>
         <object_component_ref idref="oc-860"/>
      </symbol>
      <symbol id="sm-a3d">
         <name>__mspabi_fltid</name>
         <value>0x55a2</value>
         <object_component_ref idref="oc-8ac"/>
      </symbol>
      <symbol id="sm-a55">
         <name>__mspabi_fltlid</name>
         <value>0x13e02</value>
         <object_component_ref idref="oc-86c"/>
      </symbol>
      <symbol id="sm-a7a">
         <name>__mspabi_mpyd</name>
         <value>0x11b52</value>
         <object_component_ref idref="oc-828"/>
      </symbol>
      <symbol id="sm-a85">
         <name>__TI_frcmpyd</name>
         <value>0x13162</value>
         <object_component_ref idref="oc-889"/>
      </symbol>
      <symbol id="sm-a92">
         <name>__mspabi_negd</name>
         <value>0x5232</value>
         <object_component_ref idref="oc-7b7"/>
      </symbol>
      <symbol id="sm-a9f">
         <name>__mspabi_sllll</name>
         <value>0x515a</value>
         <object_component_ref idref="oc-84f"/>
      </symbol>
      <symbol id="sm-aa7">
         <name>__mspabi_sral_15</name>
         <value>0x4ff0</value>
         <object_component_ref idref="oc-8e1"/>
      </symbol>
      <symbol id="sm-aa8">
         <name>__mspabi_sral_14</name>
         <value>0x4ff4</value>
         <object_component_ref idref="oc-8e1"/>
      </symbol>
      <symbol id="sm-aa9">
         <name>__mspabi_sral_13</name>
         <value>0x4ff8</value>
         <object_component_ref idref="oc-8e1"/>
      </symbol>
      <symbol id="sm-aaa">
         <name>__mspabi_sral_12</name>
         <value>0x4ffc</value>
         <object_component_ref idref="oc-8e1"/>
      </symbol>
      <symbol id="sm-aab">
         <name>__mspabi_sral_11</name>
         <value>0x5000</value>
         <object_component_ref idref="oc-8e1"/>
      </symbol>
      <symbol id="sm-aac">
         <name>__mspabi_sral_10</name>
         <value>0x5004</value>
         <object_component_ref idref="oc-8e1"/>
      </symbol>
      <symbol id="sm-aad">
         <name>__mspabi_sral_8</name>
         <value>0x500c</value>
         <object_component_ref idref="oc-8e1"/>
      </symbol>
      <symbol id="sm-aae">
         <name>__mspabi_sral_9</name>
         <value>0x5008</value>
         <object_component_ref idref="oc-8e1"/>
      </symbol>
      <symbol id="sm-aaf">
         <name>__mspabi_sral_6</name>
         <value>0x5014</value>
         <object_component_ref idref="oc-8e1"/>
      </symbol>
      <symbol id="sm-ab0">
         <name>__mspabi_sral_7</name>
         <value>0x5010</value>
         <object_component_ref idref="oc-8e1"/>
      </symbol>
      <symbol id="sm-ab1">
         <name>__mspabi_sral_4</name>
         <value>0x501c</value>
         <object_component_ref idref="oc-8e1"/>
      </symbol>
      <symbol id="sm-ab2">
         <name>__mspabi_sral_5</name>
         <value>0x5018</value>
         <object_component_ref idref="oc-8e1"/>
      </symbol>
      <symbol id="sm-ab3">
         <name>__mspabi_sral_2</name>
         <value>0x5024</value>
         <object_component_ref idref="oc-8e1"/>
      </symbol>
      <symbol id="sm-ab4">
         <name>__mspabi_sral_3</name>
         <value>0x5020</value>
         <object_component_ref idref="oc-8e1"/>
      </symbol>
      <symbol id="sm-ab5">
         <name>__mspabi_sral_1</name>
         <value>0x5028</value>
         <object_component_ref idref="oc-8e1"/>
      </symbol>
      <symbol id="sm-ac5">
         <name>__mspabi_srll_8</name>
         <value>0x5088</value>
         <object_component_ref idref="oc-8bf"/>
      </symbol>
      <symbol id="sm-ac6">
         <name>__mspabi_srll_9</name>
         <value>0x5084</value>
         <object_component_ref idref="oc-8bf"/>
      </symbol>
      <symbol id="sm-ac7">
         <name>__mspabi_srll_6</name>
         <value>0x5090</value>
         <object_component_ref idref="oc-8bf"/>
      </symbol>
      <symbol id="sm-ac8">
         <name>__mspabi_srll_7</name>
         <value>0x508c</value>
         <object_component_ref idref="oc-8bf"/>
      </symbol>
      <symbol id="sm-ac9">
         <name>__mspabi_srll_4</name>
         <value>0x5098</value>
         <object_component_ref idref="oc-8bf"/>
      </symbol>
      <symbol id="sm-aca">
         <name>__mspabi_srll_5</name>
         <value>0x5094</value>
         <object_component_ref idref="oc-8bf"/>
      </symbol>
      <symbol id="sm-acb">
         <name>__mspabi_srll_2</name>
         <value>0x50a0</value>
         <object_component_ref idref="oc-8bf"/>
      </symbol>
      <symbol id="sm-acc">
         <name>__mspabi_srll_3</name>
         <value>0x509c</value>
         <object_component_ref idref="oc-8bf"/>
      </symbol>
      <symbol id="sm-acd">
         <name>__mspabi_srll_1</name>
         <value>0x50a4</value>
         <object_component_ref idref="oc-8bf"/>
      </symbol>
      <symbol id="sm-ace">
         <name>__mspabi_srll_15</name>
         <value>0x506c</value>
         <object_component_ref idref="oc-8bf"/>
      </symbol>
      <symbol id="sm-acf">
         <name>__mspabi_srll_14</name>
         <value>0x5070</value>
         <object_component_ref idref="oc-8bf"/>
      </symbol>
      <symbol id="sm-ad0">
         <name>__mspabi_srll_13</name>
         <value>0x5074</value>
         <object_component_ref idref="oc-8bf"/>
      </symbol>
      <symbol id="sm-ad1">
         <name>__mspabi_srll_12</name>
         <value>0x5078</value>
         <object_component_ref idref="oc-8bf"/>
      </symbol>
      <symbol id="sm-ad2">
         <name>__mspabi_srll_11</name>
         <value>0x507c</value>
         <object_component_ref idref="oc-8bf"/>
      </symbol>
      <symbol id="sm-ad3">
         <name>__mspabi_srll_10</name>
         <value>0x5080</value>
         <object_component_ref idref="oc-8bf"/>
      </symbol>
      <symbol id="sm-ad4">
         <name>__mspabi_srll</name>
         <value>0x5578</value>
         <object_component_ref idref="oc-855"/>
      </symbol>
      <symbol id="sm-ae1">
         <name>__mspabi_srlll</name>
         <value>0x5194</value>
         <object_component_ref idref="oc-7f5"/>
      </symbol>
      <symbol id="sm-aea">
         <name>__mspabi_subd</name>
         <value>0x51ce</value>
         <object_component_ref idref="oc-872"/>
      </symbol>
      <symbol id="sm-b24">
         <name>__mspabi_addd</name>
         <value>0x109cc</value>
         <object_component_ref idref="oc-8c6"/>
      </symbol>
      <symbol id="sm-b31">
         <name>__mspabi_srall</name>
         <value>0x4f30</value>
         <object_component_ref idref="oc-902"/>
      </symbol>
      <symbol id="sm-b3b">
         <name>abs</name>
         <value>0x55ba</value>
         <object_component_ref idref="oc-87f"/>
      </symbol>
      <symbol id="sm-b4e">
         <name>atoi</name>
         <value>0x4ac4</value>
         <object_component_ref idref="oc-753"/>
      </symbol>
      <symbol id="sm-b58">
         <name>_ctypes_</name>
         <value>0x589e</value>
         <object_component_ref idref="oc-789"/>
      </symbol>
      <symbol id="sm-b5f">
         <name>errno</name>
         <value>0x1d3c</value>
         <object_component_ref idref="oc-768"/>
      </symbol>
      <symbol id="sm-b7b">
         <name>frexpl</name>
         <value>0x13cbe</value>
         <object_component_ref idref="oc-835"/>
      </symbol>
      <symbol id="sm-b7c">
         <name>frexp</name>
         <value>0x13cbe</value>
         <object_component_ref idref="oc-835"/>
      </symbol>
      <symbol id="sm-b95">
         <name>scalbn</name>
         <value>0x132c6</value>
         <object_component_ref idref="oc-8a0"/>
      </symbol>
      <symbol id="sm-b96">
         <name>scalbnl</name>
         <value>0x132c6</value>
         <object_component_ref idref="oc-8a0"/>
      </symbol>
      <symbol id="sm-b97">
         <name>ldexpl</name>
         <value>0x132c6</value>
         <object_component_ref idref="oc-8a0"/>
      </symbol>
      <symbol id="sm-b98">
         <name>ldexp</name>
         <value>0x132c6</value>
         <object_component_ref idref="oc-8a0"/>
      </symbol>
      <symbol id="sm-ba1">
         <name>copysign</name>
         <value>0x5260</value>
         <object_component_ref idref="oc-8f1"/>
      </symbol>
      <symbol id="sm-ba2">
         <name>copysignl</name>
         <value>0x5260</value>
         <object_component_ref idref="oc-8f1"/>
      </symbol>
      <symbol id="sm-bb1">
         <name>memccpy</name>
         <value>0x5362</value>
         <object_component_ref idref="oc-73f"/>
      </symbol>
      <symbol id="sm-bc0">
         <name>strchr</name>
         <value>0x544e</value>
         <object_component_ref idref="oc-8a6"/>
      </symbol>
      <symbol id="sm-bcd">
         <name>strlen</name>
         <value>0x5588</value>
         <object_component_ref idref="oc-639"/>
      </symbol>
      <symbol id="sm-bda">
         <name>toupper</name>
         <value>0x5556</value>
         <object_component_ref idref="oc-7b1"/>
      </symbol>
      <symbol id="sm-bf2">
         <name>wcslen</name>
         <value>0x54f4</value>
         <object_component_ref idref="oc-762"/>
      </symbol>
   </symbol_table>
   <title>Link successful</title>
</link_info>
