<?xml version="1.0" encoding="ISO-8859-1" ?>
<link_info>
   <banner>MSP430 Linker PC v21.6.1.LTS</banner>
   <copyright>Copyright (c) 2003-2018 Texas Instruments Incorporated</copyright>
   <link_time>0x65498f26</link_time>
   <link_errors>0x0</link_errors>
   <output_file>Final_SPI_Attempt.out</output_file>
   <entry_point>
      <name>_c_int00_noargs_mpu</name>
      <address>0x44fe</address>
   </entry_point>
   <input_file_list>
      <input_file id="fl-2">
         <path>.\</path>
         <kind>object</kind>
         <file>FR5969_CC1125.obj</file>
         <name>FR5969_CC1125.obj</name>
      </input_file>
      <input_file id="fl-3">
         <path>.\</path>
         <kind>object</kind>
         <file>HDC2021.obj</file>
         <name>HDC2021.obj</name>
      </input_file>
      <input_file id="fl-4">
         <path>.\</path>
         <kind>object</kind>
         <file>MSP430_I2C.obj</file>
         <name>MSP430_I2C.obj</name>
      </input_file>
      <input_file id="fl-5">
         <path>.\</path>
         <kind>object</kind>
         <file>Uart.obj</file>
         <name>Uart.obj</name>
      </input_file>
      <input_file id="fl-6">
         <path>.\</path>
         <kind>object</kind>
         <file>cc112x_spi.obj</file>
         <name>cc112x_spi.obj</name>
      </input_file>
      <input_file id="fl-7">
         <path>.\</path>
         <kind>object</kind>
         <file>cs.obj</file>
         <name>cs.obj</name>
      </input_file>
      <input_file id="fl-8">
         <path>.\</path>
         <kind>object</kind>
         <file>eusci_a_uart.obj</file>
         <name>eusci_a_uart.obj</name>
      </input_file>
      <input_file id="fl-9">
         <path>.\</path>
         <kind>object</kind>
         <file>gpio.obj</file>
         <name>gpio.obj</name>
      </input_file>
      <input_file id="fl-a">
         <path>.\</path>
         <kind>object</kind>
         <file>hal_spi_rf_trxeb.obj</file>
         <name>hal_spi_rf_trxeb.obj</name>
      </input_file>
      <input_file id="fl-b">
         <path>.\</path>
         <kind>object</kind>
         <file>main_tester.obj</file>
         <name>main_tester.obj</name>
      </input_file>
      <input_file id="fl-12">
         <kind>object</kind>
         <file>&lt;internal&gt;</file>
         <name>&lt;internal&gt;</name>
      </input_file>
      <input_file id="fl-32">
         <path>C:\ti\ccs1240\ccs\tools\compiler\ti-cgt-msp430_21.6.1.LTS\lib\</path>
         <kind>archive</kind>
         <file>rts430x_lc_rd_eabi.lib</file>
         <name>copy_decompress_lzss.c.obj</name>
      </input_file>
      <input_file id="fl-33">
         <path>C:\ti\ccs1240\ccs\tools\compiler\ti-cgt-msp430_21.6.1.LTS\lib\</path>
         <kind>archive</kind>
         <file>rts430x_lc_rd_eabi.lib</file>
         <name>copy_decompress_none.c.obj</name>
      </input_file>
      <input_file id="fl-34">
         <path>C:\ti\ccs1240\ccs\tools\compiler\ti-cgt-msp430_21.6.1.LTS\lib\</path>
         <kind>archive</kind>
         <file>rts430x_lc_rd_eabi.lib</file>
         <name>int30.asm.obj</name>
      </input_file>
      <input_file id="fl-35">
         <path>C:\ti\ccs1240\ccs\tools\compiler\ti-cgt-msp430_21.6.1.LTS\lib\</path>
         <kind>archive</kind>
         <file>rts430x_lc_rd_eabi.lib</file>
         <name>isr_trap.asm.obj</name>
      </input_file>
      <input_file id="fl-36">
         <path>C:\ti\ccs1240\ccs\tools\compiler\ti-cgt-msp430_21.6.1.LTS\lib\</path>
         <kind>archive</kind>
         <file>rts430x_lc_rd_eabi.lib</file>
         <name>int31.asm.obj</name>
      </input_file>
      <input_file id="fl-37">
         <path>C:\ti\ccs1240\ccs\tools\compiler\ti-cgt-msp430_21.6.1.LTS\lib\</path>
         <kind>archive</kind>
         <file>rts430x_lc_rd_eabi.lib</file>
         <name>int32.asm.obj</name>
      </input_file>
      <input_file id="fl-38">
         <path>C:\ti\ccs1240\ccs\tools\compiler\ti-cgt-msp430_21.6.1.LTS\lib\</path>
         <kind>archive</kind>
         <file>rts430x_lc_rd_eabi.lib</file>
         <name>int33.asm.obj</name>
      </input_file>
      <input_file id="fl-39">
         <path>C:\ti\ccs1240\ccs\tools\compiler\ti-cgt-msp430_21.6.1.LTS\lib\</path>
         <kind>archive</kind>
         <file>rts430x_lc_rd_eabi.lib</file>
         <name>int34.asm.obj</name>
      </input_file>
      <input_file id="fl-3a">
         <path>C:\ti\ccs1240\ccs\tools\compiler\ti-cgt-msp430_21.6.1.LTS\lib\</path>
         <kind>archive</kind>
         <file>rts430x_lc_rd_eabi.lib</file>
         <name>int35.asm.obj</name>
      </input_file>
      <input_file id="fl-3b">
         <path>C:\ti\ccs1240\ccs\tools\compiler\ti-cgt-msp430_21.6.1.LTS\lib\</path>
         <kind>archive</kind>
         <file>rts430x_lc_rd_eabi.lib</file>
         <name>int36.asm.obj</name>
      </input_file>
      <input_file id="fl-3c">
         <path>C:\ti\ccs1240\ccs\tools\compiler\ti-cgt-msp430_21.6.1.LTS\lib\</path>
         <kind>archive</kind>
         <file>rts430x_lc_rd_eabi.lib</file>
         <name>int37.asm.obj</name>
      </input_file>
      <input_file id="fl-3d">
         <path>C:\ti\ccs1240\ccs\tools\compiler\ti-cgt-msp430_21.6.1.LTS\lib\</path>
         <kind>archive</kind>
         <file>rts430x_lc_rd_eabi.lib</file>
         <name>int38.asm.obj</name>
      </input_file>
      <input_file id="fl-3e">
         <path>C:\ti\ccs1240\ccs\tools\compiler\ti-cgt-msp430_21.6.1.LTS\lib\</path>
         <kind>archive</kind>
         <file>rts430x_lc_rd_eabi.lib</file>
         <name>int39.asm.obj</name>
      </input_file>
      <input_file id="fl-3f">
         <path>C:\ti\ccs1240\ccs\tools\compiler\ti-cgt-msp430_21.6.1.LTS\lib\</path>
         <kind>archive</kind>
         <file>rts430x_lc_rd_eabi.lib</file>
         <name>int40.asm.obj</name>
      </input_file>
      <input_file id="fl-40">
         <path>C:\ti\ccs1240\ccs\tools\compiler\ti-cgt-msp430_21.6.1.LTS\lib\</path>
         <kind>archive</kind>
         <file>rts430x_lc_rd_eabi.lib</file>
         <name>int41.asm.obj</name>
      </input_file>
      <input_file id="fl-41">
         <path>C:\ti\ccs1240\ccs\tools\compiler\ti-cgt-msp430_21.6.1.LTS\lib\</path>
         <kind>archive</kind>
         <file>rts430x_lc_rd_eabi.lib</file>
         <name>int42.asm.obj</name>
      </input_file>
      <input_file id="fl-42">
         <path>C:\ti\ccs1240\ccs\tools\compiler\ti-cgt-msp430_21.6.1.LTS\lib\</path>
         <kind>archive</kind>
         <file>rts430x_lc_rd_eabi.lib</file>
         <name>int43.asm.obj</name>
      </input_file>
      <input_file id="fl-43">
         <path>C:\ti\ccs1240\ccs\tools\compiler\ti-cgt-msp430_21.6.1.LTS\lib\</path>
         <kind>archive</kind>
         <file>rts430x_lc_rd_eabi.lib</file>
         <name>int44.asm.obj</name>
      </input_file>
      <input_file id="fl-44">
         <path>C:\ti\ccs1240\ccs\tools\compiler\ti-cgt-msp430_21.6.1.LTS\lib\</path>
         <kind>archive</kind>
         <file>rts430x_lc_rd_eabi.lib</file>
         <name>int46.asm.obj</name>
      </input_file>
      <input_file id="fl-45">
         <path>C:\ti\ccs1240\ccs\tools\compiler\ti-cgt-msp430_21.6.1.LTS\lib\</path>
         <kind>archive</kind>
         <file>rts430x_lc_rd_eabi.lib</file>
         <name>int48.asm.obj</name>
      </input_file>
      <input_file id="fl-46">
         <path>C:\ti\ccs1240\ccs\tools\compiler\ti-cgt-msp430_21.6.1.LTS\lib\</path>
         <kind>archive</kind>
         <file>rts430x_lc_rd_eabi.lib</file>
         <name>int49.asm.obj</name>
      </input_file>
      <input_file id="fl-47">
         <path>C:\ti\ccs1240\ccs\tools\compiler\ti-cgt-msp430_21.6.1.LTS\lib\</path>
         <kind>archive</kind>
         <file>rts430x_lc_rd_eabi.lib</file>
         <name>int50.asm.obj</name>
      </input_file>
      <input_file id="fl-48">
         <path>C:\ti\ccs1240\ccs\tools\compiler\ti-cgt-msp430_21.6.1.LTS\lib\</path>
         <kind>archive</kind>
         <file>rts430x_lc_rd_eabi.lib</file>
         <name>int51.asm.obj</name>
      </input_file>
      <input_file id="fl-49">
         <path>C:\ti\ccs1240\ccs\tools\compiler\ti-cgt-msp430_21.6.1.LTS\lib\</path>
         <kind>archive</kind>
         <file>rts430x_lc_rd_eabi.lib</file>
         <name>int52.asm.obj</name>
      </input_file>
      <input_file id="fl-4a">
         <path>C:\ti\ccs1240\ccs\tools\compiler\ti-cgt-msp430_21.6.1.LTS\lib\</path>
         <kind>archive</kind>
         <file>rts430x_lc_rd_eabi.lib</file>
         <name>int53.asm.obj</name>
      </input_file>
      <input_file id="fl-4b">
         <path>C:\ti\ccs1240\ccs\tools\compiler\ti-cgt-msp430_21.6.1.LTS\lib\</path>
         <kind>archive</kind>
         <file>rts430x_lc_rd_eabi.lib</file>
         <name>int54.asm.obj</name>
      </input_file>
      <input_file id="fl-4c">
         <path>C:\ti\ccs1240\ccs\tools\compiler\ti-cgt-msp430_21.6.1.LTS\lib\</path>
         <kind>archive</kind>
         <file>rts430x_lc_rd_eabi.lib</file>
         <name>copy_zero_init.c.obj</name>
      </input_file>
      <input_file id="fl-4d">
         <path>C:\ti\ccs1240\ccs\tools\compiler\ti-cgt-msp430_21.6.1.LTS\lib\</path>
         <kind>archive</kind>
         <file>rts430x_lc_rd_eabi.lib</file>
         <name>div16s.asm.obj</name>
      </input_file>
      <input_file id="fl-4e">
         <path>C:\ti\ccs1240\ccs\tools\compiler\ti-cgt-msp430_21.6.1.LTS\lib\</path>
         <kind>archive</kind>
         <file>rts430x_lc_rd_eabi.lib</file>
         <name>div32s.asm.obj</name>
      </input_file>
      <input_file id="fl-4f">
         <path>C:\ti\ccs1240\ccs\tools\compiler\ti-cgt-msp430_21.6.1.LTS\lib\</path>
         <kind>archive</kind>
         <file>rts430x_lc_rd_eabi.lib</file>
         <name>div16u.asm.obj</name>
      </input_file>
      <input_file id="fl-50">
         <path>C:\ti\ccs1240\ccs\tools\compiler\ti-cgt-msp430_21.6.1.LTS\lib\</path>
         <kind>archive</kind>
         <file>rts430x_lc_rd_eabi.lib</file>
         <name>div32u.asm.obj</name>
      </input_file>
      <input_file id="fl-51">
         <path>C:\ti\ccs1240\ccs\tools\compiler\ti-cgt-msp430_21.6.1.LTS\lib\</path>
         <kind>archive</kind>
         <file>rts430x_lc_rd_eabi.lib</file>
         <name>fs_utof.asm.obj</name>
      </input_file>
      <input_file id="fl-52">
         <path>C:\ti\ccs1240\ccs\tools\compiler\ti-cgt-msp430_21.6.1.LTS\lib\</path>
         <kind>archive</kind>
         <file>rts430x_lc_rd_eabi.lib</file>
         <name>fs_mpy.asm.obj</name>
      </input_file>
      <input_file id="fl-53">
         <path>C:\ti\ccs1240\ccs\tools\compiler\ti-cgt-msp430_21.6.1.LTS\lib\</path>
         <kind>archive</kind>
         <file>rts430x_lc_rd_eabi.lib</file>
         <name>mult16_f5hw.asm.obj</name>
      </input_file>
      <input_file id="fl-54">
         <path>C:\ti\ccs1240\ccs\tools\compiler\ti-cgt-msp430_21.6.1.LTS\lib\</path>
         <kind>archive</kind>
         <file>rts430x_lc_rd_eabi.lib</file>
         <name>mult32_f5hw.asm.obj</name>
      </input_file>
      <input_file id="fl-55">
         <path>C:\ti\ccs1240\ccs\tools\compiler\ti-cgt-msp430_21.6.1.LTS\lib\</path>
         <kind>archive</kind>
         <file>rts430x_lc_rd_eabi.lib</file>
         <name>mult64_f5hw.asm.obj</name>
      </input_file>
      <input_file id="fl-56">
         <path>C:\ti\ccs1240\ccs\tools\compiler\ti-cgt-msp430_21.6.1.LTS\lib\</path>
         <kind>archive</kind>
         <file>rts430x_lc_rd_eabi.lib</file>
         <name>mult1632_f5hw.asm.obj</name>
      </input_file>
      <input_file id="fl-57">
         <path>C:\ti\ccs1240\ccs\tools\compiler\ti-cgt-msp430_21.6.1.LTS\lib\</path>
         <kind>archive</kind>
         <file>rts430x_lc_rd_eabi.lib</file>
         <name>mult3264_f5hw.asm.obj</name>
      </input_file>
      <input_file id="fl-58">
         <path>C:\ti\ccs1240\ccs\tools\compiler\ti-cgt-msp430_21.6.1.LTS\lib\</path>
         <kind>archive</kind>
         <file>rts430x_lc_rd_eabi.lib</file>
         <name>fs_add.asm.obj</name>
      </input_file>
      <input_file id="fl-59">
         <path>C:\ti\ccs1240\ccs\tools\compiler\ti-cgt-msp430_21.6.1.LTS\lib\</path>
         <kind>archive</kind>
         <file>rts430x_lc_rd_eabi.lib</file>
         <name>boot.c.obj</name>
      </input_file>
      <input_file id="fl-5a">
         <path>C:\ti\ccs1240\ccs\ccs_base\msp430\lib\FR59xx\</path>
         <kind>archive</kind>
         <file>MSPMPU_INIT_LIB_CCS_msp430_large_code_restricted_data.lib</file>
         <name>mpu_init.o</name>
      </input_file>
      <input_file id="fl-5b">
         <path>C:\ti\ccs1240\ccs\tools\compiler\ti-cgt-msp430_21.6.1.LTS\lib\</path>
         <kind>archive</kind>
         <file>rts430x_lc_rd_eabi.lib</file>
         <name>args_main.c.obj</name>
      </input_file>
      <input_file id="fl-5c">
         <path>C:\ti\ccs1240\ccs\tools\compiler\ti-cgt-msp430_21.6.1.LTS\lib\</path>
         <kind>archive</kind>
         <file>rts430x_lc_rd_eabi.lib</file>
         <name>autoinit.c.obj</name>
      </input_file>
      <input_file id="fl-5d">
         <path>C:\ti\ccs1240\ccs\tools\compiler\ti-cgt-msp430_21.6.1.LTS\lib\</path>
         <kind>archive</kind>
         <file>rts430x_lc_rd_eabi.lib</file>
         <name>startup.c.obj</name>
      </input_file>
      <input_file id="fl-5e">
         <path>C:\ti\ccs1240\ccs\tools\compiler\ti-cgt-msp430_21.6.1.LTS\lib\</path>
         <kind>archive</kind>
         <file>rts430x_lc_rd_eabi.lib</file>
         <name>pre_init.c.obj</name>
      </input_file>
      <input_file id="fl-5f">
         <path>C:\ti\ccs1240\ccs\tools\compiler\ti-cgt-msp430_21.6.1.LTS\lib\</path>
         <kind>archive</kind>
         <file>rts430x_lc_rd_eabi.lib</file>
         <name>cpy_tbl.c.obj</name>
      </input_file>
      <input_file id="fl-60">
         <path>C:\ti\ccs1240\ccs\tools\compiler\ti-cgt-msp430_21.6.1.LTS\lib\</path>
         <kind>archive</kind>
         <file>rts430x_lc_rd_eabi.lib</file>
         <name>mult16.asm.obj</name>
      </input_file>
      <input_file id="fl-61">
         <path>C:\ti\ccs1240\ccs\tools\compiler\ti-cgt-msp430_21.6.1.LTS\lib\</path>
         <kind>archive</kind>
         <file>rts430x_lc_rd_eabi.lib</file>
         <name>exit.c.obj</name>
      </input_file>
      <input_file id="fl-62">
         <path>C:\ti\ccs1240\ccs\tools\compiler\ti-cgt-msp430_21.6.1.LTS\lib\</path>
         <kind>archive</kind>
         <file>rts430x_lc_rd_eabi.lib</file>
         <name>exit_gvars.c.obj</name>
      </input_file>
      <input_file id="fl-63">
         <path>C:\ti\ccs1240\ccs\tools\compiler\ti-cgt-msp430_21.6.1.LTS\lib\</path>
         <kind>archive</kind>
         <file>rts430x_lc_rd_eabi.lib</file>
         <name>_lock.c.obj</name>
      </input_file>
      <input_file id="fl-64">
         <path>C:\ti\ccs1240\ccs\tools\compiler\ti-cgt-msp430_21.6.1.LTS\lib\</path>
         <kind>archive</kind>
         <file>rts430x_lc_rd_eabi.lib</file>
         <name>memcpy.c.obj</name>
      </input_file>
      <input_file id="fl-65">
         <path>C:\ti\ccs1240\ccs\tools\compiler\ti-cgt-msp430_21.6.1.LTS\lib\</path>
         <kind>archive</kind>
         <file>rts430x_lc_rd_eabi.lib</file>
         <name>memset.c.obj</name>
      </input_file>
      <input_file id="fl-66">
         <path>C:\ti\ccs1240\ccs\tools\compiler\ti-cgt-msp430_21.6.1.LTS\lib\</path>
         <kind>archive</kind>
         <file>rts430x_lc_rd_eabi.lib</file>
         <name>sprintf.c.obj</name>
      </input_file>
      <input_file id="fl-67">
         <path>C:\ti\ccs1240\ccs\tools\compiler\ti-cgt-msp430_21.6.1.LTS\lib\</path>
         <kind>archive</kind>
         <file>rts430x_lc_rd_eabi.lib</file>
         <name>_printfi.c.obj</name>
      </input_file>
      <input_file id="fl-68">
         <path>C:\ti\ccs1240\ccs\tools\compiler\ti-cgt-msp430_21.6.1.LTS\lib\</path>
         <kind>archive</kind>
         <file>rts430x_lc_rd_eabi.lib</file>
         <name>_ltoa.c.obj</name>
      </input_file>
      <input_file id="fl-69">
         <path>C:\ti\ccs1240\ccs\tools\compiler\ti-cgt-msp430_21.6.1.LTS\lib\</path>
         <kind>archive</kind>
         <file>rts430x_lc_rd_eabi.lib</file>
         <name>cmpd.c.obj</name>
      </input_file>
      <input_file id="fl-6a">
         <path>C:\ti\ccs1240\ccs\tools\compiler\ti-cgt-msp430_21.6.1.LTS\lib\</path>
         <kind>archive</kind>
         <file>rts430x_lc_rd_eabi.lib</file>
         <name>divd.c.obj</name>
      </input_file>
      <input_file id="fl-6b">
         <path>C:\ti\ccs1240\ccs\tools\compiler\ti-cgt-msp430_21.6.1.LTS\lib\</path>
         <kind>archive</kind>
         <file>rts430x_lc_rd_eabi.lib</file>
         <name>frcdivd.c.obj</name>
      </input_file>
      <input_file id="fl-6c">
         <path>C:\ti\ccs1240\ccs\tools\compiler\ti-cgt-msp430_21.6.1.LTS\lib\</path>
         <kind>archive</kind>
         <file>rts430x_lc_rd_eabi.lib</file>
         <name>div64u.c.obj</name>
      </input_file>
      <input_file id="fl-6d">
         <path>C:\ti\ccs1240\ccs\tools\compiler\ti-cgt-msp430_21.6.1.LTS\lib\</path>
         <kind>archive</kind>
         <file>rts430x_lc_rd_eabi.lib</file>
         <name>fixdi.c.obj</name>
      </input_file>
      <input_file id="fl-6e">
         <path>C:\ti\ccs1240\ccs\tools\compiler\ti-cgt-msp430_21.6.1.LTS\lib\</path>
         <kind>archive</kind>
         <file>rts430x_lc_rd_eabi.lib</file>
         <name>fixdli.c.obj</name>
      </input_file>
      <input_file id="fl-6f">
         <path>C:\ti\ccs1240\ccs\tools\compiler\ti-cgt-msp430_21.6.1.LTS\lib\</path>
         <kind>archive</kind>
         <file>rts430x_lc_rd_eabi.lib</file>
         <name>fltid.c.obj</name>
      </input_file>
      <input_file id="fl-70">
         <path>C:\ti\ccs1240\ccs\tools\compiler\ti-cgt-msp430_21.6.1.LTS\lib\</path>
         <kind>archive</kind>
         <file>rts430x_lc_rd_eabi.lib</file>
         <name>fltlid.c.obj</name>
      </input_file>
      <input_file id="fl-71">
         <path>C:\ti\ccs1240\ccs\tools\compiler\ti-cgt-msp430_21.6.1.LTS\lib\</path>
         <kind>archive</kind>
         <file>rts430x_lc_rd_eabi.lib</file>
         <name>mpyd.c.obj</name>
      </input_file>
      <input_file id="fl-72">
         <path>C:\ti\ccs1240\ccs\tools\compiler\ti-cgt-msp430_21.6.1.LTS\lib\</path>
         <kind>archive</kind>
         <file>rts430x_lc_rd_eabi.lib</file>
         <name>frcmpyd.c.obj</name>
      </input_file>
      <input_file id="fl-73">
         <path>C:\ti\ccs1240\ccs\tools\compiler\ti-cgt-msp430_21.6.1.LTS\lib\</path>
         <kind>archive</kind>
         <file>rts430x_lc_rd_eabi.lib</file>
         <name>mult32.asm.obj</name>
      </input_file>
      <input_file id="fl-74">
         <path>C:\ti\ccs1240\ccs\tools\compiler\ti-cgt-msp430_21.6.1.LTS\lib\</path>
         <kind>archive</kind>
         <file>rts430x_lc_rd_eabi.lib</file>
         <name>mult64.asm.obj</name>
      </input_file>
      <input_file id="fl-75">
         <path>C:\ti\ccs1240\ccs\tools\compiler\ti-cgt-msp430_21.6.1.LTS\lib\</path>
         <kind>archive</kind>
         <file>rts430x_lc_rd_eabi.lib</file>
         <name>mult1632.asm.obj</name>
      </input_file>
      <input_file id="fl-76">
         <path>C:\ti\ccs1240\ccs\tools\compiler\ti-cgt-msp430_21.6.1.LTS\lib\</path>
         <kind>archive</kind>
         <file>rts430x_lc_rd_eabi.lib</file>
         <name>mult3264.asm.obj</name>
      </input_file>
      <input_file id="fl-77">
         <path>C:\ti\ccs1240\ccs\tools\compiler\ti-cgt-msp430_21.6.1.LTS\lib\</path>
         <kind>archive</kind>
         <file>rts430x_lc_rd_eabi.lib</file>
         <name>negd.c.obj</name>
      </input_file>
      <input_file id="fl-78">
         <path>C:\ti\ccs1240\ccs\tools\compiler\ti-cgt-msp430_21.6.1.LTS\lib\</path>
         <kind>archive</kind>
         <file>rts430x_lc_rd_eabi.lib</file>
         <name>lsl32.asm.obj</name>
      </input_file>
      <input_file id="fl-79">
         <path>C:\ti\ccs1240\ccs\tools\compiler\ti-cgt-msp430_21.6.1.LTS\lib\</path>
         <kind>archive</kind>
         <file>rts430x_lc_rd_eabi.lib</file>
         <name>lsl64.c.obj</name>
      </input_file>
      <input_file id="fl-7a">
         <path>C:\ti\ccs1240\ccs\tools\compiler\ti-cgt-msp430_21.6.1.LTS\lib\</path>
         <kind>archive</kind>
         <file>rts430x_lc_rd_eabi.lib</file>
         <name>asr32.asm.obj</name>
      </input_file>
      <input_file id="fl-7b">
         <path>C:\ti\ccs1240\ccs\tools\compiler\ti-cgt-msp430_21.6.1.LTS\lib\</path>
         <kind>archive</kind>
         <file>rts430x_lc_rd_eabi.lib</file>
         <name>lsr32.asm.obj</name>
      </input_file>
      <input_file id="fl-7c">
         <path>C:\ti\ccs1240\ccs\tools\compiler\ti-cgt-msp430_21.6.1.LTS\lib\</path>
         <kind>archive</kind>
         <file>rts430x_lc_rd_eabi.lib</file>
         <name>lsr64.c.obj</name>
      </input_file>
      <input_file id="fl-7d">
         <path>C:\ti\ccs1240\ccs\tools\compiler\ti-cgt-msp430_21.6.1.LTS\lib\</path>
         <kind>archive</kind>
         <file>rts430x_lc_rd_eabi.lib</file>
         <name>subd.c.obj</name>
      </input_file>
      <input_file id="fl-7e">
         <path>C:\ti\ccs1240\ccs\tools\compiler\ti-cgt-msp430_21.6.1.LTS\lib\</path>
         <kind>archive</kind>
         <file>rts430x_lc_rd_eabi.lib</file>
         <name>addd.c.obj</name>
      </input_file>
      <input_file id="fl-7f">
         <path>C:\ti\ccs1240\ccs\tools\compiler\ti-cgt-msp430_21.6.1.LTS\lib\</path>
         <kind>archive</kind>
         <file>rts430x_lc_rd_eabi.lib</file>
         <name>asr64.c.obj</name>
      </input_file>
      <input_file id="fl-80">
         <path>C:\ti\ccs1240\ccs\tools\compiler\ti-cgt-msp430_21.6.1.LTS\lib\</path>
         <kind>archive</kind>
         <file>rts430x_lc_rd_eabi.lib</file>
         <name>abs.c.obj</name>
      </input_file>
      <input_file id="fl-81">
         <path>C:\ti\ccs1240\ccs\tools\compiler\ti-cgt-msp430_21.6.1.LTS\lib\</path>
         <kind>archive</kind>
         <file>rts430x_lc_rd_eabi.lib</file>
         <name>atoi.c.obj</name>
      </input_file>
      <input_file id="fl-82">
         <path>C:\ti\ccs1240\ccs\tools\compiler\ti-cgt-msp430_21.6.1.LTS\lib\</path>
         <kind>archive</kind>
         <file>rts430x_lc_rd_eabi.lib</file>
         <name>ctype.c.obj</name>
      </input_file>
      <input_file id="fl-83">
         <path>C:\ti\ccs1240\ccs\tools\compiler\ti-cgt-msp430_21.6.1.LTS\lib\</path>
         <kind>archive</kind>
         <file>rts430x_lc_rd_eabi.lib</file>
         <name>errno.c.obj</name>
      </input_file>
      <input_file id="fl-84">
         <path>C:\ti\ccs1240\ccs\tools\compiler\ti-cgt-msp430_21.6.1.LTS\lib\</path>
         <kind>archive</kind>
         <file>rts430x_lc_rd_eabi.lib</file>
         <name>s_frexp.c.obj</name>
      </input_file>
      <input_file id="fl-85">
         <path>C:\ti\ccs1240\ccs\tools\compiler\ti-cgt-msp430_21.6.1.LTS\lib\</path>
         <kind>archive</kind>
         <file>rts430x_lc_rd_eabi.lib</file>
         <name>s_scalbn.c.obj</name>
      </input_file>
      <input_file id="fl-86">
         <path>C:\ti\ccs1240\ccs\tools\compiler\ti-cgt-msp430_21.6.1.LTS\lib\</path>
         <kind>archive</kind>
         <file>rts430x_lc_rd_eabi.lib</file>
         <name>s_copysign.c.obj</name>
      </input_file>
      <input_file id="fl-87">
         <path>C:\ti\ccs1240\ccs\tools\compiler\ti-cgt-msp430_21.6.1.LTS\lib\</path>
         <kind>archive</kind>
         <file>rts430x_lc_rd_eabi.lib</file>
         <name>memccpy.c.obj</name>
      </input_file>
      <input_file id="fl-88">
         <path>C:\ti\ccs1240\ccs\tools\compiler\ti-cgt-msp430_21.6.1.LTS\lib\</path>
         <kind>archive</kind>
         <file>rts430x_lc_rd_eabi.lib</file>
         <name>strchr.c.obj</name>
      </input_file>
      <input_file id="fl-89">
         <path>C:\ti\ccs1240\ccs\tools\compiler\ti-cgt-msp430_21.6.1.LTS\lib\</path>
         <kind>archive</kind>
         <file>rts430x_lc_rd_eabi.lib</file>
         <name>strlen.c.obj</name>
      </input_file>
      <input_file id="fl-8a">
         <path>C:\ti\ccs1240\ccs\tools\compiler\ti-cgt-msp430_21.6.1.LTS\lib\</path>
         <kind>archive</kind>
         <file>rts430x_lc_rd_eabi.lib</file>
         <name>toupper.c.obj</name>
      </input_file>
      <input_file id="fl-8b">
         <path>C:\ti\ccs1240\ccs\tools\compiler\ti-cgt-msp430_21.6.1.LTS\lib\</path>
         <kind>archive</kind>
         <file>rts430x_lc_rd_eabi.lib</file>
         <name>wcslen.c.obj</name>
      </input_file>
   </input_file_list>
   <object_component_list>
      <object_component id="oc-94c">
         <name>.cinit..data.load</name>
         <load_address>0x58a0</load_address>
         <run_address>0x58a0</run_address>
         <size>0x9</size>
      </object_component>
      <object_component id="oc-94a">
         <name>__TI_handler_table</name>
         <load_address>0x58aa</load_address>
         <run_address>0x58aa</run_address>
         <size>0x8</size>
      </object_component>
      <object_component id="oc-94b">
         <name>__TI_cinit_table</name>
         <load_address>0x58b2</load_address>
         <run_address>0x58b2</run_address>
         <size>0x8</size>
      </object_component>
      <object_component id="oc-8d9">
         <name>.binit</name>
         <load_address>0x4400</load_address>
         <run_address>0x4400</run_address>
         <size>0x0</size>
      </object_component>
      <object_component id="oc-569">
         <name>.const:.string</name>
         <load_address>0x524c</load_address>
         <run_address>0x524c</run_address>
         <size>0x2c8</size>
         <input_file_ref idref="fl-2"/>
      </object_component>
      <object_component id="oc-744">
         <name>.const:.string:_ctypes_</name>
         <load_address>0x5514</load_address>
         <run_address>0x5514</run_address>
         <size>0x101</size>
         <input_file_ref idref="fl-82"/>
      </object_component>
      <object_component id="oc-58b">
         <name>.const:ETSI_CAT1_869_S1_Rx</name>
         <load_address>0x5616</load_address>
         <run_address>0x5616</run_address>
         <size>0xdc</size>
         <input_file_ref idref="fl-2"/>
      </object_component>
      <object_component id="oc-588">
         <name>.const:ETSI_CAT1_869_S1_Tx</name>
         <load_address>0x56f2</load_address>
         <run_address>0x56f2</run_address>
         <size>0xcc</size>
         <input_file_ref idref="fl-2"/>
      </object_component>
      <object_component id="oc-579">
         <name>.const:ETSI_CAT1_869_S1_PacketTxRx</name>
         <load_address>0x57be</load_address>
         <run_address>0x57be</run_address>
         <size>0xbc</size>
         <input_file_ref idref="fl-2"/>
      </object_component>
      <object_component id="oc-6f3">
         <name>.const:.string</name>
         <load_address>0x587a</load_address>
         <run_address>0x587a</run_address>
         <size>0x26</size>
         <input_file_ref idref="fl-67"/>
      </object_component>
      <object_component id="oc-3d8">
         <name>.text:_isr:USCI_B0_ISR</name>
         <load_address>0x4400</load_address>
         <run_address>0x4400</run_address>
         <size>0xfe</size>
         <input_file_ref idref="fl-4"/>
      </object_component>
      <object_component id="oc-408">
         <name>.text:_isr:_c_int00_noargs_mpu</name>
         <load_address>0x44fe</load_address>
         <run_address>0x44fe</run_address>
         <size>0x20</size>
         <input_file_ref idref="fl-59"/>
      </object_component>
      <object_component id="oc-3d2">
         <name>.text:_isr:Timer_A</name>
         <load_address>0x451e</load_address>
         <run_address>0x451e</run_address>
         <size>0x16</size>
         <input_file_ref idref="fl-b"/>
      </object_component>
      <object_component id="oc-3cd">
         <name>.text:_isr:__TI_ISR_TRAP</name>
         <load_address>0x4534</load_address>
         <run_address>0x4534</run_address>
         <size>0x8</size>
         <input_file_ref idref="fl-35"/>
      </object_component>
      <object_component id="oc-4df">
         <name>.text:Sensor_SetHumidityResolution</name>
         <load_address>0x453c</load_address>
         <run_address>0x453c</run_address>
         <size>0x76</size>
         <input_file_ref idref="fl-3"/>
      </object_component>
      <object_component id="oc-4d9">
         <name>.text:Sensor_SetTempResolution</name>
         <load_address>0x45b2</load_address>
         <run_address>0x45b2</run_address>
         <size>0x76</size>
         <input_file_ref idref="fl-3"/>
      </object_component>
      <object_component id="oc-76">
         <name>.text:decompress:lzss:__TI_decompress_lzss</name>
         <load_address>0x4628</load_address>
         <run_address>0x4628</run_address>
         <size>0x76</size>
         <input_file_ref idref="fl-32"/>
      </object_component>
      <object_component id="oc-4cd">
         <name>.text:Sensor_SetMeasurementMode</name>
         <load_address>0x469e</load_address>
         <run_address>0x469e</run_address>
         <size>0x72</size>
         <input_file_ref idref="fl-3"/>
      </object_component>
      <object_component id="oc-81b">
         <name>.text:__mspabi_fixdli</name>
         <load_address>0x4710</load_address>
         <run_address>0x4710</run_address>
         <size>0x66</size>
         <input_file_ref idref="fl-6e"/>
      </object_component>
      <object_component id="oc-70e">
         <name>.text:atoi</name>
         <load_address>0x4776</load_address>
         <run_address>0x4776</run_address>
         <size>0x62</size>
         <input_file_ref idref="fl-81"/>
      </object_component>
      <object_component id="oc-88f">
         <name>.text:__mpyll</name>
         <load_address>0x47d8</load_address>
         <run_address>0x47d8</run_address>
         <size>0x5c</size>
         <input_file_ref idref="fl-55"/>
      </object_component>
      <object_component id="oc-4f1">
         <name>.text:Sensor_ReadRawHumidity</name>
         <load_address>0x4834</load_address>
         <run_address>0x4834</run_address>
         <size>0x58</size>
         <input_file_ref idref="fl-3"/>
      </object_component>
      <object_component id="oc-7ab">
         <name>.text</name>
         <load_address>0x488c</load_address>
         <run_address>0x488c</run_address>
         <size>0x58</size>
         <input_file_ref idref="fl-50"/>
      </object_component>
      <object_component id="oc-4eb">
         <name>.text:Sensor_ReadRawTemp</name>
         <load_address>0x48e4</load_address>
         <run_address>0x48e4</run_address>
         <size>0x56</size>
         <input_file_ref idref="fl-3"/>
      </object_component>
      <object_component id="oc-53b">
         <name>.text:__TI_auto_init_nobinit_nopinit_hold_wdt:__TI_auto_init_nobinit_nopinit_hold_wdt</name>
         <load_address>0x493a</load_address>
         <run_address>0x493a</run_address>
         <size>0x54</size>
         <input_file_ref idref="fl-5c"/>
      </object_component>
      <object_component id="oc-620">
         <name>.text:trx16BitRegAccess</name>
         <load_address>0x498e</load_address>
         <run_address>0x498e</run_address>
         <size>0x52</size>
         <input_file_ref idref="fl-a"/>
      </object_component>
      <object_component id="oc-5a1">
         <name>.text:I2C_Controller_WriteReg</name>
         <load_address>0x49e0</load_address>
         <run_address>0x49e0</run_address>
         <size>0x50</size>
         <input_file_ref idref="fl-4"/>
      </object_component>
      <object_component id="oc-7dc">
         <name>.text:_fcpy</name>
         <load_address>0x4a30</load_address>
         <run_address>0x4a30</run_address>
         <size>0x4e</size>
         <input_file_ref idref="fl-67"/>
      </object_component>
      <object_component id="oc-57c">
         <name>.text:cc112xSpiReadReg</name>
         <load_address>0x4a7e</load_address>
         <run_address>0x4a7e</run_address>
         <size>0x4c</size>
         <input_file_ref idref="fl-6"/>
      </object_component>
      <object_component id="oc-582">
         <name>.text:cc112xSpiWriteReg</name>
         <load_address>0x4aca</load_address>
         <run_address>0x4aca</run_address>
         <size>0x4c</size>
         <input_file_ref idref="fl-6"/>
      </object_component>
      <object_component id="oc-4b5">
         <name>.text:trxRfSpiInterfaceInit</name>
         <load_address>0x4b16</load_address>
         <run_address>0x4b16</run_address>
         <size>0x48</size>
         <input_file_ref idref="fl-a"/>
      </object_component>
      <object_component id="oc-573">
         <name>.text:sprintf</name>
         <load_address>0x4b5e</load_address>
         <run_address>0x4b5e</run_address>
         <size>0x44</size>
         <input_file_ref idref="fl-66"/>
      </object_component>
      <object_component id="oc-595">
         <name>.text:I2C_Controller_ReadReg</name>
         <load_address>0x4ba2</load_address>
         <run_address>0x4ba2</run_address>
         <size>0x40</size>
         <input_file_ref idref="fl-4"/>
      </object_component>
      <object_component id="oc-8c3">
         <name>.text:__mspabi_srall</name>
         <load_address>0x4be2</load_address>
         <run_address>0x4be2</run_address>
         <size>0x40</size>
         <input_file_ref idref="fl-7f"/>
      </object_component>
      <object_component id="oc-878">
         <name>.text</name>
         <load_address>0x4c22</load_address>
         <run_address>0x4c22</run_address>
         <size>0x40</size>
         <input_file_ref idref="fl-4e"/>
      </object_component>
      <object_component id="oc-5b2">
         <name>.text:trx8BitRegAccess</name>
         <load_address>0x4c62</load_address>
         <run_address>0x4c62</run_address>
         <size>0x40</size>
         <input_file_ref idref="fl-a"/>
      </object_component>
      <object_component id="oc-8a1">
         <name>.text:l_asr_const</name>
         <load_address>0x4ca2</load_address>
         <run_address>0x4ca2</run_address>
         <size>0x3e</size>
         <input_file_ref idref="fl-7a"/>
      </object_component>
      <object_component id="oc-872">
         <name>.text:l_lsl_const</name>
         <load_address>0x4ce0</load_address>
         <run_address>0x4ce0</run_address>
         <size>0x3e</size>
         <input_file_ref idref="fl-78"/>
      </object_component>
      <object_component id="oc-87f">
         <name>.text:l_lsr_const</name>
         <load_address>0x4d1e</load_address>
         <run_address>0x4d1e</run_address>
         <size>0x3e</size>
         <input_file_ref idref="fl-7b"/>
      </object_component>
      <object_component id="oc-4c7">
         <name>.text:Sensor_Reset</name>
         <load_address>0x4d5c</load_address>
         <run_address>0x4d5c</run_address>
         <size>0x3c</size>
         <input_file_ref idref="fl-3"/>
      </object_component>
      <object_component id="oc-4e5">
         <name>.text:Sensor_TriggerMeasurement</name>
         <load_address>0x4d98</load_address>
         <run_address>0x4d98</run_address>
         <size>0x3a</size>
         <input_file_ref idref="fl-3"/>
      </object_component>
      <object_component id="oc-80a">
         <name>.text:__mspabi_sllll</name>
         <load_address>0x4dd2</load_address>
         <run_address>0x4dd2</run_address>
         <size>0x3a</size>
         <input_file_ref idref="fl-79"/>
      </object_component>
      <object_component id="oc-7b0">
         <name>.text:__mspabi_srlll</name>
         <load_address>0x4e0c</load_address>
         <run_address>0x4e0c</run_address>
         <size>0x3a</size>
         <input_file_ref idref="fl-7c"/>
      </object_component>
      <object_component id="oc-82d">
         <name>.text:__mspabi_subd</name>
         <load_address>0x4e46</load_address>
         <run_address>0x4e46</run_address>
         <size>0x32</size>
         <input_file_ref idref="fl-7d"/>
      </object_component>
      <object_component id="oc-772">
         <name>.text:__mspabi_negd</name>
         <load_address>0x4e78</load_address>
         <run_address>0x4e78</run_address>
         <size>0x2e</size>
         <input_file_ref idref="fl-77"/>
      </object_component>
      <object_component id="oc-8b1">
         <name>.text:copysign</name>
         <load_address>0x4ea6</load_address>
         <run_address>0x4ea6</run_address>
         <size>0x2e</size>
         <input_file_ref idref="fl-86"/>
      </object_component>
      <object_component id="oc-46e">
         <name>.text:__mpu_init</name>
         <load_address>0x4ed4</load_address>
         <run_address>0x4ed4</run_address>
         <size>0x2c</size>
         <input_file_ref idref="fl-5a"/>
      </object_component>
      <object_component id="oc-894">
         <name>.text:__mpyull</name>
         <load_address>0x4f00</load_address>
         <run_address>0x4f00</run_address>
         <size>0x2c</size>
         <input_file_ref idref="fl-57"/>
      </object_component>
      <object_component id="oc-509">
         <name>.text:trxSpiCmdStrobe</name>
         <load_address>0x4f2c</load_address>
         <run_address>0x4f2c</run_address>
         <size>0x2c</size>
         <input_file_ref idref="fl-a"/>
      </object_component>
      <object_component id="oc-56a">
         <name>.text:putstring</name>
         <load_address>0x4f58</load_address>
         <run_address>0x4f58</run_address>
         <size>0x2a</size>
         <input_file_ref idref="fl-5"/>
      </object_component>
      <object_component id="oc-833">
         <name>.text:__mspabi_fixdi</name>
         <load_address>0x4f82</load_address>
         <run_address>0x4f82</run_address>
         <size>0x28</size>
         <input_file_ref idref="fl-6d"/>
      </object_component>
      <object_component id="oc-4af">
         <name>.text:initI2C</name>
         <load_address>0x4faa</load_address>
         <run_address>0x4faa</run_address>
         <size>0x28</size>
         <input_file_ref idref="fl-4"/>
      </object_component>
      <object_component id="oc-4fd">
         <name>.text:createPacket</name>
         <load_address>0x4fd2</load_address>
         <run_address>0x4fd2</run_address>
         <size>0x26</size>
         <input_file_ref idref="fl-2"/>
      </object_component>
      <object_component id="oc-6fa">
         <name>.text:memccpy</name>
         <load_address>0x4ff8</load_address>
         <run_address>0x4ff8</run_address>
         <size>0x26</size>
         <input_file_ref idref="fl-87"/>
      </object_component>
      <object_component id="oc-89c">
         <name>.text</name>
         <load_address>0x501e</load_address>
         <run_address>0x501e</run_address>
         <size>0x24</size>
         <input_file_ref idref="fl-54"/>
      </object_component>
      <object_component id="oc-670">
         <name>.text:EUSCI_A_UART_transmitData</name>
         <load_address>0x5042</load_address>
         <run_address>0x5042</run_address>
         <size>0x22</size>
         <input_file_ref idref="fl-8"/>
      </object_component>
      <object_component id="oc-4a3">
         <name>.text:initClockTo16MHz</name>
         <load_address>0x5064</load_address>
         <run_address>0x5064</run_address>
         <size>0x22</size>
         <input_file_ref idref="fl-4"/>
      </object_component>
      <object_component id="oc-60f">
         <name>.text:_outs</name>
         <load_address>0x5086</load_address>
         <run_address>0x5086</run_address>
         <size>0x20</size>
         <input_file_ref idref="fl-66"/>
      </object_component>
      <object_component id="oc-4f7">
         <name>.text:InitTxTimer</name>
         <load_address>0x50a6</load_address>
         <run_address>0x50a6</run_address>
         <size>0x1c</size>
         <input_file_ref idref="fl-2"/>
      </object_component>
      <object_component id="oc-861">
         <name>.text:strchr</name>
         <load_address>0x50c2</load_address>
         <run_address>0x50c2</run_address>
         <size>0x1c</size>
         <input_file_ref idref="fl-88"/>
      </object_component>
      <object_component id="oc-4a9">
         <name>.text:initGPIO</name>
         <load_address>0x50de</load_address>
         <run_address>0x50de</run_address>
         <size>0x18</size>
         <input_file_ref idref="fl-4"/>
      </object_component>
      <object_component id="oc-662">
         <name>.text</name>
         <load_address>0x50f6</load_address>
         <run_address>0x50f6</run_address>
         <size>0x18</size>
         <input_file_ref idref="fl-53"/>
      </object_component>
      <object_component id="oc-62e">
         <name>.text:CopyTxArray</name>
         <load_address>0x510e</load_address>
         <run_address>0x510e</run_address>
         <size>0x16</size>
         <input_file_ref idref="fl-4"/>
      </object_component>
      <object_component id="oc-49d">
         <name>.text:memset</name>
         <load_address>0x5124</load_address>
         <run_address>0x5124</run_address>
         <size>0x16</size>
         <input_file_ref idref="fl-65"/>
      </object_component>
      <object_component id="oc-737">
         <name>.text</name>
         <load_address>0x513a</load_address>
         <run_address>0x513a</run_address>
         <size>0x16</size>
         <input_file_ref idref="fl-4f"/>
      </object_component>
      <object_component id="oc-71d">
         <name>.text:wcslen</name>
         <load_address>0x5150</load_address>
         <run_address>0x5150</run_address>
         <size>0x16</size>
         <input_file_ref idref="fl-8b"/>
      </object_component>
      <object_component id="oc-615">
         <name>.text:_outc</name>
         <load_address>0x5166</load_address>
         <run_address>0x5166</run_address>
         <size>0x14</size>
         <input_file_ref idref="fl-66"/>
      </object_component>
      <object_component id="oc-3c0">
         <name>.text:memcpy</name>
         <load_address>0x517a</load_address>
         <run_address>0x517a</run_address>
         <size>0x14</size>
         <input_file_ref idref="fl-64"/>
      </object_component>
      <object_component id="oc-7c">
         <name>.text:decompress:none:__TI_decompress_none</name>
         <load_address>0x518e</load_address>
         <run_address>0x518e</run_address>
         <size>0x12</size>
         <input_file_ref idref="fl-33"/>
      </object_component>
      <object_component id="oc-76c">
         <name>.text:toupper</name>
         <load_address>0x51a0</load_address>
         <run_address>0x51a0</run_address>
         <size>0x12</size>
         <input_file_ref idref="fl-8a"/>
      </object_component>
      <object_component id="oc-43c">
         <name>.text:CS_disableClockRequest</name>
         <load_address>0x51b2</load_address>
         <run_address>0x51b2</run_address>
         <size>0x10</size>
         <input_file_ref idref="fl-7"/>
      </object_component>
      <object_component id="oc-433">
         <name>.text:CS_enableClockRequest</name>
         <load_address>0x51c2</load_address>
         <run_address>0x51c2</run_address>
         <size>0x10</size>
         <input_file_ref idref="fl-7"/>
      </object_component>
      <object_component id="oc-50f">
         <name>.text:CS_turnOffSMCLK</name>
         <load_address>0x51d2</load_address>
         <run_address>0x51d2</run_address>
         <size>0x10</size>
         <input_file_ref idref="fl-7"/>
      </object_component>
      <object_component id="oc-42c">
         <name>.text:CS_turnOnSMCLK</name>
         <load_address>0x51e2</load_address>
         <run_address>0x51e2</run_address>
         <size>0x10</size>
         <input_file_ref idref="fl-7"/>
      </object_component>
      <object_component id="oc-503">
         <name>.text:cc112xSpiWriteTxFifo</name>
         <load_address>0x51f2</load_address>
         <run_address>0x51f2</run_address>
         <size>0x10</size>
         <input_file_ref idref="fl-6"/>
      </object_component>
      <object_component id="oc-810">
         <name>.text:l_lsr</name>
         <load_address>0x5202</load_address>
         <run_address>0x5202</run_address>
         <size>0x10</size>
         <input_file_ref idref="fl-7b"/>
      </object_component>
      <object_component id="oc-5ff">
         <name>.text:strlen</name>
         <load_address>0x5212</load_address>
         <run_address>0x5212</run_address>
         <size>0xe</size>
         <input_file_ref idref="fl-89"/>
      </object_component>
      <object_component id="oc-867">
         <name>.text:__mspabi_fltid</name>
         <load_address>0x5220</load_address>
         <run_address>0x5220</run_address>
         <size>0xc</size>
         <input_file_ref idref="fl-6f"/>
      </object_component>
      <object_component id="oc-605">
         <name>.text:putcha</name>
         <load_address>0x522c</load_address>
         <run_address>0x522c</run_address>
         <size>0xc</size>
         <input_file_ref idref="fl-5"/>
      </object_component>
      <object_component id="oc-83a">
         <name>.text:abs</name>
         <load_address>0x5238</load_address>
         <run_address>0x5238</run_address>
         <size>0xa</size>
         <input_file_ref idref="fl-80"/>
      </object_component>
      <object_component id="oc-517">
         <name>.text:abort</name>
         <load_address>0x5242</load_address>
         <run_address>0x5242</run_address>
         <size>0x6</size>
         <input_file_ref idref="fl-61"/>
      </object_component>
      <object_component id="oc-456">
         <name>.text:_system_pre_init</name>
         <load_address>0x5248</load_address>
         <run_address>0x5248</run_address>
         <size>0x4</size>
         <input_file_ref idref="fl-5e"/>
      </object_component>
      <object_component id="oc-4bb">
         <name>.text:ConfigRegisters</name>
         <load_address>0x10000</load_address>
         <run_address>0x10000</run_address>
         <size>0x9cc</size>
         <input_file_ref idref="fl-2"/>
      </object_component>
      <object_component id="oc-886">
         <name>.text:__mspabi_addd</name>
         <load_address>0x109cc</load_address>
         <run_address>0x109cc</run_address>
         <size>0x72a</size>
         <input_file_ref idref="fl-7e"/>
      </object_component>
      <object_component id="oc-84c">
         <name>.text:__TI_frcdivd</name>
         <load_address>0x110f6</load_address>
         <run_address>0x110f6</run_address>
         <size>0x468</size>
         <input_file_ref idref="fl-6b"/>
      </object_component>
      <object_component id="oc-7a5">
         <name>.text:__mspabi_divull</name>
         <load_address>0x1155e</load_address>
         <run_address>0x1155e</run_address>
         <size>0x34e</size>
         <input_file_ref idref="fl-6c"/>
      </object_component>
      <object_component id="oc-68c">
         <name>.text:__TI_printfi:__TI_printfi</name>
         <load_address>0x118ac</load_address>
         <run_address>0x118ac</run_address>
         <size>0x2a6</size>
         <input_file_ref idref="fl-67"/>
      </object_component>
      <object_component id="oc-7e3">
         <name>.text:__mspabi_mpyd</name>
         <load_address>0x11b52</load_address>
         <run_address>0x11b52</run_address>
         <size>0x292</size>
         <input_file_ref idref="fl-71"/>
      </object_component>
      <object_component id="oc-6e0">
         <name>.text:__TI_printfi:_setfield___TI_printfi</name>
         <load_address>0x11de4</load_address>
         <run_address>0x11de4</run_address>
         <size>0x27a</size>
         <input_file_ref idref="fl-67"/>
      </object_component>
      <object_component id="oc-72e">
         <name>.text:_pproc_fgea</name>
         <load_address>0x1205e</load_address>
         <run_address>0x1205e</run_address>
         <size>0x268</size>
         <input_file_ref idref="fl-67"/>
      </object_component>
      <object_component id="oc-7f6">
         <name>.text:acvt</name>
         <load_address>0x122c6</load_address>
         <run_address>0x122c6</run_address>
         <size>0x224</size>
         <input_file_ref idref="fl-67"/>
      </object_component>
      <object_component id="oc-7e9">
         <name>.text:__mspabi_divd</name>
         <load_address>0x124ea</load_address>
         <run_address>0x124ea</run_address>
         <size>0x21c</size>
         <input_file_ref idref="fl-6a"/>
      </object_component>
      <object_component id="oc-75f">
         <name>.text:__TI_printfi:_getarg_diouxp___TI_printfi</name>
         <load_address>0x12706</load_address>
         <run_address>0x12706</run_address>
         <size>0x206</size>
         <input_file_ref idref="fl-67"/>
      </object_component>
      <object_component id="oc-7c3">
         <name>.text:ecvt</name>
         <load_address>0x1290c</load_address>
         <run_address>0x1290c</run_address>
         <size>0x1e6</size>
         <input_file_ref idref="fl-67"/>
      </object_component>
      <object_component id="oc-7d6">
         <name>.text:fcvt</name>
         <load_address>0x12af2</load_address>
         <run_address>0x12af2</run_address>
         <size>0x1c8</size>
         <input_file_ref idref="fl-67"/>
      </object_component>
      <object_component id="oc-784">
         <name>.text:_pconv_e</name>
         <load_address>0x12cba</load_address>
         <run_address>0x12cba</run_address>
         <size>0x1a2</size>
         <input_file_ref idref="fl-67"/>
      </object_component>
      <object_component id="oc-4c1">
         <name>.text:manualCalibration</name>
         <load_address>0x12e5c</load_address>
         <run_address>0x12e5c</run_address>
         <size>0x196</size>
         <input_file_ref idref="fl-2"/>
      </object_component>
      <object_component id="oc-78a">
         <name>.text:_pconv_a</name>
         <load_address>0x12ff2</load_address>
         <run_address>0x12ff2</run_address>
         <size>0x170</size>
         <input_file_ref idref="fl-67"/>
      </object_component>
      <object_component id="oc-844">
         <name>.text:__TI_frcmpyd</name>
         <load_address>0x13162</load_address>
         <run_address>0x13162</run_address>
         <size>0x164</size>
         <input_file_ref idref="fl-72"/>
      </object_component>
      <object_component id="oc-85b">
         <name>.text:scalbn</name>
         <load_address>0x132c6</load_address>
         <run_address>0x132c6</run_address>
         <size>0x15a</size>
         <input_file_ref idref="fl-85"/>
      </object_component>
      <object_component id="oc-728">
         <name>.text:__TI_printfi:_pproc_diouxp___TI_printfi</name>
         <load_address>0x13420</load_address>
         <run_address>0x13420</run_address>
         <size>0x148</size>
         <input_file_ref idref="fl-67"/>
      </object_component>
      <object_component id="oc-765">
         <name>.text:__TI_printfi:_ltostr___TI_printfi</name>
         <load_address>0x13568</load_address>
         <run_address>0x13568</run_address>
         <size>0x128</size>
         <input_file_ref idref="fl-67"/>
      </object_component>
      <object_component id="oc-778">
         <name>.text:_pconv_g</name>
         <load_address>0x13690</load_address>
         <run_address>0x13690</run_address>
         <size>0xfc</size>
         <input_file_ref idref="fl-67"/>
      </object_component>
      <object_component id="oc-6da">
         <name>.text:__TI_printfi:_pproc_fwp___TI_printfi</name>
         <load_address>0x1378c</load_address>
         <run_address>0x1378c</run_address>
         <size>0xea</size>
         <input_file_ref idref="fl-67"/>
      </object_component>
      <object_component id="oc-790">
         <name>.text:__mspabi_cmpd</name>
         <load_address>0x13876</load_address>
         <run_address>0x13876</run_address>
         <size>0xd8</size>
         <input_file_ref idref="fl-69"/>
      </object_component>
      <object_component id="oc-6ec">
         <name>.text:__TI_printfi:_pproc_wstr___TI_printfi</name>
         <load_address>0x1394e</load_address>
         <run_address>0x1394e</run_address>
         <size>0xc8</size>
         <input_file_ref idref="fl-67"/>
      </object_component>
      <object_component id="oc-45c">
         <name>.text:main</name>
         <load_address>0x13a16</load_address>
         <run_address>0x13a16</run_address>
         <size>0xa8</size>
         <input_file_ref idref="fl-b"/>
      </object_component>
      <object_component id="oc-6e6">
         <name>.text:__TI_printfi:_pproc_str___TI_printfi</name>
         <load_address>0x13abe</load_address>
         <run_address>0x13abe</run_address>
         <size>0xa6</size>
         <input_file_ref idref="fl-67"/>
      </object_component>
      <object_component id="oc-7f0">
         <name>.text:frexp</name>
         <load_address>0x13b64</load_address>
         <run_address>0x13b64</run_address>
         <size>0xa6</size>
         <input_file_ref idref="fl-84"/>
      </object_component>
      <object_component id="oc-4d3">
         <name>.text:Sensor_SetMeasurementRate</name>
         <load_address>0x13c0a</load_address>
         <run_address>0x13c0a</run_address>
         <size>0x9e</size>
         <input_file_ref idref="fl-3"/>
      </object_component>
      <object_component id="oc-827">
         <name>.text:__mspabi_fltlid</name>
         <load_address>0x13ca8</load_address>
         <run_address>0x13ca8</run_address>
         <size>0x9e</size>
         <input_file_ref idref="fl-70"/>
      </object_component>
      <object_component id="oc-7c9">
         <name>.text:_ecpy</name>
         <load_address>0x13d46</load_address>
         <run_address>0x13d46</run_address>
         <size>0x90</size>
         <input_file_ref idref="fl-67"/>
      </object_component>
      <object_component id="oc-7cf">
         <name>.text:_mcpy</name>
         <load_address>0x13dd6</load_address>
         <run_address>0x13dd6</run_address>
         <size>0x90</size>
         <input_file_ref idref="fl-67"/>
      </object_component>
      <object_component id="oc-821">
         <name>.text:__TI_ltoa</name>
         <load_address>0x13e66</load_address>
         <run_address>0x13e66</run_address>
         <size>0x80</size>
         <input_file_ref idref="fl-68"/>
      </object_component>
      <object_component id="oc-637">
         <name>.text:trxReadWriteBurstSingle</name>
         <load_address>0x13ee6</load_address>
         <run_address>0x13ee6</run_address>
         <size>0x80</size>
         <input_file_ref idref="fl-a"/>
      </object_component>
      <object_component id="oc-77e">
         <name>.text:_pconv_f</name>
         <load_address>0x13f66</load_address>
         <run_address>0x13f66</run_address>
         <size>0x78</size>
         <input_file_ref idref="fl-67"/>
      </object_component>
      <object_component id="oc-59b">
         <name>.text:CopyRxArray</name>
         <load_address>0x13fde</load_address>
         <run_address>0x13fde</run_address>
         <size>0x18</size>
         <input_file_ref idref="fl-4"/>
      </object_component>
      <object_component id="oc-5d5">
         <name>.text:_system_post_cinit</name>
         <load_address>0x13ff6</load_address>
         <run_address>0x13ff6</run_address>
         <size>0x2</size>
         <input_file_ref idref="fl-5d"/>
      </object_component>
      <object_component id="oc-570">
         <name>.data:Msg</name>
         <load_address>0x1c00</load_address>
         <run_address>0x1c00</run_address>
         <size>0x100</size>
         <input_file_ref idref="fl-2"/>
      </object_component>
      <object_component id="oc-439">
         <name>.data</name>
         <load_address>0x1d28</load_address>
         <run_address>0x1d28</run_address>
         <size>0x7</size>
         <input_file_ref idref="fl-4"/>
      </object_component>
      <object_component id="oc-445">
         <name>.data:ReceiveBuffer</name>
         <load_address>0x1d00</load_address>
         <run_address>0x1d00</run_address>
         <size>0x14</size>
         <input_file_ref idref="fl-4"/>
      </object_component>
      <object_component id="oc-442">
         <name>.data:TransmitBuffer</name>
         <load_address>0x1d14</load_address>
         <run_address>0x1d14</run_address>
         <size>0x14</size>
         <input_file_ref idref="fl-4"/>
      </object_component>
      <object_component id="oc-723">
         <name>.data</name>
         <load_address>0x1d30</load_address>
         <run_address>0x1d30</run_address>
         <size>0x2</size>
         <input_file_ref idref="fl-83"/>
      </object_component>
      <object_component id="oc-3b1">
         <name>.stack</name>
         <uninitialized>true</uninitialized>
         <run_address>0x2360</run_address>
         <size>0x4</size>
         <input_file_ref idref="fl-59"/>
      </object_component>
      <object_component id="oc-94d">
         <name>.stack</name>
         <uninitialized>true</uninitialized>
         <run_address>0x2360</run_address>
         <size>0x0</size>
      </object_component>
      <object_component id="oc-82">
         <name>.int30</name>
         <load_address>0xffcc</load_address>
         <run_address>0xffcc</run_address>
         <size>0x2</size>
         <input_file_ref idref="fl-34"/>
      </object_component>
      <object_component id="oc-83">
         <name>.int31</name>
         <load_address>0xffce</load_address>
         <run_address>0xffce</run_address>
         <size>0x2</size>
         <input_file_ref idref="fl-36"/>
      </object_component>
      <object_component id="oc-84">
         <name>.int32</name>
         <load_address>0xffd0</load_address>
         <run_address>0xffd0</run_address>
         <size>0x2</size>
         <input_file_ref idref="fl-37"/>
      </object_component>
      <object_component id="oc-85">
         <name>.int33</name>
         <load_address>0xffd2</load_address>
         <run_address>0xffd2</run_address>
         <size>0x2</size>
         <input_file_ref idref="fl-38"/>
      </object_component>
      <object_component id="oc-86">
         <name>.int34</name>
         <load_address>0xffd4</load_address>
         <run_address>0xffd4</run_address>
         <size>0x2</size>
         <input_file_ref idref="fl-39"/>
      </object_component>
      <object_component id="oc-87">
         <name>.int35</name>
         <load_address>0xffd6</load_address>
         <run_address>0xffd6</run_address>
         <size>0x2</size>
         <input_file_ref idref="fl-3a"/>
      </object_component>
      <object_component id="oc-88">
         <name>.int36</name>
         <load_address>0xffd8</load_address>
         <run_address>0xffd8</run_address>
         <size>0x2</size>
         <input_file_ref idref="fl-3b"/>
      </object_component>
      <object_component id="oc-89">
         <name>.int37</name>
         <load_address>0xffda</load_address>
         <run_address>0xffda</run_address>
         <size>0x2</size>
         <input_file_ref idref="fl-3c"/>
      </object_component>
      <object_component id="oc-8a">
         <name>.int38</name>
         <load_address>0xffdc</load_address>
         <run_address>0xffdc</run_address>
         <size>0x2</size>
         <input_file_ref idref="fl-3d"/>
      </object_component>
      <object_component id="oc-8b">
         <name>.int39</name>
         <load_address>0xffde</load_address>
         <run_address>0xffde</run_address>
         <size>0x2</size>
         <input_file_ref idref="fl-3e"/>
      </object_component>
      <object_component id="oc-8c">
         <name>.int40</name>
         <load_address>0xffe0</load_address>
         <run_address>0xffe0</run_address>
         <size>0x2</size>
         <input_file_ref idref="fl-3f"/>
      </object_component>
      <object_component id="oc-8d">
         <name>.int41</name>
         <load_address>0xffe2</load_address>
         <run_address>0xffe2</run_address>
         <size>0x2</size>
         <input_file_ref idref="fl-40"/>
      </object_component>
      <object_component id="oc-8e">
         <name>.int42</name>
         <load_address>0xffe4</load_address>
         <run_address>0xffe4</run_address>
         <size>0x2</size>
         <input_file_ref idref="fl-41"/>
      </object_component>
      <object_component id="oc-8f">
         <name>.int43</name>
         <load_address>0xffe6</load_address>
         <run_address>0xffe6</run_address>
         <size>0x2</size>
         <input_file_ref idref="fl-42"/>
      </object_component>
      <object_component id="oc-90">
         <name>.int44</name>
         <load_address>0xffe8</load_address>
         <run_address>0xffe8</run_address>
         <size>0x2</size>
         <input_file_ref idref="fl-43"/>
      </object_component>
      <object_component id="oc-91">
         <name>.int45</name>
         <load_address>0xffea</load_address>
         <run_address>0xffea</run_address>
         <size>0x2</size>
         <input_file_ref idref="fl-b"/>
      </object_component>
      <object_component id="oc-92">
         <name>.int46</name>
         <load_address>0xffec</load_address>
         <run_address>0xffec</run_address>
         <size>0x2</size>
         <input_file_ref idref="fl-44"/>
      </object_component>
      <object_component id="oc-93">
         <name>.int47</name>
         <load_address>0xffee</load_address>
         <run_address>0xffee</run_address>
         <size>0x2</size>
         <input_file_ref idref="fl-4"/>
      </object_component>
      <object_component id="oc-94">
         <name>.int48</name>
         <load_address>0xfff0</load_address>
         <run_address>0xfff0</run_address>
         <size>0x2</size>
         <input_file_ref idref="fl-45"/>
      </object_component>
      <object_component id="oc-95">
         <name>.int49</name>
         <load_address>0xfff2</load_address>
         <run_address>0xfff2</run_address>
         <size>0x2</size>
         <input_file_ref idref="fl-46"/>
      </object_component>
      <object_component id="oc-96">
         <name>.int50</name>
         <load_address>0xfff4</load_address>
         <run_address>0xfff4</run_address>
         <size>0x2</size>
         <input_file_ref idref="fl-47"/>
      </object_component>
      <object_component id="oc-97">
         <name>.int51</name>
         <load_address>0xfff6</load_address>
         <run_address>0xfff6</run_address>
         <size>0x2</size>
         <input_file_ref idref="fl-48"/>
      </object_component>
      <object_component id="oc-98">
         <name>.int52</name>
         <load_address>0xfff8</load_address>
         <run_address>0xfff8</run_address>
         <size>0x2</size>
         <input_file_ref idref="fl-49"/>
      </object_component>
      <object_component id="oc-99">
         <name>.int53</name>
         <load_address>0xfffa</load_address>
         <run_address>0xfffa</run_address>
         <size>0x2</size>
         <input_file_ref idref="fl-4a"/>
      </object_component>
      <object_component id="oc-9a">
         <name>.int54</name>
         <load_address>0xfffc</load_address>
         <run_address>0xfffc</run_address>
         <size>0x2</size>
         <input_file_ref idref="fl-4b"/>
      </object_component>
      <object_component id="oc-3b4">
         <name>.reset</name>
         <load_address>0xfffe</load_address>
         <run_address>0xfffe</run_address>
         <size>0x2</size>
         <input_file_ref idref="fl-59"/>
      </object_component>
      <object_component id="oc-55d">
         <name>.debug_info</name>
         <load_address>0x0</load_address>
         <run_address>0x0</run_address>
         <size>0x3b7</size>
         <input_file_ref idref="fl-2"/>
      </object_component>
      <object_component id="oc-58c">
         <name>.debug_info</name>
         <load_address>0x3b7</load_address>
         <run_address>0x3b7</run_address>
         <size>0xf5</size>
         <input_file_ref idref="fl-2"/>
      </object_component>
      <object_component id="oc-589">
         <name>.debug_info</name>
         <load_address>0x4ac</load_address>
         <run_address>0x4ac</run_address>
         <size>0xf5</size>
         <input_file_ref idref="fl-2"/>
      </object_component>
      <object_component id="oc-57a">
         <name>.debug_info</name>
         <load_address>0x5a1</load_address>
         <run_address>0x5a1</run_address>
         <size>0x105</size>
         <input_file_ref idref="fl-2"/>
      </object_component>
      <object_component id="oc-571">
         <name>.debug_info</name>
         <load_address>0x6a6</load_address>
         <run_address>0x6a6</run_address>
         <size>0xd6</size>
         <input_file_ref idref="fl-2"/>
      </object_component>
      <object_component id="oc-4c2">
         <name>.debug_info</name>
         <load_address>0x77c</load_address>
         <run_address>0x77c</run_address>
         <size>0x40c</size>
         <input_file_ref idref="fl-2"/>
      </object_component>
      <object_component id="oc-4fe">
         <name>.debug_info</name>
         <load_address>0xb88</load_address>
         <run_address>0xb88</run_address>
         <size>0x1c3</size>
         <input_file_ref idref="fl-2"/>
      </object_component>
      <object_component id="oc-4f8">
         <name>.debug_info</name>
         <load_address>0xd4b</load_address>
         <run_address>0xd4b</run_address>
         <size>0x125</size>
         <input_file_ref idref="fl-2"/>
      </object_component>
      <object_component id="oc-4bc">
         <name>.debug_info</name>
         <load_address>0xe70</load_address>
         <run_address>0xe70</run_address>
         <size>0xc71</size>
         <input_file_ref idref="fl-2"/>
      </object_component>
      <object_component id="oc-58f">
         <name>.debug_info</name>
         <load_address>0x1ae1</load_address>
         <run_address>0x1ae1</run_address>
         <size>0x6b</size>
         <input_file_ref idref="fl-2"/>
      </object_component>
      <object_component id="oc-558">
         <name>.debug_info</name>
         <load_address>0x1b4c</load_address>
         <run_address>0x1b4c</run_address>
         <size>0x26b</size>
         <input_file_ref idref="fl-2"/>
      </object_component>
      <object_component id="oc-679">
         <name>.debug_info</name>
         <load_address>0x1db7</load_address>
         <run_address>0x1db7</run_address>
         <size>0xee</size>
         <input_file_ref idref="fl-2"/>
      </object_component>
      <object_component id="oc-3bb">
         <name>.debug_info</name>
         <load_address>0x1ea5</load_address>
         <run_address>0x1ea5</run_address>
         <size>0x84</size>
         <input_file_ref idref="fl-2"/>
      </object_component>
      <object_component id="oc-564">
         <name>.debug_info</name>
         <load_address>0x1f29</load_address>
         <run_address>0x1f29</run_address>
         <size>0x94</size>
         <input_file_ref idref="fl-2"/>
      </object_component>
      <object_component id="oc-495">
         <name>.debug_info</name>
         <load_address>0x1fbd</load_address>
         <run_address>0x1fbd</run_address>
         <size>0x282</size>
         <input_file_ref idref="fl-2"/>
      </object_component>
      <object_component id="oc-449">
         <name>.debug_info</name>
         <load_address>0x223f</load_address>
         <run_address>0x223f</run_address>
         <size>0xbb</size>
         <input_file_ref idref="fl-2"/>
      </object_component>
      <object_component id="oc-5f8">
         <name>.debug_info</name>
         <load_address>0x22fa</load_address>
         <run_address>0x22fa</run_address>
         <size>0xd9</size>
         <input_file_ref idref="fl-2"/>
      </object_component>
      <object_component id="oc-694">
         <name>.debug_info</name>
         <load_address>0x23d3</load_address>
         <run_address>0x23d3</run_address>
         <size>0x2c</size>
         <input_file_ref idref="fl-2"/>
      </object_component>
      <object_component id="oc-5be">
         <name>.debug_info</name>
         <load_address>0x23ff</load_address>
         <run_address>0x23ff</run_address>
         <size>0x35</size>
         <input_file_ref idref="fl-2"/>
      </object_component>
      <object_component id="oc-5a8">
         <name>.debug_info</name>
         <load_address>0x2434</load_address>
         <run_address>0x2434</run_address>
         <size>0x26b</size>
         <input_file_ref idref="fl-3"/>
      </object_component>
      <object_component id="oc-4e6">
         <name>.debug_info</name>
         <load_address>0x269f</load_address>
         <run_address>0x269f</run_address>
         <size>0x1ac</size>
         <input_file_ref idref="fl-3"/>
      </object_component>
      <object_component id="oc-4da">
         <name>.debug_info</name>
         <load_address>0x284b</load_address>
         <run_address>0x284b</run_address>
         <size>0x1e4</size>
         <input_file_ref idref="fl-3"/>
      </object_component>
      <object_component id="oc-4d4">
         <name>.debug_info</name>
         <load_address>0x2a2f</load_address>
         <run_address>0x2a2f</run_address>
         <size>0x1ce</size>
         <input_file_ref idref="fl-3"/>
      </object_component>
      <object_component id="oc-4ce">
         <name>.debug_info</name>
         <load_address>0x2bfd</load_address>
         <run_address>0x2bfd</run_address>
         <size>0x1ce</size>
         <input_file_ref idref="fl-3"/>
      </object_component>
      <object_component id="oc-4e0">
         <name>.debug_info</name>
         <load_address>0x2dcb</load_address>
         <run_address>0x2dcb</run_address>
         <size>0x1ec</size>
         <input_file_ref idref="fl-3"/>
      </object_component>
      <object_component id="oc-4c8">
         <name>.debug_info</name>
         <load_address>0x2fb7</load_address>
         <run_address>0x2fb7</run_address>
         <size>0x192</size>
         <input_file_ref idref="fl-3"/>
      </object_component>
      <object_component id="oc-4ee">
         <name>.debug_info</name>
         <load_address>0x3149</load_address>
         <run_address>0x3149</run_address>
         <size>0x1d3</size>
         <input_file_ref idref="fl-3"/>
      </object_component>
      <object_component id="oc-4f4">
         <name>.debug_info</name>
         <load_address>0x331c</load_address>
         <run_address>0x331c</run_address>
         <size>0x1e3</size>
         <input_file_ref idref="fl-3"/>
      </object_component>
      <object_component id="oc-48a">
         <name>.debug_info</name>
         <load_address>0x34ff</load_address>
         <run_address>0x34ff</run_address>
         <size>0x8b</size>
         <input_file_ref idref="fl-3"/>
      </object_component>
      <object_component id="oc-492">
         <name>.debug_info</name>
         <load_address>0x358a</load_address>
         <run_address>0x358a</run_address>
         <size>0x48b</size>
         <input_file_ref idref="fl-4"/>
      </object_component>
      <object_component id="oc-43a">
         <name>.debug_info</name>
         <load_address>0x3a15</load_address>
         <run_address>0x3a15</run_address>
         <size>0x1b2</size>
         <input_file_ref idref="fl-4"/>
      </object_component>
      <object_component id="oc-446">
         <name>.debug_info</name>
         <load_address>0x3bc7</load_address>
         <run_address>0x3bc7</run_address>
         <size>0xe7</size>
         <input_file_ref idref="fl-4"/>
      </object_component>
      <object_component id="oc-443">
         <name>.debug_info</name>
         <load_address>0x3cae</load_address>
         <run_address>0x3cae</run_address>
         <size>0xe9</size>
         <input_file_ref idref="fl-4"/>
      </object_component>
      <object_component id="oc-4b1">
         <name>.debug_info</name>
         <load_address>0x3d97</load_address>
         <run_address>0x3d97</run_address>
         <size>0x13f</size>
         <input_file_ref idref="fl-4"/>
      </object_component>
      <object_component id="oc-4aa">
         <name>.debug_info</name>
         <load_address>0x3ed6</load_address>
         <run_address>0x3ed6</run_address>
         <size>0x113</size>
         <input_file_ref idref="fl-4"/>
      </object_component>
      <object_component id="oc-4a5">
         <name>.debug_info</name>
         <load_address>0x3fe9</load_address>
         <run_address>0x3fe9</run_address>
         <size>0x123</size>
         <input_file_ref idref="fl-4"/>
      </object_component>
      <object_component id="oc-3db">
         <name>.debug_info</name>
         <load_address>0x410c</load_address>
         <run_address>0x410c</run_address>
         <size>0x1a1</size>
         <input_file_ref idref="fl-4"/>
      </object_component>
      <object_component id="oc-630">
         <name>.debug_info</name>
         <load_address>0x42ad</load_address>
         <run_address>0x42ad</run_address>
         <size>0x184</size>
         <input_file_ref idref="fl-4"/>
      </object_component>
      <object_component id="oc-5a4">
         <name>.debug_info</name>
         <load_address>0x4431</load_address>
         <run_address>0x4431</run_address>
         <size>0x203</size>
         <input_file_ref idref="fl-4"/>
      </object_component>
      <object_component id="oc-597">
         <name>.debug_info</name>
         <load_address>0x4634</load_address>
         <run_address>0x4634</run_address>
         <size>0x1bd</size>
         <input_file_ref idref="fl-4"/>
      </object_component>
      <object_component id="oc-59c">
         <name>.debug_info</name>
         <load_address>0x47f1</load_address>
         <run_address>0x47f1</run_address>
         <size>0x17c</size>
         <input_file_ref idref="fl-4"/>
      </object_component>
      <object_component id="oc-60c">
         <name>.debug_info</name>
         <load_address>0x496d</load_address>
         <run_address>0x496d</run_address>
         <size>0x46c</size>
         <input_file_ref idref="fl-5"/>
      </object_component>
      <object_component id="oc-608">
         <name>.debug_info</name>
         <load_address>0x4dd9</load_address>
         <run_address>0x4dd9</run_address>
         <size>0x133</size>
         <input_file_ref idref="fl-5"/>
      </object_component>
      <object_component id="oc-56d">
         <name>.debug_info</name>
         <load_address>0x4f0c</load_address>
         <run_address>0x4f0c</run_address>
         <size>0x153</size>
         <input_file_ref idref="fl-5"/>
      </object_component>
      <object_component id="oc-481">
         <name>.debug_info</name>
         <load_address>0x505f</load_address>
         <run_address>0x505f</run_address>
         <size>0x8b</size>
         <input_file_ref idref="fl-5"/>
      </object_component>
      <object_component id="oc-424">
         <name>.debug_info</name>
         <load_address>0x50ea</load_address>
         <run_address>0x50ea</run_address>
         <size>0x2c</size>
         <input_file_ref idref="fl-5"/>
      </object_component>
      <object_component id="oc-5b9">
         <name>.debug_info</name>
         <load_address>0x5116</load_address>
         <run_address>0x5116</run_address>
         <size>0x209</size>
         <input_file_ref idref="fl-6"/>
      </object_component>
      <object_component id="oc-507">
         <name>.debug_info</name>
         <load_address>0x531f</load_address>
         <run_address>0x531f</run_address>
         <size>0x18a</size>
         <input_file_ref idref="fl-6"/>
      </object_component>
      <object_component id="oc-586">
         <name>.debug_info</name>
         <load_address>0x54a9</load_address>
         <run_address>0x54a9</run_address>
         <size>0x1ee</size>
         <input_file_ref idref="fl-6"/>
      </object_component>
      <object_component id="oc-580">
         <name>.debug_info</name>
         <load_address>0x5697</load_address>
         <run_address>0x5697</run_address>
         <size>0x1ec</size>
         <input_file_ref idref="fl-6"/>
      </object_component>
      <object_component id="oc-42e">
         <name>.debug_info</name>
         <load_address>0x5883</load_address>
         <run_address>0x5883</run_address>
         <size>0x10a</size>
         <input_file_ref idref="fl-7"/>
      </object_component>
      <object_component id="oc-511">
         <name>.debug_info</name>
         <load_address>0x598d</load_address>
         <run_address>0x598d</run_address>
         <size>0x10c</size>
         <input_file_ref idref="fl-7"/>
      </object_component>
      <object_component id="oc-434">
         <name>.debug_info</name>
         <load_address>0x5a99</load_address>
         <run_address>0x5a99</run_address>
         <size>0x156</size>
         <input_file_ref idref="fl-7"/>
      </object_component>
      <object_component id="oc-43e">
         <name>.debug_info</name>
         <load_address>0x5bef</load_address>
         <run_address>0x5bef</run_address>
         <size>0x158</size>
         <input_file_ref idref="fl-7"/>
      </object_component>
      <object_component id="oc-671">
         <name>.debug_info</name>
         <load_address>0x5d47</load_address>
         <run_address>0x5d47</run_address>
         <size>0x1bb</size>
         <input_file_ref idref="fl-8"/>
      </object_component>
      <object_component id="oc-63e">
         <name>.debug_info</name>
         <load_address>0x5f02</load_address>
         <run_address>0x5f02</run_address>
         <size>0x2f2</size>
         <input_file_ref idref="fl-a"/>
      </object_component>
      <object_component id="oc-50d">
         <name>.debug_info</name>
         <load_address>0x61f4</load_address>
         <run_address>0x61f4</run_address>
         <size>0x165</size>
         <input_file_ref idref="fl-a"/>
      </object_component>
      <object_component id="oc-4b9">
         <name>.debug_info</name>
         <load_address>0x6359</load_address>
         <run_address>0x6359</run_address>
         <size>0x189</size>
         <input_file_ref idref="fl-a"/>
      </object_component>
      <object_component id="oc-638">
         <name>.debug_info</name>
         <load_address>0x64e2</load_address>
         <run_address>0x64e2</run_address>
         <size>0x1c1</size>
         <input_file_ref idref="fl-a"/>
      </object_component>
      <object_component id="oc-5b3">
         <name>.debug_info</name>
         <load_address>0x66a3</load_address>
         <run_address>0x66a3</run_address>
         <size>0x222</size>
         <input_file_ref idref="fl-a"/>
      </object_component>
      <object_component id="oc-622">
         <name>.debug_info</name>
         <load_address>0x68c5</load_address>
         <run_address>0x68c5</run_address>
         <size>0x24f</size>
         <input_file_ref idref="fl-a"/>
      </object_component>
      <object_component id="oc-516">
         <name>.debug_info</name>
         <load_address>0x6b14</load_address>
         <run_address>0x6b14</run_address>
         <size>0x67c</size>
         <input_file_ref idref="fl-b"/>
      </object_component>
      <object_component id="oc-45e">
         <name>.debug_info</name>
         <load_address>0x7190</load_address>
         <run_address>0x7190</run_address>
         <size>0x38e</size>
         <input_file_ref idref="fl-b"/>
      </object_component>
      <object_component id="oc-3d4">
         <name>.debug_info</name>
         <load_address>0x751e</load_address>
         <run_address>0x751e</run_address>
         <size>0x12a</size>
         <input_file_ref idref="fl-b"/>
      </object_component>
      <object_component id="oc-421">
         <name>.debug_info</name>
         <load_address>0x7648</load_address>
         <run_address>0x7648</run_address>
         <size>0x17b</size>
         <input_file_ref idref="fl-32"/>
      </object_component>
      <object_component id="oc-78">
[...]
         <object_component_ref idref="oc-82"/>
      </symbol>
      <symbol id="sm-5f5">
         <name>__TI_ISR_TRAP</name>
         <value>0x4534</value>
         <object_component_ref idref="oc-3cd"/>
      </symbol>
      <symbol id="sm-5f8">
         <name>__TI_int31</name>
         <value>0xffce</value>
         <object_component_ref idref="oc-83"/>
      </symbol>
      <symbol id="sm-5fb">
         <name>__TI_int32</name>
         <value>0xffd0</value>
         <object_component_ref idref="oc-84"/>
      </symbol>
      <symbol id="sm-5fe">
         <name>__TI_int33</name>
         <value>0xffd2</value>
         <object_component_ref idref="oc-85"/>
      </symbol>
      <symbol id="sm-601">
         <name>__TI_int34</name>
         <value>0xffd4</value>
         <object_component_ref idref="oc-86"/>
      </symbol>
      <symbol id="sm-604">
         <name>__TI_int35</name>
         <value>0xffd6</value>
         <object_component_ref idref="oc-87"/>
      </symbol>
      <symbol id="sm-607">
         <name>__TI_int36</name>
         <value>0xffd8</value>
         <object_component_ref idref="oc-88"/>
      </symbol>
      <symbol id="sm-60a">
         <name>__TI_int37</name>
         <value>0xffda</value>
         <object_component_ref idref="oc-89"/>
      </symbol>
      <symbol id="sm-60d">
         <name>__TI_int38</name>
         <value>0xffdc</value>
         <object_component_ref idref="oc-8a"/>
      </symbol>
      <symbol id="sm-610">
         <name>__TI_int39</name>
         <value>0xffde</value>
         <object_component_ref idref="oc-8b"/>
      </symbol>
      <symbol id="sm-613">
         <name>__TI_int40</name>
         <value>0xffe0</value>
         <object_component_ref idref="oc-8c"/>
      </symbol>
      <symbol id="sm-616">
         <name>__TI_int41</name>
         <value>0xffe2</value>
         <object_component_ref idref="oc-8d"/>
      </symbol>
      <symbol id="sm-619">
         <name>__TI_int42</name>
         <value>0xffe4</value>
         <object_component_ref idref="oc-8e"/>
      </symbol>
      <symbol id="sm-61c">
         <name>__TI_int43</name>
         <value>0xffe6</value>
         <object_component_ref idref="oc-8f"/>
      </symbol>
      <symbol id="sm-61f">
         <name>__TI_int44</name>
         <value>0xffe8</value>
         <object_component_ref idref="oc-90"/>
      </symbol>
      <symbol id="sm-622">
         <name>__TI_int46</name>
         <value>0xffec</value>
         <object_component_ref idref="oc-92"/>
      </symbol>
      <symbol id="sm-625">
         <name>__TI_int48</name>
         <value>0xfff0</value>
         <object_component_ref idref="oc-94"/>
      </symbol>
      <symbol id="sm-628">
         <name>__TI_int49</name>
         <value>0xfff2</value>
         <object_component_ref idref="oc-95"/>
      </symbol>
      <symbol id="sm-62b">
         <name>__TI_int50</name>
         <value>0xfff4</value>
         <object_component_ref idref="oc-96"/>
      </symbol>
      <symbol id="sm-62e">
         <name>__TI_int51</name>
         <value>0xfff6</value>
         <object_component_ref idref="oc-97"/>
      </symbol>
      <symbol id="sm-631">
         <name>__TI_int52</name>
         <value>0xfff8</value>
         <object_component_ref idref="oc-98"/>
      </symbol>
      <symbol id="sm-634">
         <name>__TI_int53</name>
         <value>0xfffa</value>
         <object_component_ref idref="oc-99"/>
      </symbol>
      <symbol id="sm-637">
         <name>__TI_int54</name>
         <value>0xfffc</value>
         <object_component_ref idref="oc-9a"/>
      </symbol>
      <symbol id="sm-645">
         <name>__mspabi_remli</name>
         <value>0x4c22</value>
         <object_component_ref idref="oc-878"/>
      </symbol>
      <symbol id="sm-646">
         <name>__mspabi_divli</name>
         <value>0x4c22</value>
         <object_component_ref idref="oc-878"/>
      </symbol>
      <symbol id="sm-650">
         <name>__mspabi_remu</name>
         <value>0x513a</value>
         <object_component_ref idref="oc-737"/>
      </symbol>
      <symbol id="sm-651">
         <name>__mspabi_divu</name>
         <value>0x513a</value>
         <object_component_ref idref="oc-737"/>
      </symbol>
      <symbol id="sm-65f">
         <name>__mspabi_remul</name>
         <value>0x488c</value>
         <object_component_ref idref="oc-7ab"/>
      </symbol>
      <symbol id="sm-660">
         <name>__mspabi_divul</name>
         <value>0x488c</value>
         <object_component_ref idref="oc-7ab"/>
      </symbol>
      <symbol id="sm-66a">
         <name>__mspabi_mpyi_f5hw</name>
         <value>0x50f6</value>
         <object_component_ref idref="oc-662"/>
      </symbol>
      <symbol id="sm-672">
         <name>__mspabi_mpyl_f5hw</name>
         <value>0x501e</value>
         <object_component_ref idref="oc-89c"/>
      </symbol>
      <symbol id="sm-67a">
         <name>__mspabi_mpyll_f5hw</name>
         <value>0x47d8</value>
         <object_component_ref idref="oc-88f"/>
      </symbol>
      <symbol id="sm-683">
         <name>__mspabi_mpyull_f5hw</name>
         <value>0x4f00</value>
         <object_component_ref idref="oc-894"/>
      </symbol>
      <symbol id="sm-694">
         <name>_c_int00_noargs_mpu</name>
         <value>0x44fe</value>
         <object_component_ref idref="oc-408"/>
      </symbol>
      <symbol id="sm-695">
         <name>_stack</name>
         <value>0x2360</value>
         <object_component_ref idref="oc-3b1"/>
      </symbol>
      <symbol id="sm-696">
         <name>_reset_vector</name>
         <value>0xfffe</value>
         <object_component_ref idref="oc-3b4"/>
      </symbol>
      <symbol id="sm-69f">
         <name>__mpu_init</name>
         <value>0x4ed4</value>
         <object_component_ref idref="oc-46e"/>
      </symbol>
      <symbol id="sm-6c3">
         <name>__TI_auto_init_nobinit_nopinit_hold_wdt</name>
         <value>0x493a</value>
         <object_component_ref idref="oc-53b"/>
      </symbol>
      <symbol id="sm-6cc">
         <name>_system_post_cinit</name>
         <value>0x13ff6</value>
         <object_component_ref idref="oc-5d5"/>
      </symbol>
      <symbol id="sm-6d5">
         <name>_system_pre_init</name>
         <value>0x5248</value>
         <object_component_ref idref="oc-456"/>
      </symbol>
      <symbol id="sm-6e1">
         <name>C$$EXIT</name>
         <value>0x5242</value>
         <object_component_ref idref="oc-517"/>
      </symbol>
      <symbol id="sm-6e2">
         <name>abort</name>
         <value>0x5242</value>
         <object_component_ref idref="oc-517"/>
      </symbol>
      <symbol id="sm-6f2">
         <name>memcpy</name>
         <value>0x517a</value>
         <object_component_ref idref="oc-3c0"/>
      </symbol>
      <symbol id="sm-700">
         <name>memset</name>
         <value>0x5124</value>
         <object_component_ref idref="oc-49d"/>
      </symbol>
      <symbol id="sm-721">
         <name>sprintf</name>
         <value>0x4b5e</value>
         <object_component_ref idref="oc-573"/>
      </symbol>
      <symbol id="sm-8f0">
         <name>__TI_printfi</name>
         <value>0x118ac</value>
         <object_component_ref idref="oc-68c"/>
      </symbol>
      <symbol id="sm-8ff">
         <name>__TI_ltoa</name>
         <value>0x13e66</value>
         <object_component_ref idref="oc-821"/>
      </symbol>
      <symbol id="sm-91e">
         <name>__mspabi_cmpd</name>
         <value>0x13876</value>
         <object_component_ref idref="oc-790"/>
      </symbol>
      <symbol id="sm-93f">
         <name>__mspabi_divd</name>
         <value>0x124ea</value>
         <object_component_ref idref="oc-7e9"/>
      </symbol>
      <symbol id="sm-95a">
         <name>__TI_frcdivd</name>
         <value>0x110f6</value>
         <object_component_ref idref="oc-84c"/>
      </symbol>
      <symbol id="sm-98d">
         <name>__mspabi_divull</name>
         <value>0x1155e</value>
         <object_component_ref idref="oc-7a5"/>
      </symbol>
      <symbol id="sm-99a">
         <name>__mspabi_fixdi</name>
         <value>0x4f82</value>
         <object_component_ref idref="oc-833"/>
      </symbol>
      <symbol id="sm-9a9">
         <name>__mspabi_fixdli</name>
         <value>0x4710</value>
         <object_component_ref idref="oc-81b"/>
      </symbol>
      <symbol id="sm-9b2">
         <name>__mspabi_fltid</name>
         <value>0x5220</value>
         <object_component_ref idref="oc-867"/>
      </symbol>
      <symbol id="sm-9ca">
         <name>__mspabi_fltlid</name>
         <value>0x13ca8</value>
         <object_component_ref idref="oc-827"/>
      </symbol>
      <symbol id="sm-9ef">
         <name>__mspabi_mpyd</name>
         <value>0x11b52</value>
         <object_component_ref idref="oc-7e3"/>
      </symbol>
      <symbol id="sm-9fa">
         <name>__TI_frcmpyd</name>
         <value>0x13162</value>
         <object_component_ref idref="oc-844"/>
      </symbol>
      <symbol id="sm-a07">
         <name>__mspabi_negd</name>
         <value>0x4e78</value>
         <object_component_ref idref="oc-772"/>
      </symbol>
      <symbol id="sm-a0f">
         <name>__mspabi_slll_9</name>
         <value>0x4cf8</value>
         <object_component_ref idref="oc-872"/>
      </symbol>
      <symbol id="sm-a10">
         <name>__mspabi_slll_8</name>
         <value>0x4cfc</value>
         <object_component_ref idref="oc-872"/>
      </symbol>
      <symbol id="sm-a11">
         <name>__mspabi_slll_7</name>
         <value>0x4d00</value>
         <object_component_ref idref="oc-872"/>
      </symbol>
      <symbol id="sm-a12">
         <name>__mspabi_slll_6</name>
         <value>0x4d04</value>
         <object_component_ref idref="oc-872"/>
      </symbol>
      <symbol id="sm-a13">
         <name>__mspabi_slll_5</name>
         <value>0x4d08</value>
         <object_component_ref idref="oc-872"/>
      </symbol>
      <symbol id="sm-a14">
         <name>__mspabi_slll_4</name>
         <value>0x4d0c</value>
         <object_component_ref idref="oc-872"/>
      </symbol>
      <symbol id="sm-a15">
         <name>__mspabi_slll_3</name>
         <value>0x4d10</value>
         <object_component_ref idref="oc-872"/>
      </symbol>
      <symbol id="sm-a16">
         <name>__mspabi_slll_2</name>
         <value>0x4d14</value>
         <object_component_ref idref="oc-872"/>
      </symbol>
      <symbol id="sm-a17">
         <name>__mspabi_slll_1</name>
         <value>0x4d18</value>
         <object_component_ref idref="oc-872"/>
      </symbol>
      <symbol id="sm-a18">
         <name>__mspabi_slll_15</name>
         <value>0x4ce0</value>
         <object_component_ref idref="oc-872"/>
      </symbol>
      <symbol id="sm-a19">
         <name>__mspabi_slll_14</name>
         <value>0x4ce4</value>
         <object_component_ref idref="oc-872"/>
      </symbol>
      <symbol id="sm-a1a">
         <name>__mspabi_slll_13</name>
         <value>0x4ce8</value>
         <object_component_ref idref="oc-872"/>
      </symbol>
      <symbol id="sm-a1b">
         <name>__mspabi_slll_12</name>
         <value>0x4cec</value>
         <object_component_ref idref="oc-872"/>
      </symbol>
      <symbol id="sm-a1c">
         <name>__mspabi_slll_11</name>
         <value>0x4cf0</value>
         <object_component_ref idref="oc-872"/>
      </symbol>
      <symbol id="sm-a1d">
         <name>__mspabi_slll_10</name>
         <value>0x4cf4</value>
         <object_component_ref idref="oc-872"/>
      </symbol>
      <symbol id="sm-a2a">
         <name>__mspabi_sllll</name>
         <value>0x4dd2</value>
         <object_component_ref idref="oc-80a"/>
      </symbol>
      <symbol id="sm-a32">
         <name>__mspabi_sral_15</name>
         <value>0x4ca2</value>
         <object_component_ref idref="oc-8a1"/>
      </symbol>
      <symbol id="sm-a33">
         <name>__mspabi_sral_14</name>
         <value>0x4ca6</value>
         <object_component_ref idref="oc-8a1"/>
      </symbol>
      <symbol id="sm-a34">
         <name>__mspabi_sral_13</name>
         <value>0x4caa</value>
         <object_component_ref idref="oc-8a1"/>
      </symbol>
      <symbol id="sm-a35">
         <name>__mspabi_sral_12</name>
         <value>0x4cae</value>
         <object_component_ref idref="oc-8a1"/>
      </symbol>
      <symbol id="sm-a36">
         <name>__mspabi_sral_11</name>
         <value>0x4cb2</value>
         <object_component_ref idref="oc-8a1"/>
      </symbol>
      <symbol id="sm-a37">
         <name>__mspabi_sral_10</name>
         <value>0x4cb6</value>
         <object_component_ref idref="oc-8a1"/>
      </symbol>
      <symbol id="sm-a38">
         <name>__mspabi_sral_8</name>
         <value>0x4cbe</value>
         <object_component_ref idref="oc-8a1"/>
      </symbol>
      <symbol id="sm-a39">
         <name>__mspabi_sral_9</name>
         <value>0x4cba</value>
         <object_component_ref idref="oc-8a1"/>
      </symbol>
      <symbol id="sm-a3a">
         <name>__mspabi_sral_6</name>
         <value>0x4cc6</value>
         <object_component_ref idref="oc-8a1"/>
      </symbol>
      <symbol id="sm-a3b">
         <name>__mspabi_sral_7</name>
         <value>0x4cc2</value>
         <object_component_ref idref="oc-8a1"/>
      </symbol>
      <symbol id="sm-a3c">
         <name>__mspabi_sral_4</name>
         <value>0x4cce</value>
         <object_component_ref idref="oc-8a1"/>
      </symbol>
      <symbol id="sm-a3d">
         <name>__mspabi_sral_5</name>
         <value>0x4cca</value>
         <object_component_ref idref="oc-8a1"/>
      </symbol>
      <symbol id="sm-a3e">
         <name>__mspabi_sral_2</name>
         <value>0x4cd6</value>
         <object_component_ref idref="oc-8a1"/>
      </symbol>
      <symbol id="sm-a3f">
         <name>__mspabi_sral_3</name>
         <value>0x4cd2</value>
         <object_component_ref idref="oc-8a1"/>
      </symbol>
      <symbol id="sm-a40">
         <name>__mspabi_sral_1</name>
         <value>0x4cda</value>
         <object_component_ref idref="oc-8a1"/>
      </symbol>
      <symbol id="sm-a50">
         <name>__mspabi_srll_8</name>
         <value>0x4d3a</value>
         <object_component_ref idref="oc-87f"/>
      </symbol>
      <symbol id="sm-a51">
         <name>__mspabi_srll_9</name>
         <value>0x4d36</value>
         <object_component_ref idref="oc-87f"/>
      </symbol>
      <symbol id="sm-a52">
         <name>__mspabi_srll_6</name>
         <value>0x4d42</value>
         <object_component_ref idref="oc-87f"/>
      </symbol>
      <symbol id="sm-a53">
         <name>__mspabi_srll_7</name>
         <value>0x4d3e</value>
         <object_component_ref idref="oc-87f"/>
      </symbol>
      <symbol id="sm-a54">
         <name>__mspabi_srll_4</name>
         <value>0x4d4a</value>
         <object_component_ref idref="oc-87f"/>
      </symbol>
      <symbol id="sm-a55">
         <name>__mspabi_srll_5</name>
         <value>0x4d46</value>
         <object_component_ref idref="oc-87f"/>
      </symbol>
      <symbol id="sm-a56">
         <name>__mspabi_srll_2</name>
         <value>0x4d52</value>
         <object_component_ref idref="oc-87f"/>
      </symbol>
      <symbol id="sm-a57">
         <name>__mspabi_srll_3</name>
         <value>0x4d4e</value>
         <object_component_ref idref="oc-87f"/>
      </symbol>
      <symbol id="sm-a58">
         <name>__mspabi_srll_1</name>
         <value>0x4d56</value>
         <object_component_ref idref="oc-87f"/>
      </symbol>
      <symbol id="sm-a59">
         <name>__mspabi_srll_15</name>
         <value>0x4d1e</value>
         <object_component_ref idref="oc-87f"/>
      </symbol>
      <symbol id="sm-a5a">
         <name>__mspabi_srll_14</name>
         <value>0x4d22</value>
         <object_component_ref idref="oc-87f"/>
      </symbol>
      <symbol id="sm-a5b">
         <name>__mspabi_srll_13</name>
         <value>0x4d26</value>
         <object_component_ref idref="oc-87f"/>
      </symbol>
      <symbol id="sm-a5c">
         <name>__mspabi_srll_12</name>
         <value>0x4d2a</value>
         <object_component_ref idref="oc-87f"/>
      </symbol>
      <symbol id="sm-a5d">
         <name>__mspabi_srll_11</name>
         <value>0x4d2e</value>
         <object_component_ref idref="oc-87f"/>
      </symbol>
      <symbol id="sm-a5e">
         <name>__mspabi_srll_10</name>
         <value>0x4d32</value>
         <object_component_ref idref="oc-87f"/>
      </symbol>
      <symbol id="sm-a5f">
         <name>__mspabi_srll</name>
         <value>0x5202</value>
         <object_component_ref idref="oc-810"/>
      </symbol>
      <symbol id="sm-a6c">
         <name>__mspabi_srlll</name>
         <value>0x4e0c</value>
         <object_component_ref idref="oc-7b0"/>
      </symbol>
      <symbol id="sm-a75">
         <name>__mspabi_subd</name>
         <value>0x4e46</value>
         <object_component_ref idref="oc-82d"/>
      </symbol>
      <symbol id="sm-aaf">
         <name>__mspabi_addd</name>
         <value>0x109cc</value>
         <object_component_ref idref="oc-886"/>
      </symbol>
      <symbol id="sm-abc">
         <name>__mspabi_srall</name>
         <value>0x4be2</value>
         <object_component_ref idref="oc-8c3"/>
      </symbol>
      <symbol id="sm-ac6">
         <name>abs</name>
         <value>0x5238</value>
         <object_component_ref idref="oc-83a"/>
      </symbol>
      <symbol id="sm-ad9">
         <name>atoi</name>
         <value>0x4776</value>
         <object_component_ref idref="oc-70e"/>
      </symbol>
      <symbol id="sm-ae3">
         <name>_ctypes_</name>
         <value>0x5514</value>
         <object_component_ref idref="oc-744"/>
      </symbol>
      <symbol id="sm-aea">
         <name>errno</name>
         <value>0x1d30</value>
         <object_component_ref idref="oc-723"/>
      </symbol>
      <symbol id="sm-b06">
         <name>frexpl</name>
         <value>0x13b64</value>
         <object_component_ref idref="oc-7f0"/>
      </symbol>
      <symbol id="sm-b07">
         <name>frexp</name>
         <value>0x13b64</value>
         <object_component_ref idref="oc-7f0"/>
      </symbol>
      <symbol id="sm-b20">
         <name>scalbn</name>
         <value>0x132c6</value>
         <object_component_ref idref="oc-85b"/>
      </symbol>
      <symbol id="sm-b21">
         <name>scalbnl</name>
         <value>0x132c6</value>
         <object_component_ref idref="oc-85b"/>
      </symbol>
      <symbol id="sm-b22">
         <name>ldexpl</name>
         <value>0x132c6</value>
         <object_component_ref idref="oc-85b"/>
      </symbol>
      <symbol id="sm-b23">
         <name>ldexp</name>
         <value>0x132c6</value>
         <object_component_ref idref="oc-85b"/>
      </symbol>
      <symbol id="sm-b2c">
         <name>copysign</name>
         <value>0x4ea6</value>
         <object_component_ref idref="oc-8b1"/>
      </symbol>
      <symbol id="sm-b2d">
         <name>copysignl</name>
         <value>0x4ea6</value>
         <object_component_ref idref="oc-8b1"/>
      </symbol>
      <symbol id="sm-b3c">
         <name>memccpy</name>
         <value>0x4ff8</value>
         <object_component_ref idref="oc-6fa"/>
      </symbol>
      <symbol id="sm-b4b">
         <name>strchr</name>
         <value>0x50c2</value>
         <object_component_ref idref="oc-861"/>
      </symbol>
      <symbol id="sm-b58">
         <name>strlen</name>
         <value>0x5212</value>
         <object_component_ref idref="oc-5ff"/>
      </symbol>
      <symbol id="sm-b65">
         <name>toupper</name>
         <value>0x51a0</value>
         <object_component_ref idref="oc-76c"/>
      </symbol>
      <symbol id="sm-b7d">
         <name>wcslen</name>
         <value>0x5150</value>
         <object_component_ref idref="oc-71d"/>
      </symbol>
   </symbol_table>
   <title>Link successful</title>
</link_info>
